Creating test database for alias 'default' ('test_eya_questionnaire')...
Found 556 test(s).
Operations to perform:
  Synchronize unmigrated apps: crispy_bootstrap5, crispy_forms, django_cleanup, django_filters, messages, staticfiles
  Apply all migrations: accounts, admin, assessment, audit, auth, contenttypes, sessions, share
Synchronizing apps without migrations:
  Creating tables...
    Running deferred SQL...
Running migrations:
  Applying contenttypes.0001_initial... OK
  Applying auth.0001_initial... OK
  Applying accounts.0001_initial... OK
  Applying accounts.0002_extend_organization_fields... OK
  Applying accounts.0003_add_participation_request... OK
  Applying accounts.0004_add_must_change_password... OK
  Applying accounts.0005_userprofile_phone_number... OK
  Applying accounts.0006_add_position_and_informal_sector... OK
  Applying accounts.0007_org_type_subtype... OK
  Applying accounts.0008_emaillog... OK
  Applying accounts.0009_alter_userprofile_role... OK
  Applying accounts.0010_judges_and_org_workflow... OK
  Applying accounts.0011_alter_userprofile_role... OK
  Applying accounts.0012_secretariat_role_label... OK
  Applying accounts.0013_alter_organization_requires_judging... OK
  Applying accounts.0014_assessment_profile... OK
  Applying admin.0001_initial... OK
  Applying admin.0002_logentry_remove_auto_add... OK
  Applying admin.0003_logentry_add_action_flag_choices... OK
  Applying assessment.0001_initial... OK
  Applying assessment.0002_evidenceupload_file_size... OK
  Applying assessment.0003_library_models... OK
  Applying assessment.0004_backfill_library... OK
  Applying assessment.0005_remove_evidenceupload... OK
  Applying assessment.0006_evidencedocument... OK
  Applying assessment.0007_questionnaire_distributed_at_and_more... OK
  Applying assessment.0008_numeric_criterion_fields... OK
  Applying assessment.0009_assessmentcategory_is_informal_sector_only... OK
  Applying assessment.0010_judging_workflow... OK
  Applying assessment.0011_questionnaire_judging_comments... OK
  Applying assessment.0012_judge_responses... OK
  Applying assessment.0013_stage_submission... OK
  Applying assessment.0014_judge_excel_attachment... OK
  Applying assessment.0015_rename_assessment_judge_questio_8c1f1f_idx_assessment__questio_dae775_idx_and_more... OK
  Applying assessment.0016_dse_workbook_format... OK
  Applying assessment.0017_reusable_questionnaire_templates... OK
  Applying audit.0001_initial... OK
  Applying audit.0002_add_auditlog_indexes... OK
  Applying audit.0003_alter_auditlog_action... OK
  Applying audit.0004_add_request_reopened_action... OK
  Applying audit.0005_alter_auditlog_action... OK
  Applying audit.0006_add_sharelink_actions... OK
  Applying audit.0007_add_email_resent_action... OK
  Applying contenttypes.0002_remove_content_type_name... OK
  Applying auth.0002_alter_permission_name_max_length... OK
  Applying auth.0003_alter_user_email_max_length... OK
  Applying auth.0004_alter_user_username_opts... OK
  Applying auth.0005_alter_user_last_login_null... OK
  Applying auth.0006_require_contenttypes_0002... OK
  Applying auth.0007_alter_validators_add_error_messages... OK
  Applying auth.0008_alter_user_username_max_length... OK
  Applying auth.0009_alter_user_last_name_max_length... OK
  Applying auth.0010_alter_group_name_max_length... OK
  Applying auth.0011_update_proxy_permissions... OK
  Applying auth.0012_alter_user_first_name_max_length... OK
  Applying sessions.0001_initial... OK
  Applying share.0001_initial... OK
System check identified no issues (0 silenced).
test_user_create_form_saves_phone_number (accounts.tests.AdminFormsPhoneNumberTests.test_user_create_form_saves_phone_number) ... ok
test_user_edit_form_initial_loads_phone (accounts.tests.AdminFormsPhoneNumberTests.test_user_edit_form_initial_loads_phone) ... ok
test_user_edit_form_saves_phone_number (accounts.tests.AdminFormsPhoneNumberTests.test_user_edit_form_saves_phone_number) ... ok
test_email_sent_to_admin_role_users (accounts.tests.AdminRequestNotificationTest.test_email_sent_to_admin_role_users) ... ok
test_honeypot_submission_sends_no_email (accounts.tests.AdminRequestNotificationTest.test_honeypot_submission_sends_no_email) ... ok
test_no_recipients_sends_nothing (accounts.tests.AdminRequestNotificationTest.test_no_recipients_sends_nothing) ... ok
test_override_replaces_admin_role_recipients (accounts.tests.AdminRequestNotificationTest.test_override_replaces_admin_role_recipients) ... ok
test_subject_and_body_contain_org_and_link (accounts.tests.AdminRequestNotificationTest.test_subject_and_body_contain_org_and_link) ... ok
test_submission_succeeds_when_mail_backend_raises (accounts.tests.AdminRequestNotificationTest.test_submission_succeeds_when_mail_backend_raises) ... Failed to send new-request notification for request 5
Traceback (most recent call last):
  File "/app/accounts/views.py", line 293, in participation_request_view
    send_new_request_notification(pr)
  File "/usr/local/lib/python3.12/unittest/mock.py", line 1139, in __call__
    return self._mock_call(*args, **kwargs)
           ^^^^^^^^^^^^^^^^^^^^^^^^^^^^^^^^
  File "/usr/local/lib/python3.12/unittest/mock.py", line 1143, in _mock_call
    return self._execute_mock_call(*args, **kwargs)
           ^^^^^^^^^^^^^^^^^^^^^^^^^^^^^^^^^^^^^^^^
  File "/usr/local/lib/python3.12/unittest/mock.py", line 1198, in _execute_mock_call
    raise effect
Exception: smtp down
ok
test_user_edited_action_is_valid_choice (accounts.tests.AuditLogUserEditedActionTests.test_user_edited_action_is_valid_choice) ... ok
test_forced_context_false_when_voluntary (accounts.tests.ChangePasswordMessagingTests.test_forced_context_false_when_voluntary) ... ok
test_forced_context_true_when_must_change (accounts.tests.ChangePasswordMessagingTests.test_forced_context_true_when_must_change) ... ok
test_accepts_valid_password (accounts.tests.ComplexPasswordValidatorTest.test_accepts_valid_password) ... ok
test_help_text_mentions_uppercase_and_special (accounts.tests.ComplexPasswordValidatorTest.test_help_text_mentions_uppercase_and_special) ... ok
test_rejects_no_special_char (accounts.tests.ComplexPasswordValidatorTest.test_rejects_no_special_char) ... ok
test_rejects_no_uppercase (accounts.tests.ComplexPasswordValidatorTest.test_rejects_no_uppercase) ... ok
test_rejects_only_letters_and_digits (accounts.tests.ComplexPasswordValidatorTest.test_rejects_only_letters_and_digits) ... ok
test_approved_request_blocks_resubmission (accounts.tests.EmailDuplicateCheckTest.test_approved_request_blocks_resubmission) ... ok
test_existing_user_blocks_submission (accounts.tests.EmailDuplicateCheckTest.test_existing_user_blocks_submission) ... ok
test_fresh_email_allows_submission (accounts.tests.EmailDuplicateCheckTest.test_fresh_email_allows_submission) ... ok
test_pending_request_blocks_resubmission (accounts.tests.EmailDuplicateCheckTest.test_pending_request_blocks_resubmission) ... ok
test_rejected_request_allows_resubmission (accounts.tests.EmailDuplicateCheckTest.test_rejected_request_allows_resubmission) ... ok
test_create_failed_log_keeps_error (accounts.tests.EmailLogModelTest.test_create_failed_log_keeps_error) ... ok
test_create_sent_log (accounts.tests.EmailLogModelTest.test_create_sent_log) ... ok
test_fks_survive_user_deletion (accounts.tests.EmailLogModelTest.test_fks_survive_user_deletion) ... ok
test_ordering_is_newest_first (accounts.tests.EmailLogModelTest.test_ordering_is_newest_first) ... ok
test_date_filters (accounts.tests.EmailLogViewTest.test_date_filters) ... ok
test_empty_state (accounts.tests.EmailLogViewTest.test_empty_state) ... ok
test_kind_filter (accounts.tests.EmailLogViewTest.test_kind_filter) ... ok
test_lists_all_rows_for_admin (accounts.tests.EmailLogViewTest.test_lists_all_rows_for_admin) ... ok
test_malformed_date_does_not_crash (accounts.tests.EmailLogViewTest.test_malformed_date_does_not_crash) ... ok
test_requires_admin (accounts.tests.EmailLogViewTest.test_requires_admin) ... ok
test_requires_login (accounts.tests.EmailLogViewTest.test_requires_login) ... ok
test_status_filter (accounts.tests.EmailLogViewTest.test_status_filter) ... ok
test_change_password_page_loads (accounts.tests.FirstLoginPasswordChangeViewTest.test_change_password_page_loads) ... ok
test_valid_change_clears_flag_and_redirects (accounts.tests.FirstLoginPasswordChangeViewTest.test_valid_change_clears_flag_and_redirects) ... ok
test_wrong_old_password_keeps_flag (accounts.tests.FirstLoginPasswordChangeViewTest.test_wrong_old_password_keeps_flag) ... ok
test_blocks_after_too_many_failures (accounts.tests.LoginThrottleTest.test_blocks_after_too_many_failures) ... ok
test_successful_login_resets_counter (accounts.tests.LoginThrottleTest.test_successful_login_resets_counter) ... ok
test_error_message_has_danger_tag (accounts.tests.MessageTagTest.test_error_message_has_danger_tag) ... ok
test_can_be_set_true (accounts.tests.MustChangePasswordFieldTest.test_can_be_set_true) ... ok
test_default_is_false (accounts.tests.MustChangePasswordFieldTest.test_default_is_false) ... ok
test_change_password_url_not_redirected (accounts.tests.MustChangePasswordMiddlewareTest.test_change_password_url_not_redirected) ... ok
test_flag_false_not_redirected (accounts.tests.MustChangePasswordMiddlewareTest.test_flag_false_not_redirected) ... ok
test_flag_true_redirects_to_change_password (accounts.tests.MustChangePasswordMiddlewareTest.test_flag_true_redirects_to_change_password) ... ok
test_logout_url_not_redirected (accounts.tests.MustChangePasswordMiddlewareTest.test_logout_url_not_redirected) ... ok
test_password_reset_url_not_redirected (accounts.tests.MustChangePasswordMiddlewareTest.test_password_reset_url_not_redirected) ... ok
test_unauthenticated_not_redirected_to_change_password (accounts.tests.MustChangePasswordMiddlewareTest.test_unauthenticated_not_redirected_to_change_password) ... ok
test_anonymous_user_no_context (accounts.tests.NavContextProcessorTests.test_anonymous_user_no_context) ... ok
test_pending_count_in_admin_context (accounts.tests.NavContextProcessorTests.test_pending_count_in_admin_context) ... ok
test_pending_count_zero_for_non_admin (accounts.tests.NavContextProcessorTests.test_pending_count_zero_for_non_admin) ... ok
test_informal_sector_no_subtype_accepted (accounts.tests.OrgFormSubtypeTest.test_informal_sector_no_subtype_accepted) ... ok
test_informal_sector_with_subtype_rejected (accounts.tests.OrgFormSubtypeTest.test_informal_sector_with_subtype_rejected) ... ok
test_invalid_subtype_for_type_rejected (accounts.tests.OrgFormSubtypeTest.test_invalid_subtype_for_type_rejected) ... ok
test_other_subtype_with_description_accepted (accounts.tests.OrgFormSubtypeTest.test_other_subtype_with_description_accepted) ... ok
test_other_subtype_without_description_rejected (accounts.tests.OrgFormSubtypeTest.test_other_subtype_without_description_rejected) ... ok
test_valid_type_and_subtype_accepted (accounts.tests.OrgFormSubtypeTest.test_valid_type_and_subtype_accepted) ... ok
test_search_empty_returns_all (accounts.tests.OrgListSearchTests.test_search_empty_returns_all) ... ok
test_search_filters_by_name (accounts.tests.OrgListSearchTests.test_search_filters_by_name) ... ok
test_get_org_subtype_display_blank_returns_empty (accounts.tests.OrgTypeSubtypeModelTest.test_get_org_subtype_display_blank_returns_empty) ... ok
test_get_org_subtype_display_other_no_description_returns_other (accounts.tests.OrgTypeSubtypeModelTest.test_get_org_subtype_display_other_no_description_returns_other) ... ok
test_get_org_subtype_display_other_returns_description (accounts.tests.OrgTypeSubtypeModelTest.test_get_org_subtype_display_other_returns_description) ... ok
test_get_org_subtype_display_returns_label (accounts.tests.OrgTypeSubtypeModelTest.test_get_org_subtype_display_returns_label) ... ok
test_org_fields_default_blank (accounts.tests.OrgTypeSubtypeModelTest.test_org_fields_default_blank) ... ok
test_pr_fields_default_blank (accounts.tests.OrgTypeSubtypeModelTest.test_pr_fields_default_blank) ... ok
test_pr_get_org_subtype_display (accounts.tests.OrgTypeSubtypeModelTest.test_pr_get_org_subtype_display) ... ok
test_existing_org_without_new_fields_is_valid (accounts.tests.OrganizationExtendedFieldsTest.test_existing_org_without_new_fields_is_valid) ... ok
test_organization_has_new_fields (accounts.tests.OrganizationExtendedFieldsTest.test_organization_has_new_fields) ... ok
test_org_member_property (accounts.tests.OrganizationModelTest.test_org_member_property) ... ok
test_org_verifiers_property (accounts.tests.OrganizationModelTest.test_org_verifiers_property) ... ok
test_verifier_assignment_unique (accounts.tests.OrganizationModelTest.test_verifier_assignment_unique) ... ok
test_verifiers_property_returns_list_of_users (accounts.tests.OrganizationModelTest.test_verifiers_property_returns_list_of_users) ... ok
test_verifiers_uses_prefetch_cache (accounts.tests.OrganizationModelTest.test_verifiers_uses_prefetch_cache) ... ok
test_org_list_returns_page_obj (accounts.tests.PaginationTest.test_org_list_returns_page_obj) ... ok
test_request_list_returns_page_obj (accounts.tests.PaginationTest.test_request_list_returns_page_obj) ... ok
test_user_list_returns_page_obj (accounts.tests.PaginationTest.test_user_list_returns_page_obj) ... ok
test_clean_submission_creates_request (accounts.tests.ParticipationHoneypotTest.test_clean_submission_creates_request) ... ok
test_filled_honeypot_is_silently_dropped (accounts.tests.ParticipationHoneypotTest.test_filled_honeypot_is_silently_dropped) ... ok
test_informal_sector_no_subtype_accepted (accounts.tests.ParticipationRequestFormSubtypeTest.test_informal_sector_no_subtype_accepted) ... ok
test_informal_sector_with_subtype_rejected (accounts.tests.ParticipationRequestFormSubtypeTest.test_informal_sector_with_subtype_rejected) ... ok
test_invalid_subtype_for_type_rejected (accounts.tests.ParticipationRequestFormSubtypeTest.test_invalid_subtype_for_type_rejected) ... ok
test_other_subtype_with_description_accepted (accounts.tests.ParticipationRequestFormSubtypeTest.test_other_subtype_with_description_accepted) ... ok
test_other_subtype_without_description_rejected (accounts.tests.ParticipationRequestFormSubtypeTest.test_other_subtype_without_description_rejected) ... ok
test_valid_type_and_subtype_accepted (accounts.tests.ParticipationRequestFormSubtypeTest.test_valid_type_and_subtype_accepted) ... ok
test_missing_email_is_invalid (accounts.tests.ParticipationRequestFormTest.test_missing_email_is_invalid) ... ok
test_save_creates_participation_request (accounts.tests.ParticipationRequestFormTest.test_save_creates_participation_request) ... ok
test_valid_form_is_valid (accounts.tests.ParticipationRequestFormTest.test_valid_form_is_valid) ... ok
test_create_participation_request (accounts.tests.ParticipationRequestModelTest.test_create_participation_request) ... ok
test_str_representation (accounts.tests.ParticipationRequestModelTest.test_str_representation) ... ok
test_approval_copies_phone_to_userprofile (accounts.tests.ParticipationRequestPhoneTests.test_approval_copies_phone_to_userprofile) ... ok
test_invalid_post_re_renders_form (accounts.tests.ParticipationRequestViewTest.test_invalid_post_re_renders_form) ... ok
test_request_submitted_page_returns_200 (accounts.tests.ParticipationRequestViewTest.test_request_submitted_page_returns_200) ... ok
test_root_url_redirects_authenticated_to_dashboard (accounts.tests.ParticipationRequestViewTest.test_root_url_redirects_authenticated_to_dashboard) ... ok
test_root_url_shows_form_for_unauthenticated (accounts.tests.ParticipationRequestViewTest.test_root_url_shows_form_for_unauthenticated) ... ok
test_valid_post_creates_request_and_redirects (accounts.tests.ParticipationRequestViewTest.test_valid_post_creates_request_and_redirects) ... ok
test_password_reset_complete_page_loads (accounts.tests.PasswordResetFlowTest.test_password_reset_complete_page_loads) ... ok
test_password_reset_done_page_loads (accounts.tests.PasswordResetFlowTest.test_password_reset_done_page_loads) ... ok
test_password_reset_page_loads (accounts.tests.PasswordResetFlowTest.test_password_reset_page_loads) ... ok
test_password_reset_redirects_to_done (accounts.tests.PasswordResetFlowTest.test_password_reset_redirects_to_done) ... ok
test_password_reset_sends_email (accounts.tests.PasswordResetFlowTest.test_password_reset_sends_email) ... ok
test_unknown_email_silently_redirects_to_done (accounts.tests.PasswordResetFlowTest.test_unknown_email_silently_redirects_to_done) ... ok
test_11_digits_rejected (accounts.tests.PhoneValidationTest.test_11_digits_rejected) ... ok
test_9_digits_rejected (accounts.tests.PhoneValidationTest.test_9_digits_rejected) ... ok
test_alpha_chars_rejected (accounts.tests.PhoneValidationTest.test_alpha_chars_rejected) ... ok
test_empty_string_passes (accounts.tests.PhoneValidationTest.test_empty_string_passes) ... ok
test_missing_leading_zero_rejected (accounts.tests.PhoneValidationTest.test_missing_leading_zero_rejected) ... ok
test_participation_form_validates_phone (accounts.tests.PhoneValidationTest.test_participation_form_validates_phone) ... ok
test_plus_format_rejected (accounts.tests.PhoneValidationTest.test_plus_format_rejected) ... ok
test_valid_07xx_number_accepted (accounts.tests.PhoneValidationTest.test_valid_07xx_number_accepted) ... ok
test_form_does_not_include_email_or_role (accounts.tests.ProfileFormTests.test_form_does_not_include_email_or_role) ... ok
test_form_initial_loads_phone_from_profile (accounts.tests.ProfileFormTests.test_form_initial_loads_phone_from_profile) ... ok
test_form_saves_first_last_and_phone (accounts.tests.ProfileFormTests.test_form_saves_first_last_and_phone) ... ok
test_admin_get_returns_200_without_org_block (accounts.tests.ProfileViewTests.test_admin_get_returns_200_without_org_block) ... ok
test_member_get_returns_200_with_org_block (accounts.tests.ProfileViewTests.test_member_get_returns_200_with_org_block) ... ok
test_post_cannot_change_email (accounts.tests.ProfileViewTests.test_post_cannot_change_email) ... ok
test_post_updates_name_and_phone (accounts.tests.ProfileViewTests.test_post_updates_name_and_phone) ... ok
test_unauthenticated_redirects_to_login (accounts.tests.ProfileViewTests.test_unauthenticated_redirects_to_login) ... ok
test_verifier_get_returns_200_without_org_block (accounts.tests.ProfileViewTests.test_verifier_get_returns_200_without_org_block) ... ok
test_hit_increments_count_and_reset (accounts.tests.RateLimitHelperTest.test_hit_increments_count_and_reset) ... ok
test_cannot_reopen_approved_request (accounts.tests.ReopenRequestTest.test_cannot_reopen_approved_request) ... ok
test_cannot_reopen_pending_request (accounts.tests.ReopenRequestTest.test_cannot_reopen_pending_request) ... ok
test_get_request_redirects_to_detail (accounts.tests.ReopenRequestTest.test_get_request_redirects_to_detail) ... ok
test_non_admin_cannot_reopen (accounts.tests.ReopenRequestTest.test_non_admin_cannot_reopen) ... ok
test_reopen_clears_reviewer_fields (accounts.tests.ReopenRequestTest.test_reopen_clears_reviewer_fields) ... ok
test_reopen_logs_audit_entry (accounts.tests.ReopenRequestTest.test_reopen_logs_audit_entry) ... ok
test_reopen_redirects_to_detail (accounts.tests.ReopenRequestTest.test_reopen_redirects_to_detail) ... ok
test_reopen_sets_status_to_pending (accounts.tests.ReopenRequestTest.test_reopen_sets_status_to_pending) ... ok
test_approval_success_page_clears_after_view (accounts.tests.RequestAdminViewsTest.test_approval_success_page_clears_after_view) ... ok
test_approval_success_page_shows_credentials (accounts.tests.RequestAdminViewsTest.test_approval_success_page_shows_credentials) ... ok
test_approve_already_reviewed_request_is_blocked (accounts.tests.RequestAdminViewsTest.test_approve_already_reviewed_request_is_blocked) ... ok
test_approve_blocked_if_email_exists (accounts.tests.RequestAdminViewsTest.test_approve_blocked_if_email_exists) ... ok
test_approve_blocked_if_org_name_exists (accounts.tests.RequestAdminViewsTest.test_approve_blocked_if_org_name_exists) ... ok
test_approve_creates_org_and_user (accounts.tests.RequestAdminViewsTest.test_approve_creates_org_and_user) ... ok
test_approve_redirects_to_credentials_page (accounts.tests.RequestAdminViewsTest.test_approve_redirects_to_credentials_page) ... ok
test_reject_already_approved_request_does_not_change_status (accounts.tests.RequestAdminViewsTest.test_reject_already_approved_request_does_not_change_status) ... ok
test_reject_already_reviewed_request_is_blocked (accounts.tests.RequestAdminViewsTest.test_reject_already_reviewed_request_is_blocked) ... ok
test_reject_marks_request_rejected (accounts.tests.RequestAdminViewsTest.test_reject_marks_request_rejected) ... ok
test_reject_sets_reviewed_at_and_reviewed_by (accounts.tests.RequestAdminViewsTest.test_reject_sets_reviewed_at_and_reviewed_by) ... ok
test_request_detail_accessible_by_admin (accounts.tests.RequestAdminViewsTest.test_request_detail_accessible_by_admin) ... ok
test_request_list_accessible_by_admin (accounts.tests.RequestAdminViewsTest.test_request_list_accessible_by_admin) ... ok
test_request_list_denied_for_member (accounts.tests.RequestAdminViewsTest.test_request_list_denied_for_member) ... ok
test_approval_sends_welcome_email (accounts.tests.RequestApproveEmailIntegrationTest.test_approval_sends_welcome_email) ... ok
test_approval_sets_must_change_password (accounts.tests.RequestApproveEmailIntegrationTest.test_approval_sets_must_change_password) ... ok
test_approval_succeeds_even_if_email_fails (accounts.tests.RequestApproveEmailIntegrationTest.test_approval_succeeds_even_if_email_fails) ... ok
test_approve_copies_other_subtype_to_org (accounts.tests.RequestApproveSubtypeTest.test_approve_copies_other_subtype_to_org) ... ok
test_approve_copies_subtype_to_org (accounts.tests.RequestApproveSubtypeTest.test_approve_copies_subtype_to_org) ... ok
test_emailed_password_actually_works (accounts.tests.ResendWelcomeEmailTest.test_emailed_password_actually_works) ... ok
test_failed_resend_stores_credentials_in_session (accounts.tests.ResendWelcomeEmailTest.test_failed_resend_stores_credentials_in_session) ... ok
test_resend_issues_a_new_password_and_invalidates_the_old (accounts.tests.ResendWelcomeEmailTest.test_resend_issues_a_new_password_and_invalidates_the_old) ... ok
test_resend_rearms_must_change_password (accounts.tests.ResendWelcomeEmailTest.test_resend_rearms_must_change_password) ... ok
test_resend_rejects_get (accounts.tests.ResendWelcomeEmailTest.test_resend_rejects_get) ... ok
test_resend_rejects_non_admin (accounts.tests.ResendWelcomeEmailTest.test_resend_rejects_non_admin) ... ok
test_resend_rejects_non_member_target (accounts.tests.ResendWelcomeEmailTest.test_resend_rejects_non_member_target)
Any non-member role is refused — not just verifiers. ... ok
test_resend_writes_email_log_and_audit_log (accounts.tests.ResendWelcomeEmailTest.test_resend_writes_email_log_and_audit_log) ... ok
test_successful_resend_ignores_stale_approval_credentials (accounts.tests.ResendWelcomeEmailTest.test_successful_resend_ignores_stale_approval_credentials)
A leftover approval_credentials key must not divert a successful resend. ... ok
test_welcome_template_warns_prior_password_is_void (accounts.tests.ResendWelcomeEmailTest.test_welcome_template_warns_prior_password_is_void) ... ok
test_logout_get_does_not_log_out (accounts.tests.RoleDecoratorTest.test_logout_get_does_not_log_out) ... ok
test_logout_post_logs_out_and_redirects (accounts.tests.RoleDecoratorTest.test_logout_post_logs_out_and_redirects) ... ok
test_member_cannot_access_admin_view (accounts.tests.RoleDecoratorTest.test_member_cannot_access_admin_view) ... ok
test_unauthenticated_redirects_to_login (accounts.tests.RoleDecoratorTest.test_unauthenticated_redirects_to_login) ... ok
test_verifier_cannot_access_admin_view (accounts.tests.RoleDecoratorTest.test_verifier_cannot_access_admin_view) ... ok
test_failed_send_writes_failed_row_and_reraises (accounts.tests.SendAndLogTest.test_failed_send_writes_failed_row_and_reraises) ... ok
test_logging_failure_does_not_break_send (accounts.tests.SendAndLogTest.test_logging_failure_does_not_break_send) ... Failed to write EmailLog row for welcome → ['funnel@example.com']
Traceback (most recent call last):
  File "/app/accounts/emails.py", line 29, in _send_and_log
    EmailLog.objects.create(
  File "/usr/local/lib/python3.12/unittest/mock.py", line 1139, in __call__
    return self._mock_call(*args, **kwargs)
           ^^^^^^^^^^^^^^^^^^^^^^^^^^^^^^^^
  File "/usr/local/lib/python3.12/unittest/mock.py", line 1143, in _mock_call
    return self._execute_mock_call(*args, **kwargs)
           ^^^^^^^^^^^^^^^^^^^^^^^^^^^^^^^^^^^^^^^^
  File "/usr/local/lib/python3.12/unittest/mock.py", line 1198, in _execute_mock_call
    raise effect
Exception: db is on fire
ok
test_notification_to_many_admins_writes_one_row (accounts.tests.SendAndLogTest.test_notification_to_many_admins_writes_one_row) ... ok
test_send_failure_survives_a_simultaneous_log_failure (accounts.tests.SendAndLogTest.test_send_failure_survives_a_simultaneous_log_failure)
A DB failure while logging a failed send must not mask the SMTP error. ... Failed to write EmailLog row for welcome → ['funnel@example.com']
Traceback (most recent call last):
  File "/app/accounts/emails.py", line 22, in _send_and_log
    send_mail(subject, message, settings.DEFAULT_FROM_EMAIL, recipients,
  File "/usr/local/lib/python3.12/site-packages/django/core/mail/__init__.py", line 88, in send_mail
    return mail.send()
           ^^^^^^^^^^^
  File "/usr/local/lib/python3.12/site-packages/django/core/mail/message.py", line 301, in send
    return self.get_connection(fail_silently).send_messages([self])
           ^^^^^^^^^^^^^^^^^^^^^^^^^^^^^^^^^^^^^^^^^^^^^^^^^^^^^^^^
  File "/app/accounts/tests.py", line 15, in send_messages
    raise Exception('Simulated SMTP failure')
Exception: Simulated SMTP failure

During handling of the above exception, another exception occurred:

Traceback (most recent call last):
  File "/app/accounts/emails.py", line 29, in _send_and_log
    EmailLog.objects.create(
  File "/usr/local/lib/python3.12/unittest/mock.py", line 1139, in __call__
    return self._mock_call(*args, **kwargs)
           ^^^^^^^^^^^^^^^^^^^^^^^^^^^^^^^^
  File "/usr/local/lib/python3.12/unittest/mock.py", line 1143, in _mock_call
    return self._execute_mock_call(*args, **kwargs)
           ^^^^^^^^^^^^^^^^^^^^^^^^^^^^^^^^^^^^^^^^
  File "/usr/local/lib/python3.12/unittest/mock.py", line 1198, in _execute_mock_call
    raise effect
Exception: db is on fire
ok
test_successful_welcome_send_writes_one_sent_row (accounts.tests.SendAndLogTest.test_successful_welcome_send_writes_one_sent_row) ... ok
test_welcome_log_never_stores_the_password (accounts.tests.SendAndLogTest.test_welcome_log_never_stores_the_password) ... ok
test_user_edit_creates_audit_log_entry (accounts.tests.UserEditAuditTests.test_user_edit_creates_audit_log_entry) ... ok
test_ignores_non_welcome_kinds (accounts.tests.UserListEmailStatusTest.test_ignores_non_welcome_kinds) ... ok
test_shows_sent_failed_and_never_states (accounts.tests.UserListEmailStatusTest.test_shows_sent_failed_and_never_states) ... ok
test_status_lookup_costs_one_extra_query_regardless_of_row_count (accounts.tests.UserListEmailStatusTest.test_status_lookup_costs_one_extra_query_regardless_of_row_count) ... ok
test_uses_latest_log_per_user (accounts.tests.UserListEmailStatusTest.test_uses_latest_log_per_user) ... ok
test_search_empty_returns_all (accounts.tests.UserListSearchTests.test_search_empty_returns_all) ... ok
test_search_filters_by_username (accounts.tests.UserListSearchTests.test_search_filters_by_username) ... ok
test_phone_number_field_exists_and_defaults_blank (accounts.tests.UserProfilePhoneNumberTests.test_phone_number_field_exists_and_defaults_blank) ... ok
test_phone_number_saves_and_retrieves (accounts.tests.UserProfilePhoneNumberTests.test_phone_number_saves_and_retrieves) ... ok
test_informal_sector_no_subtype_ok (accounts.tests.ValidateOrgSubtypeHelperTest.test_informal_sector_no_subtype_ok) ... ok
test_informal_sector_with_subtype_rejected (accounts.tests.ValidateOrgSubtypeHelperTest.test_informal_sector_with_subtype_rejected) ... ok
test_missing_subtype (accounts.tests.ValidateOrgSubtypeHelperTest.test_missing_subtype) ... ok
test_other_subtype_with_description (accounts.tests.ValidateOrgSubtypeHelperTest.test_other_subtype_with_description) ... ok
test_other_subtype_with_whitespace_description_rejected (accounts.tests.ValidateOrgSubtypeHelperTest.test_other_subtype_with_whitespace_description_rejected) ... ok
test_other_subtype_without_description (accounts.tests.ValidateOrgSubtypeHelperTest.test_other_subtype_without_description) ... ok
test_valid_type_and_subtype (accounts.tests.ValidateOrgSubtypeHelperTest.test_valid_type_and_subtype) ... ok
test_wrong_subtype_for_type (accounts.tests.ValidateOrgSubtypeHelperTest.test_wrong_subtype_for_type) ... ok
test_send_welcome_email_contains_credentials (accounts.tests.WelcomeEmailTest.test_send_welcome_email_contains_credentials) ... ok
test_send_welcome_email_goes_to_correct_address (accounts.tests.WelcomeEmailTest.test_send_welcome_email_goes_to_correct_address) ... ok
test_send_welcome_email_subject (accounts.tests.WelcomeEmailTest.test_send_welcome_email_subject) ... ok
test_cycle_filter_excludes_others (assessment.test_reporting.CompareScoringCommandTest.test_cycle_filter_excludes_others) ... ERROR
test_distributed_only_filter (assessment.test_reporting.CompareScoringCommandTest.test_distributed_only_filter) ... ERROR
test_runs_and_reports_the_cycle (assessment.test_reporting.CompareScoringCommandTest.test_runs_and_reports_the_cycle) ... ERROR
test_writes_nothing (assessment.test_reporting.CompareScoringCommandTest.test_writes_nothing) ... ERROR
test_benchmark_exposes_position_and_averages_only (assessment.test_reporting.ReportAnalyticsTest.test_benchmark_exposes_position_and_averages_only) ... ERROR
test_benchmark_gives_org_report_its_category_positions (assessment.test_reporting.ReportAnalyticsTest.test_benchmark_gives_org_report_its_category_positions) ... ERROR
test_close_verifier_scores_not_flagged (assessment.test_reporting.ReportAnalyticsTest.test_close_verifier_scores_not_flagged) ... ERROR
test_completeness_appears_on_every_ranking_row (assessment.test_reporting.ReportAnalyticsTest.test_completeness_appears_on_every_ranking_row) ... ERROR
test_completeness_reports_what_the_score_hides (assessment.test_reporting.ReportAnalyticsTest.test_completeness_reports_what_the_score_hides) ... ERROR
test_criterion_carries_cohort_comparison (assessment.test_reporting.ReportAnalyticsTest.test_criterion_carries_cohort_comparison) ... ERROR
test_each_verifier_named_with_their_own_score (assessment.test_reporting.ReportAnalyticsTest.test_each_verifier_named_with_their_own_score) ... ERROR
test_equal_scores_share_a_rank (assessment.test_reporting.ReportAnalyticsTest.test_equal_scores_share_a_rank) ... ERROR
test_every_org_ranked_within_every_category (assessment.test_reporting.ReportAnalyticsTest.test_every_org_ranked_within_every_category) ... ERROR
test_informal_league_scored_only_on_its_own_categories (assessment.test_reporting.ReportAnalyticsTest.test_informal_league_scored_only_on_its_own_categories) ... ERROR
test_informal_org_ranked_in_its_own_league (assessment.test_reporting.ReportAnalyticsTest.test_informal_org_ranked_in_its_own_league) ... ERROR
test_level_floors_rather_than_rounds_up (assessment.test_reporting.ReportAnalyticsTest.test_level_floors_rather_than_rounds_up) ... ERROR
test_level_indicator_explains_score_and_next_step (assessment.test_reporting.ReportAnalyticsTest.test_level_indicator_explains_score_and_next_step) ... ERROR
test_matching_self_assessment_described_as_matched (assessment.test_reporting.ReportAnalyticsTest.test_matching_self_assessment_described_as_matched) ... ERROR
test_numeric_criteria_excluded_from_averages (assessment.test_reporting.ReportAnalyticsTest.test_numeric_criteria_excluded_from_averages) ... ERROR
test_over_stated_gap_described_in_words (assessment.test_reporting.ReportAnalyticsTest.test_over_stated_gap_described_in_words) ... ERROR
test_overall_is_flat_mean_over_criteria (assessment.test_reporting.ReportAnalyticsTest.test_overall_is_flat_mean_over_criteria) ... ERROR
test_priorities_are_the_weakest_criteria (assessment.test_reporting.ReportAnalyticsTest.test_priorities_are_the_weakest_criteria) ... ERROR
test_small_category_cannot_outweigh_large_one (assessment.test_reporting.ReportAnalyticsTest.test_small_category_cannot_outweigh_large_one) ... ERROR
test_strengths_are_criteria_at_level_four_or_above (assessment.test_reporting.ReportAnalyticsTest.test_strengths_are_criteria_at_level_four_or_above) ... ERROR
test_strong_org_still_gets_a_next_step (assessment.test_reporting.ReportAnalyticsTest.test_strong_org_still_gets_a_next_step) ... ERROR
test_top_level_has_no_next_step (assessment.test_reporting.ReportAnalyticsTest.test_top_level_has_no_next_step) ... ERROR
test_unanswered_criteria_excluded_from_score (assessment.test_reporting.ReportAnalyticsTest.test_unanswered_criteria_excluded_from_score) ... ERROR
test_under_stated_gap_described_in_words (assessment.test_reporting.ReportAnalyticsTest.test_under_stated_gap_described_in_words) ... ERROR
test_unscored_org_has_no_rank_rather_than_last_place (assessment.test_reporting.ReportAnalyticsTest.test_unscored_org_has_no_rank_rather_than_last_place) ... ERROR
test_verifier_disagreement_flagged (assessment.test_reporting.ReportAnalyticsTest.test_verifier_disagreement_flagged) ... ERROR
test_verifier_notes_reach_the_report (assessment.test_reporting.ReportAnalyticsTest.test_verifier_notes_reach_the_report) ... ERROR
test_criterion_detail_uses_a_class_the_stylesheet_defines (assessment.test_reporting.ReportPageRenderTest.test_criterion_detail_uses_a_class_the_stylesheet_defines)
Regression: the old markup toggled .cat-detail.open, a rule that ... ERROR
test_cycle_excel_export_has_a_by_category_sheet (assessment.test_reporting.ReportPageRenderTest.test_cycle_excel_export_has_a_by_category_sheet) ... ERROR
test_cycle_results_renders_leagues_and_category_standings (assessment.test_reporting.ReportPageRenderTest.test_cycle_results_renders_leagues_and_category_standings) ... ERROR
test_excel_export_carries_verifier_reasoning (assessment.test_reporting.ReportPageRenderTest.test_excel_export_carries_verifier_reasoning) ... ERROR
test_member_does_not_see_verifier_disagreements_panel (assessment.test_reporting.ReportPageRenderTest.test_member_does_not_see_verifier_disagreements_panel) ... ERROR
test_member_sees_own_report_without_peer_names (assessment.test_reporting.ReportPageRenderTest.test_member_sees_own_report_without_peer_names) ... ERROR
test_org_report_renders (assessment.test_reporting.ReportPageRenderTest.test_org_report_renders) ... ERROR
test_pdf_export_still_builds (assessment.test_reporting.ReportPageRenderTest.test_pdf_export_still_builds) ... ERROR
test_report_leads_with_verified_score (assessment.test_reporting.ReportPageRenderTest.test_report_leads_with_verified_score) ... ERROR
test_report_shows_rank_and_cohort (assessment.test_reporting.ReportPageRenderTest.test_report_shows_rank_and_cohort) ... ERROR
test_report_shows_the_verifier_reason (assessment.test_reporting.ReportPageRenderTest.test_report_shows_the_verifier_reason) ... ERROR
test_report_shows_why_this_level_and_the_next_step (assessment.test_reporting.ReportPageRenderTest.test_report_shows_why_this_level_and_the_next_step) ... ERROR
test_report_states_the_gap_in_words (assessment.test_reporting.ReportPageRenderTest.test_report_states_the_gap_in_words) ... ERROR
test_member_fill_other_org_questionnaire_returns_403 (assessment.tests.AccessDeniedReturns403Test.test_member_fill_other_org_questionnaire_returns_403) ... ERROR
test_member_submit_other_org_questionnaire_returns_403 (assessment.tests.AccessDeniedReturns403Test.test_member_submit_other_org_questionnaire_returns_403) ... ERROR
test_unassigned_verifier_accessing_questionnaire_returns_403 (assessment.tests.AccessDeniedReturns403Test.test_unassigned_verifier_accessing_questionnaire_returns_403) ... ERROR
test_admin_allowed_for_any (assessment.tests.AccessPredicateTests.test_admin_allowed_for_any) ... ok
test_member_of_owning_org_allowed (assessment.tests.AccessPredicateTests.test_member_of_owning_org_allowed) ... ok
test_member_with_no_org_denied (assessment.tests.AccessPredicateTests.test_member_with_no_org_denied) ... ok
test_verifier_allowed_when_linked (assessment.tests.AccessPredicateTests.test_verifier_allowed_when_linked) ... ok
test_verifier_of_other_org_denied (assessment.tests.AccessPredicateTests.test_verifier_of_other_org_denied) ... ok
test_context_includes_org_data (assessment.tests.AdminDashboardContextTest.test_context_includes_org_data) ... ERROR
test_context_includes_submission_rate (assessment.tests.AdminDashboardContextTest.test_context_includes_submission_rate) ... ERROR
test_submission_rate_100_when_all_submitted (assessment.tests.AdminDashboardContextTest.test_submission_rate_100_when_all_submitted) ... ERROR
test_only_one_open_cycle_at_a_time (assessment.tests.AwardCycleTest.test_only_one_open_cycle_at_a_time) ... ok
test_opening_cycle_creates_questionnaires_for_all_active_orgs (assessment.tests.AwardCycleTest.test_opening_cycle_creates_questionnaires_for_all_active_orgs) ... FAIL
test_questionnaire_unique_per_cycle_org (assessment.tests.AwardCycleTest.test_questionnaire_unique_per_cycle_org) ... ok
test_questionnaires_created_when_cycle_opens (assessment.tests.AwardCycleTest.test_questionnaires_created_when_cycle_opens) ... FAIL
test_admin_can_access_any_document (assessment.tests.CanAccessDocumentTest.test_admin_can_access_any_document) ... ok
test_member_can_access_own_org_document (assessment.tests.CanAccessDocumentTest.test_member_can_access_own_org_document) ... ok
test_member_cannot_access_other_org_document (assessment.tests.CanAccessDocumentTest.test_member_cannot_access_other_org_document) ... ok
test_unauthenticated_user_cannot_access (assessment.tests.CanAccessDocumentTest.test_unauthenticated_user_cannot_access) ... ok
test_verifier_with_evidence_link_can_access (assessment.tests.CanAccessDocumentTest.test_verifier_with_evidence_link_can_access) ... ERROR
test_verifier_without_evidence_link_cannot_access (assessment.tests.CanAccessDocumentTest.test_verifier_without_evidence_link_cannot_access) ... ok
test_cat_chevron_present (assessment.tests.CategoryAccordionTest.test_cat_chevron_present) ... ok
test_category_detail_row_present (assessment.tests.CategoryAccordionTest.test_category_detail_row_present) ... ok
test_category_row_has_cat_row_class (assessment.tests.CategoryAccordionTest.test_category_row_has_cat_row_class) ... ok
test_category_without_description_shows_no_preamble_block (assessment.tests.CategoryAccordionTest.test_category_without_description_shows_no_preamble_block) ... ok
test_criteria_names_in_detail_row (assessment.tests.CategoryAccordionTest.test_criteria_names_in_detail_row) ... ok
test_description_in_detail_row (assessment.tests.CategoryAccordionTest.test_description_in_detail_row) ... ok
test_inactive_criterion_not_shown_in_detail_row (assessment.tests.CategoryAccordionTest.test_inactive_criterion_not_shown_in_detail_row) ... ok
test_category_leader_best_and_worst (assessment.tests.ComputeCycleAnalyticsTest.test_category_leader_best_and_worst) ... ERROR
test_cycle_avg_verifier (assessment.tests.ComputeCycleAnalyticsTest.test_cycle_avg_verifier) ... ERROR
test_cycle_high_and_low (assessment.tests.ComputeCycleAnalyticsTest.test_cycle_high_and_low) ... ERROR
test_empty_cycle_returns_empty_results (assessment.tests.ComputeCycleAnalyticsTest.test_empty_cycle_returns_empty_results) ... ERROR
test_ranked_orgs_sorted_descending (assessment.tests.ComputeCycleAnalyticsTest.test_ranked_orgs_sorted_descending) ... ERROR
test_ranks_assigned_correctly (assessment.tests.ComputeCycleAnalyticsTest.test_ranks_assigned_correctly) ... ERROR
test_unsubmitted_questionnaires_excluded (assessment.tests.ComputeCycleAnalyticsTest.test_unsubmitted_questionnaires_excluded) ... ERROR
test_category_entry_has_correct_avgs (assessment.tests.ComputeOrgAnalyticsTest.test_category_entry_has_correct_avgs) ... ERROR
test_criteria_included_in_category (assessment.tests.ComputeOrgAnalyticsTest.test_criteria_included_in_category) ... ERROR
test_no_verifier_scores_returns_none (assessment.tests.ComputeOrgAnalyticsTest.test_no_verifier_scores_returns_none) ... ERROR
test_overall_gap (assessment.tests.ComputeOrgAnalyticsTest.test_overall_gap) ... ERROR
test_overall_member_score (assessment.tests.ComputeOrgAnalyticsTest.test_overall_member_score) ... ERROR
test_overall_verifier_score (assessment.tests.ComputeOrgAnalyticsTest.test_overall_verifier_score) ... ERROR
test_strengths_weaknesses_ordering (assessment.tests.ComputeOrgAnalyticsTest.test_strengths_weaknesses_ordering) ... ERROR
test_missing_org_id_does_not_crash (assessment.tests.CycleAddOrgValidationTest.test_missing_org_id_does_not_crash) ... ok
test_non_integer_org_id_does_not_crash (assessment.tests.CycleAddOrgValidationTest.test_non_integer_org_id_does_not_crash) ... ok
test_admin_can_access (assessment.tests.CycleResultsViewTest.test_admin_can_access) ... ok
test_analytics_has_ranked_orgs (assessment.tests.CycleResultsViewTest.test_analytics_has_ranked_orgs) ... ok
test_context_has_analytics_key (assessment.tests.CycleResultsViewTest.test_context_has_analytics_key) ... ok
test_non_admin_redirected (assessment.tests.CycleResultsViewTest.test_non_admin_redirected) ... ok
test_member_can_access_own_org_document (assessment.tests.DocumentFileViewTest.test_member_can_access_own_org_document) ... ok
test_other_org_member_gets_403 (assessment.tests.DocumentFileViewTest.test_other_org_member_gets_403) ... ok
test_unauthenticated_redirects_to_login (assessment.tests.DocumentFileViewTest.test_unauthenticated_redirects_to_login) ... ok
test_member_gets_redirect_or_200 (assessment.tests.DocumentViewTests.test_member_gets_redirect_or_200) ... ok
test_unauthenticated_redirects_to_login (assessment.tests.DocumentViewTests.test_unauthenticated_redirects_to_login) ... ok
test_unauthorized_verifier_gets_403 (assessment.tests.DocumentViewTests.test_unauthorized_verifier_gets_403) ... ok
test_403_uses_custom_template (assessment.tests.ErrorPageTemplateTest.test_403_uses_custom_template) ... ERROR
test_404_uses_custom_template (assessment.tests.ErrorPageTemplateTest.test_404_uses_custom_template) ... ERROR
test_evidence_upload_path_sanitizes_spaces_and_special_chars (assessment.tests.EvidenceDocumentModelTest.test_evidence_upload_path_sanitizes_spaces_and_special_chars) ... ok
test_evidence_upload_path_strips_directory_traversal (assessment.tests.EvidenceDocumentModelTest.test_evidence_upload_path_strips_directory_traversal) ... ok
test_evidence_upload_path_uses_uuid_prefix (assessment.tests.EvidenceDocumentModelTest.test_evidence_upload_path_uses_uuid_prefix) ... ok
test_evidencelink_unique_per_response_document (assessment.tests.EvidenceDocumentModelTest.test_evidencelink_unique_per_response_document) ... ERROR
test_link_blocked_after_submit (assessment.tests.EvidenceLinkTests.test_link_blocked_after_submit) ... ERROR
test_link_by_criterion_creates_response_before_scoring (assessment.tests.EvidenceLinkTests.test_link_by_criterion_creates_response_before_scoring)
Picker must work on a fresh cycle: a criterion with no Response yet ... ERROR
test_link_by_criterion_rejects_other_cycle_criterion (assessment.tests.EvidenceLinkTests.test_link_by_criterion_rejects_other_cycle_criterion)
A criterion from a different cycle cannot be linked into this one. ... ERROR
test_link_cap_per_criterion (assessment.tests.EvidenceLinkTests.test_link_cap_per_criterion) ... ERROR
test_link_creates_evidence_link (assessment.tests.EvidenceLinkTests.test_link_creates_evidence_link) ... ERROR
test_link_cross_org_blocked (assessment.tests.EvidenceLinkTests.test_link_cross_org_blocked) ... ERROR
test_unlink_removes_link_and_orphan_document (assessment.tests.EvidenceLinkTests.test_unlink_removes_link_and_orphan_document) ... ERROR
test_link_blocked_after_submission (assessment.tests.EvidenceLinkUnlinkTest.test_link_blocked_after_submission) ... ERROR
test_link_is_idempotent (assessment.tests.EvidenceLinkUnlinkTest.test_link_is_idempotent) ... ERROR
test_link_via_questionnaire_and_criterion_creates_response_and_link (assessment.tests.EvidenceLinkUnlinkTest.test_link_via_questionnaire_and_criterion_creates_response_and_link) ... ERROR
test_unlink_blocked_after_submission (assessment.tests.EvidenceLinkUnlinkTest.test_unlink_blocked_after_submission) ... ERROR
test_unlink_keeps_doc_when_other_links_exist (assessment.tests.EvidenceLinkUnlinkTest.test_unlink_keeps_doc_when_other_links_exist) ... ERROR
test_unlink_removes_link_and_deletes_orphan_doc (assessment.tests.EvidenceLinkUnlinkTest.test_unlink_removes_link_and_deletes_orphan_doc) ... ERROR
test_context_includes_quota_pct_zero (assessment.tests.EvidenceQuotaContextTest.test_context_includes_quota_pct_zero) ... ERROR
test_context_includes_quota_used_zero (assessment.tests.EvidenceQuotaContextTest.test_context_includes_quota_used_zero) ... ERROR
test_criteria_data_includes_links (assessment.tests.EvidenceQuotaContextTest.test_criteria_data_includes_links) ... ERROR
test_quota_used_reflects_existing_uploads (assessment.tests.EvidenceQuotaContextTest.test_quota_used_reflects_existing_uploads) ... ERROR
test_creates_evidence_doc_and_link (assessment.tests.EvidenceUploadAjaxTest.test_creates_evidence_doc_and_link) ... ERROR
test_non_member_redirected (assessment.tests.EvidenceUploadAjaxTest.test_non_member_redirected) ... ERROR
test_other_org_member_returns_403 (assessment.tests.EvidenceUploadAjaxTest.test_other_org_member_returns_403) ... ERROR
test_rejects_disallowed_extension (assessment.tests.EvidenceUploadAjaxTest.test_rejects_disallowed_extension) ... ERROR
test_rejects_magic_byte_mismatch (assessment.tests.EvidenceUploadAjaxTest.test_rejects_magic_byte_mismatch) ... ERROR
test_rejects_oversized_file (assessment.tests.EvidenceUploadAjaxTest.test_rejects_oversized_file) ... ERROR
test_rejects_when_per_criterion_limit_reached (assessment.tests.EvidenceUploadAjaxTest.test_rejects_when_per_criterion_limit_reached) ... ERROR
test_rejects_when_quota_exceeded (assessment.tests.EvidenceUploadAjaxTest.test_rejects_when_quota_exceeded) ... ERROR
test_submitted_questionnaire_returns_403 (assessment.tests.EvidenceUploadAjaxTest.test_submitted_questionnaire_returns_403) ... ERROR
test_cycle_excel_content_type (assessment.tests.ExcelExportTest.test_cycle_excel_content_type) ... ERROR
test_cycle_excel_has_attachment_header (assessment.tests.ExcelExportTest.test_cycle_excel_has_attachment_header) ... ERROR
test_org_excel_admin_access (assessment.tests.ExcelExportTest.test_org_excel_admin_access) ... ERROR
test_org_excel_assigned_verifier_access (assessment.tests.ExcelExportTest.test_org_excel_assigned_verifier_access) ... ERROR
test_org_excel_unassigned_verifier_denied (assessment.tests.ExcelExportTest.test_org_excel_unassigned_verifier_denied) ... ERROR
test_parser_creates_category (assessment.tests.ExcelParserTest.test_parser_creates_category) ... FAIL
test_parser_creates_criteria (assessment.tests.ExcelParserTest.test_parser_creates_criteria) ... FAIL
test_parser_creates_level_indicators (assessment.tests.ExcelParserTest.test_parser_creates_level_indicators) ... ERROR
test_parser_detects_numeric_criterion (assessment.tests.ExcelParserTest.test_parser_detects_numeric_criterion) ... ERROR
test_parser_returns_warning_for_corrupt_file (assessment.tests.ExcelParserTest.test_parser_returns_warning_for_corrupt_file) ... ok
test_parser_returns_warning_for_empty_bytes (assessment.tests.ExcelParserTest.test_parser_returns_warning_for_empty_bytes) ... ok
test_parser_reupload_replaces_levels (assessment.tests.ExcelParserTest.test_parser_reupload_replaces_levels) ... ERROR
test_parser_sets_numeric_fields_with_correct_types (assessment.tests.ExcelParserTest.test_parser_sets_numeric_fields_with_correct_types) ... ERROR
test_parser_stops_numeric_fields_at_evidence_row (assessment.tests.ExcelParserTest.test_parser_stops_numeric_fields_at_evidence_row) ... ERROR
test_parser_stores_empty_description_when_preamble_missing (assessment.tests.ExcelParserTest.test_parser_stores_empty_description_when_preamble_missing) ... ERROR
test_parser_stores_preamble_in_category_description (assessment.tests.ExcelParserTest.test_parser_stores_preamble_in_category_description) ... ERROR
test_doc_ole_signature_passes (assessment.tests.FileSignatureValidationTest.test_doc_ole_signature_passes) ... ok
test_docx_zip_signature_passes (assessment.tests.FileSignatureValidationTest.test_docx_zip_signature_passes) ... ok
test_empty_file_is_rejected (assessment.tests.FileSignatureValidationTest.test_empty_file_is_rejected) ... ok
test_html_disguised_as_png_is_rejected (assessment.tests.FileSignatureValidationTest.test_html_disguised_as_png_is_rejected) ... ok
test_real_jpeg_passes (assessment.tests.FileSignatureValidationTest.test_real_jpeg_passes) ... ok
test_real_pdf_passes (assessment.tests.FileSignatureValidationTest.test_real_pdf_passes) ... ok
test_real_png_passes (assessment.tests.FileSignatureValidationTest.test_real_png_passes) ... ok
test_stream_position_is_restored (assessment.tests.FileSignatureValidationTest.test_stream_position_is_restored) ... ok
test_unknown_extension_is_rejected (assessment.tests.FileSignatureValidationTest.test_unknown_extension_is_rejected) ... ok
test_excel_upload_rejects_non_xlsx (assessment.tests.FileUploadValidationTest.test_excel_upload_rejects_non_xlsx) ... ok
test_reupload_blocked_when_cycle_is_open (assessment.tests.FileUploadValidationTest.test_reupload_blocked_when_cycle_is_open) ... ok
test_indicator_body_has_collapsed_class (assessment.tests.FillAccordionTest.test_indicator_body_has_collapsed_class) ... ERROR
test_indicator_chevron_present (assessment.tests.FillAccordionTest.test_indicator_chevron_present) ... ERROR
test_indicator_has_data_answered_false_when_unanswered (assessment.tests.FillAccordionTest.test_indicator_has_data_answered_false_when_unanswered) ... ERROR
test_indicator_has_data_answered_true_when_answered (assessment.tests.FillAccordionTest.test_indicator_has_data_answered_true_when_answered) ... ERROR
test_categories_for_org_excludes_informal_for_regular_org (assessment.tests.InformalSectorScopingTest.test_categories_for_org_excludes_informal_for_regular_org) ... ERROR
test_categories_for_org_returns_informal_only_for_informal_org (assessment.tests.InformalSectorScopingTest.test_categories_for_org_returns_informal_only_for_informal_org) ... ERROR
test_completion_percentage_scoped (assessment.tests.InformalSectorScopingTest.test_completion_percentage_scoped)
completion_percentage counts only criteria from the org's applicable categories. ... ERROR
test_compute_org_analytics_scoped (assessment.tests.InformalSectorScopingTest.test_compute_org_analytics_scoped)
compute_org_analytics returns only applicable categories for each org type. ... ERROR
test_excel_parser_no_tag_when_last_sheet_not_informal (assessment.tests.InformalSectorScopingTest.test_excel_parser_no_tag_when_last_sheet_not_informal)
If the last sheet name does not contain 'informal', no category is tagged. ... ERROR
test_excel_parser_tags_last_informal_sheet (assessment.tests.InformalSectorScopingTest.test_excel_parser_tags_last_informal_sheet)
Parser sets is_informal_sector_only=True on last sheet when name contains 'informal'. ... ERROR
test_informal_org_sees_only_informal_category_on_fill (assessment.tests.InformalSectorScopingTest.test_informal_org_sees_only_informal_category_on_fill)
Informal org member: fill page context contains only the informal category. ... ERROR
test_regular_org_skips_informal_category_on_fill (assessment.tests.InformalSectorScopingTest.test_regular_org_skips_informal_category_on_fill)
Regular org member: fill page context does not include the informal category. ... ERROR
test_verify_view_scoped_to_org_categories (assessment.tests.InformalSectorScopingTest.test_verify_view_scoped_to_org_categories)
Verifier sees only the informal category for an informal org's questionnaire. ... ERROR
test_library_list_returns_200 (assessment.tests.LibraryCrudTests.test_library_list_returns_200) ... ok
test_library_list_shows_documents (assessment.tests.LibraryCrudTests.test_library_list_shows_documents) ... ok
test_member_cannot_see_other_org_library (assessment.tests.LibraryCrudTests.test_member_cannot_see_other_org_library) ... ok
test_library_list_accessible_to_member (assessment.tests.LibraryListViewTest.test_library_list_accessible_to_member) ... ok
test_library_list_has_no_upload_form (assessment.tests.LibraryListViewTest.test_library_list_has_no_upload_form) ... ok
test_verifier_gets_403 (assessment.tests.LibraryListViewTest.test_verifier_gets_403) ... ok
test_evidence_document_ordering (assessment.tests.LibraryModelTests.test_evidence_document_ordering) ... ok
test_evidence_document_str (assessment.tests.LibraryModelTests.test_evidence_document_str) ... ok
test_evidence_link_unique_per_response_document (assessment.tests.LibraryModelTests.test_evidence_link_unique_per_response_document) ... ok
test_results_include_context_fields (assessment.tests.LibrarySearchViewTest.test_results_include_context_fields) ... ERROR
test_returns_json (assessment.tests.LibrarySearchViewTest.test_returns_json) ... ERROR
test_same_criterion_ranked_first (assessment.tests.LibrarySearchViewTest.test_same_criterion_ranked_first) ... ERROR
test_text_filter_by_title (assessment.tests.LibrarySearchViewTest.test_text_filter_by_title) ... ERROR
test_unauthenticated_gets_redirect (assessment.tests.LibrarySearchViewTest.test_unauthenticated_gets_redirect) ... ERROR
test_verifier_gets_403 (assessment.tests.LibrarySearchViewTest.test_verifier_gets_403) ... ERROR
test_export_cycle_excel_url_resolves (assessment.tests.NewUrlsTest.test_export_cycle_excel_url_resolves) ... ERROR
test_export_org_excel_url_resolves (assessment.tests.NewUrlsTest.test_export_org_excel_url_resolves) ... ERROR
test_export_org_pdf_url_resolves (assessment.tests.NewUrlsTest.test_export_org_pdf_url_resolves) ... ERROR
test_org_report_url_resolves (assessment.tests.NewUrlsTest.test_org_report_url_resolves) ... ERROR
test_numeric_criterion_counted_in_answered_count (assessment.tests.NumericCriterionFillViewTest.test_numeric_criterion_counted_in_answered_count) ... ERROR
test_numeric_values_in_criteria_data_context (assessment.tests.NumericCriterionFillViewTest.test_numeric_values_in_criteria_data_context) ... ERROR
test_post_saves_numeric_data (assessment.tests.NumericCriterionFillViewTest.test_post_saves_numeric_data) ... ERROR
test_completion_percentage_counts_numeric_response (assessment.tests.NumericCriterionModelTest.test_completion_percentage_counts_numeric_response) ... ok
test_completion_percentage_does_not_double_count_mixed_response (assessment.tests.NumericCriterionModelTest.test_completion_percentage_does_not_double_count_mixed_response) ... ok
test_completion_percentage_excludes_empty_numeric_data (assessment.tests.NumericCriterionModelTest.test_completion_percentage_excludes_empty_numeric_data) ... ok
test_criterion_is_numeric_defaults_false (assessment.tests.NumericCriterionModelTest.test_criterion_is_numeric_defaults_false) ... ok
test_criterion_numeric_fields_defaults_empty_list (assessment.tests.NumericCriterionModelTest.test_criterion_numeric_fields_defaults_empty_list) ... ok
test_response_numeric_data_defaults_none (assessment.tests.NumericCriterionModelTest.test_response_numeric_data_defaults_none) ... ok
test_verifier_post_saves_notes_for_numeric_criterion (assessment.tests.NumericCriterionVerifierViewTest.test_verifier_post_saves_notes_for_numeric_criterion) ... ERROR
test_404_for_unsubmitted_questionnaire (assessment.tests.OrgReportViewTest.test_404_for_unsubmitted_questionnaire) ... ERROR
test_admin_can_access (assessment.tests.OrgReportViewTest.test_admin_can_access) ... ERROR
test_assigned_verifier_can_access (assessment.tests.OrgReportViewTest.test_assigned_verifier_can_access) ... ERROR
test_context_has_analytics (assessment.tests.OrgReportViewTest.test_context_has_analytics) ... ERROR
test_context_is_admin_false_for_verifier (assessment.tests.OrgReportViewTest.test_context_is_admin_false_for_verifier) ... ERROR
test_context_is_admin_flag (assessment.tests.OrgReportViewTest.test_context_is_admin_flag) ... ERROR
test_unassigned_verifier_gets_403 (assessment.tests.OrgReportViewTest.test_unassigned_verifier_gets_403) ... ERROR
test_pdf_assigned_verifier_access (assessment.tests.PdfExportTest.test_pdf_assigned_verifier_access) ... ERROR
test_pdf_attachment_header (assessment.tests.PdfExportTest.test_pdf_attachment_header) ... ERROR
test_pdf_content_type (assessment.tests.PdfExportTest.test_pdf_content_type) ... ERROR
test_pdf_unassigned_verifier_denied (assessment.tests.PdfExportTest.test_pdf_unassigned_verifier_denied) ... ERROR
test_preamble_shown_in_cycle_detail (assessment.tests.PreambleDisplayTest.test_preamble_shown_in_cycle_detail) ... ERROR
test_preamble_shown_in_questionnaire_fill (assessment.tests.PreambleDisplayTest.test_preamble_shown_in_questionnaire_fill) ... ERROR
test_upload_form_hidden_when_cycle_open (assessment.tests.PreambleDisplayTest.test_upload_form_hidden_when_cycle_open) ... ERROR
test_upload_form_shown_when_cycle_closed (assessment.tests.PreambleDisplayTest.test_upload_form_shown_when_cycle_closed) ... ERROR
test_delete_removes_orphan_and_keeps_referenced_file (assessment.tests.PruneOrphanEvidenceCommandTest.test_delete_removes_orphan_and_keeps_referenced_file) ... ok
test_dry_run_reports_orphan_but_deletes_nothing (assessment.tests.PruneOrphanEvidenceCommandTest.test_dry_run_reports_orphan_but_deletes_nothing) ... ok
test_orphan_ratio_guard_blocks_delete (assessment.tests.PruneOrphanEvidenceCommandTest.test_orphan_ratio_guard_blocks_delete) ... ok
test_prefix_scopes_the_scan (assessment.tests.PruneOrphanEvidenceCommandTest.test_prefix_scopes_the_scan) ... ok
test_ratio_guard_can_be_overridden_with_force (assessment.tests.PruneOrphanEvidenceCommandTest.test_ratio_guard_can_be_overridden_with_force) ... ok
test_recent_orphans_are_skipped_by_age_guard (assessment.tests.PruneOrphanEvidenceCommandTest.test_recent_orphans_are_skipped_by_age_guard)
Protects an upload whose file is written but whose row has not ... ok
test_refuses_when_no_rows_reference_a_file (assessment.tests.PruneOrphanEvidenceCommandTest.test_refuses_when_no_rows_reference_a_file)
The wrong-database case: an empty table makes every object look ... ok
test_categories_annotated_with_is_complete_false (assessment.tests.QuestionnaireFillContextTest.test_categories_annotated_with_is_complete_false) ... ERROR
test_categories_annotated_with_is_complete_true_after_answer (assessment.tests.QuestionnaireFillContextTest.test_categories_annotated_with_is_complete_true_after_answer) ... ERROR
test_context_has_answered_count (assessment.tests.QuestionnaireFillContextTest.test_context_has_answered_count) ... ERROR
test_context_has_current_category_index (assessment.tests.QuestionnaireFillContextTest.test_context_has_current_category_index) ... ERROR
test_context_has_total_criteria (assessment.tests.QuestionnaireFillContextTest.test_context_has_total_criteria) ... ERROR
test_fill_page_get_contains_quota_info (assessment.tests.QuestionnaireFillUploadTest.test_fill_page_get_contains_quota_info) ... ERROR
test_upload_creates_evidence_document_and_link (assessment.tests.QuestionnaireFillUploadTest.test_upload_creates_evidence_document_and_link) ... ERROR
test_submitted_view_redirects_when_not_submitted (assessment.tests.QuestionnaireSubmittedGuardTest.test_submitted_view_redirects_when_not_submitted) ... ERROR
test_submitted_view_renders_when_submitted (assessment.tests.QuestionnaireSubmittedGuardTest.test_submitted_view_renders_when_submitted) ... ERROR
test_admin_can_distribute_report (assessment.tests.ReportDistributionTest.test_admin_can_distribute_report) ... ok
test_admin_can_revoke_distributed_report (assessment.tests.ReportDistributionTest.test_admin_can_revoke_distributed_report) ... ok
test_admin_distribute_all_distributes_all_submitted (assessment.tests.ReportDistributionTest.test_admin_distribute_all_distributes_all_submitted) ... ok
test_admin_reports_cycle_shows_all_questionnaires (assessment.tests.ReportDistributionTest.test_admin_reports_cycle_shows_all_questionnaires) ... ok
test_admin_reports_list_shows_cycle (assessment.tests.ReportDistributionTest.test_admin_reports_list_shows_cycle) ... ok
test_distribute_all_skips_already_distributed (assessment.tests.ReportDistributionTest.test_distribute_all_skips_already_distributed) ... ok
test_distribute_blocked_when_cycle_open (assessment.tests.ReportDistributionTest.test_distribute_blocked_when_cycle_open) ... ok
test_distribute_logs_audit (assessment.tests.ReportDistributionTest.test_distribute_logs_audit) ... ok
test_member_can_access_org_report_when_distributed_and_closed (assessment.tests.ReportDistributionTest.test_member_can_access_org_report_when_distributed_and_closed) ... ok
test_member_cannot_access_another_orgs_report (assessment.tests.ReportDistributionTest.test_member_cannot_access_another_orgs_report) ... ok
test_member_cannot_access_org_report_when_cycle_open (assessment.tests.ReportDistributionTest.test_member_cannot_access_org_report_when_cycle_open) ... ok
test_member_cannot_access_org_report_when_not_distributed (assessment.tests.ReportDistributionTest.test_member_cannot_access_org_report_when_not_distributed) ... ok
test_member_reports_cycle_locked_when_not_distributed (assessment.tests.ReportDistributionTest.test_member_reports_cycle_locked_when_not_distributed) ... ok
test_member_reports_cycle_redirects_when_available (assessment.tests.ReportDistributionTest.test_member_reports_cycle_redirects_when_available) ... ok
test_member_reports_list_available_when_distributed_and_closed (assessment.tests.ReportDistributionTest.test_member_reports_list_available_when_distributed_and_closed) ... ok
test_member_reports_list_shows_their_cycle (assessment.tests.ReportDistributionTest.test_member_reports_list_shows_their_cycle) ... ok
test_revoke_logs_audit (assessment.tests.ReportDistributionTest.test_revoke_logs_audit) ... ok
test_verifier_can_distribute_assigned_org (assessment.tests.ReportDistributionTest.test_verifier_can_distribute_assigned_org) ... ok
test_verifier_cannot_distribute_unassigned_org (assessment.tests.ReportDistributionTest.test_verifier_cannot_distribute_unassigned_org) ... ok
test_verifier_cannot_revoke (assessment.tests.ReportDistributionTest.test_verifier_cannot_revoke) ... ok
test_verifier_distribute_all_only_affects_assigned_orgs (assessment.tests.ReportDistributionTest.test_verifier_distribute_all_only_affects_assigned_orgs) ... ok
test_verifier_reports_cycle_shows_only_assigned_orgs (assessment.tests.ReportDistributionTest.test_verifier_reports_cycle_shows_only_assigned_orgs) ... ok
test_verifier_reports_list_shows_only_assigned_cycles (assessment.tests.ReportDistributionTest.test_verifier_reports_list_shows_only_assigned_cycles) ... ok
test_closed_cycle_returns_403 (assessment.tests.SaveCategoryAjaxTest.test_closed_cycle_returns_403) ... ERROR
test_cross_cycle_category_returns_404 (assessment.tests.SaveCategoryAjaxTest.test_cross_cycle_category_returns_404) ... ERROR
test_non_member_redirected (assessment.tests.SaveCategoryAjaxTest.test_non_member_redirected) ... ERROR
test_other_org_member_returns_403 (assessment.tests.SaveCategoryAjaxTest.test_other_org_member_returns_403) ... ERROR
test_returns_message_with_category_name (assessment.tests.SaveCategoryAjaxTest.test_returns_message_with_category_name) ... ERROR
test_returns_next_url_when_next_category_exists (assessment.tests.SaveCategoryAjaxTest.test_returns_next_url_when_next_category_exists) ... ERROR
test_returns_null_next_url_for_last_category (assessment.tests.SaveCategoryAjaxTest.test_returns_null_next_url_for_last_category) ... ERROR
test_saves_score_and_notes (assessment.tests.SaveCategoryAjaxTest.test_saves_score_and_notes) ... ERROR
test_submitted_questionnaire_returns_403 (assessment.tests.SaveCategoryAjaxTest.test_submitted_questionnaire_returns_403) ... ERROR
test_non_integer_score_does_not_crash (assessment.tests.ScoreValidationTest.test_non_integer_score_does_not_crash) ... ERROR
test_out_of_range_score_does_not_save (assessment.tests.ScoreValidationTest.test_out_of_range_score_does_not_save) ... ERROR
test_post_with_valid_score_saves_and_redirects (assessment.tests.ScoreValidationTest.test_post_with_valid_score_saves_and_redirects) ... ERROR
test_upload_creates_evidence_doc_and_link (assessment.tests.ScoreValidationTest.test_upload_creates_evidence_doc_and_link) ... ERROR
test_valid_score_saves_correctly (assessment.tests.ScoreValidationTest.test_valid_score_saves_correctly) ... ERROR
test_category_coverage_counts_a_criterion_once_per_category (assessment.tests.VerifierCoverageTest.test_category_coverage_counts_a_criterion_once_per_category) ... ERROR
test_category_coverage_counts_covered_over_total (assessment.tests.VerifierCoverageTest.test_category_coverage_counts_covered_over_total) ... ERROR
test_category_coverage_ignores_rows_on_inactive_criteria (assessment.tests.VerifierCoverageTest.test_category_coverage_ignores_rows_on_inactive_criteria) ... ERROR
test_category_coverage_numeric_criterion_needs_notes (assessment.tests.VerifierCoverageTest.test_category_coverage_numeric_criterion_needs_notes) ... ERROR
test_category_coverage_scopes_informal_org_to_informal_category (assessment.tests.VerifierCoverageTest.test_category_coverage_scopes_informal_org_to_informal_category) ... ERROR
test_category_coverage_scopes_regular_org_to_regular_categories (assessment.tests.VerifierCoverageTest.test_category_coverage_scopes_regular_org_to_regular_categories) ... ERROR
test_category_coverage_total_excludes_inactive_criteria (assessment.tests.VerifierCoverageTest.test_category_coverage_total_excludes_inactive_criteria) ... ERROR
test_criterion_coverage_empty_criteria_returns_empty (assessment.tests.VerifierCoverageTest.test_criterion_coverage_empty_criteria_returns_empty) ... ERROR
test_criterion_coverage_falls_back_to_username (assessment.tests.VerifierCoverageTest.test_criterion_coverage_falls_back_to_username) ... ERROR
test_criterion_coverage_ignores_null_score (assessment.tests.VerifierCoverageTest.test_criterion_coverage_ignores_null_score) ... ERROR
test_criterion_coverage_lists_each_verifier_oldest_first (assessment.tests.VerifierCoverageTest.test_criterion_coverage_lists_each_verifier_oldest_first) ... ERROR
test_criterion_coverage_numeric_needs_notes (assessment.tests.VerifierCoverageTest.test_criterion_coverage_numeric_needs_notes) ... ERROR
test_criterion_coverage_scoped_to_questionnaire (assessment.tests.VerifierCoverageTest.test_criterion_coverage_scoped_to_questionnaire) ... ERROR
test_dashboard_coverage_counts_all_verifiers_not_just_viewer (assessment.tests.VerifierCoverageTest.test_dashboard_coverage_counts_all_verifiers_not_just_viewer) ... ERROR
test_dashboard_coverage_none_when_not_submitted (assessment.tests.VerifierCoverageTest.test_dashboard_coverage_none_when_not_submitted) ... ERROR
test_dashboard_shows_coverage_for_submitted_questionnaire (assessment.tests.VerifierCoverageTest.test_dashboard_shows_coverage_for_submitted_questionnaire) ... ERROR
test_questionnaire_coverage_empty_input (assessment.tests.VerifierCoverageTest.test_questionnaire_coverage_empty_input) ... ERROR
test_questionnaire_coverage_ignores_cross_org_criteria (assessment.tests.VerifierCoverageTest.test_questionnaire_coverage_ignores_cross_org_criteria) ... ERROR
test_questionnaire_coverage_query_count_is_fixed (assessment.tests.VerifierCoverageTest.test_questionnaire_coverage_query_count_is_fixed) ... ERROR
test_questionnaire_coverage_totals_per_questionnaire (assessment.tests.VerifierCoverageTest.test_questionnaire_coverage_totals_per_questionnaire) ... ERROR
test_questionnaire_coverage_zero_when_nothing_verified (assessment.tests.VerifierCoverageTest.test_questionnaire_coverage_zero_when_nothing_verified) ... ERROR
test_verify_page_category_nav_counts (assessment.tests.VerifierCoverageTest.test_verify_page_category_nav_counts) ... ERROR
test_verify_page_excludes_own_work_from_chip (assessment.tests.VerifierCoverageTest.test_verify_page_excludes_own_work_from_chip) ... ERROR
test_verify_page_never_reveals_other_verifier_score (assessment.tests.VerifierCoverageTest.test_verify_page_never_reveals_other_verifier_score)
The 'name + date only' decision. A leak here reintroduces anchoring. ... ERROR
test_verify_page_scoring_stays_enabled_when_covered (assessment.tests.VerifierCoverageTest.test_verify_page_scoring_stays_enabled_when_covered)
The 'inform only' decision — coverage must never lock the controls. ... ERROR
test_verify_page_shows_other_verifier_name (assessment.tests.VerifierCoverageTest.test_verify_page_shows_other_verifier_name) ... ERROR
test_assigned_orgs_count_correct_when_no_cycle (assessment.tests.VerifierDashboardNoOpenCycleTests.test_assigned_orgs_count_correct_when_no_cycle) ... ok
test_assigned_orgs_in_context_when_no_cycle (assessment.tests.VerifierDashboardNoOpenCycleTests.test_assigned_orgs_in_context_when_no_cycle) ... ok
test_no_assignments_shows_empty_state (assessment.tests.VerifierDashboardNoOpenCycleTests.test_no_assignments_shows_empty_state) ... ok
test_no_stat_dash_placeholders_in_html (assessment.tests.VerifierDashboardStatsTests.test_no_stat_dash_placeholders_in_html) ... ok
test_stats_are_zero_when_no_cycle_open (assessment.tests.VerifierDashboardStatsTests.test_stats_are_zero_when_no_cycle_open) ... ok
test_submitted_and_pending_counts_in_context (assessment.tests.VerifierDashboardStatsTests.test_submitted_and_pending_counts_in_context) ... ok
test_foreign_category_on_get_returns_404 (assessment.tests.VerifyCrossCycleCategoryTest.test_foreign_category_on_get_returns_404) ... ERROR
test_foreign_category_on_post_returns_404 (assessment.tests.VerifyCrossCycleCategoryTest.test_foreign_category_on_post_returns_404) ... ERROR
test_member_cannot_access_verifier_view_before_submit (assessment.tests.WorkflowTest.test_member_cannot_access_verifier_view_before_submit) ... ERROR
test_verifier_can_access_after_member_submits (assessment.tests.WorkflowTest.test_verifier_can_access_after_member_submits) ... ERROR
test_verifier_cannot_access_unsubmitted_questionnaire (assessment.tests.WorkflowTest.test_verifier_cannot_access_unsubmitted_questionnaire) ... ERROR
test_cycle_close_creates_audit_log (audit.tests.AuditLogIntegrationTest.test_cycle_close_creates_audit_log) ... ERROR
test_cycle_open_creates_audit_log (audit.tests.AuditLogIntegrationTest.test_cycle_open_creates_audit_log) ... ERROR
test_org_create_creates_audit_log (audit.tests.AuditLogIntegrationTest.test_org_create_creates_audit_log) ... ERROR
test_org_delete_creates_audit_log (audit.tests.AuditLogIntegrationTest.test_org_delete_creates_audit_log) ... ERROR
test_questionnaire_submit_creates_audit_log (audit.tests.AuditLogIntegrationTest.test_questionnaire_submit_creates_audit_log) ... ERROR
test_request_approve_creates_audit_log (audit.tests.AuditLogIntegrationTest.test_request_approve_creates_audit_log) ... ERROR
test_request_reject_creates_audit_log (audit.tests.AuditLogIntegrationTest.test_request_reject_creates_audit_log) ... ERROR
test_user_create_creates_audit_log (audit.tests.AuditLogIntegrationTest.test_user_create_creates_audit_log) ... ERROR
test_user_delete_creates_audit_log (audit.tests.AuditLogIntegrationTest.test_user_delete_creates_audit_log) ... ERROR
test_verifier_scores_saved_creates_audit_log (audit.tests.AuditLogIntegrationTest.test_verifier_scores_saved_creates_audit_log) ... ERROR
test_get_ip_falls_back_to_remote_addr (audit.tests.AuditLogModelTest.test_get_ip_falls_back_to_remote_addr) ... ok
test_get_ip_reads_first_forwarded_for_address (audit.tests.AuditLogModelTest.test_get_ip_reads_first_forwarded_for_address) ... ok
test_log_creates_entry_with_correct_fields (audit.tests.AuditLogModelTest.test_log_creates_entry_with_correct_fields) ... ok
test_log_with_unauthenticated_user_stores_null (audit.tests.AuditLogModelTest.test_log_with_unauthenticated_user_stores_null) ... ok
test_object_repr_persists_after_org_deleted (audit.tests.AuditLogModelTest.test_object_repr_persists_after_org_deleted) ... ok
test_combined_filters_narrow_results (audit.tests.AuditLogViewTest.test_combined_filters_narrow_results) ... ok
test_date_from_filter_includes_today (audit.tests.AuditLogViewTest.test_date_from_filter_includes_today) ... ok
test_date_to_filter_excludes_all_when_past (audit.tests.AuditLogViewTest.test_date_to_filter_excludes_all_when_past) ... ok
test_filter_by_action (audit.tests.AuditLogViewTest.test_filter_by_action) ... ok
test_filter_by_organization (audit.tests.AuditLogViewTest.test_filter_by_organization) ... ok
test_filter_by_user (audit.tests.AuditLogViewTest.test_filter_by_user) ... ok
test_unfiltered_returns_all_entries (audit.tests.AuditLogViewTest.test_unfiltered_returns_all_entries) ... ok
test_view_accessible_by_admin (audit.tests.AuditLogViewTest.test_view_accessible_by_admin) ... ok
test_view_denied_for_member (audit.tests.AuditLogViewTest.test_view_denied_for_member) ... ok
test_by_position_always_present_and_bucketed (share.tests.BuildSubmissionReportTest.test_by_position_always_present_and_bucketed) ... ok
test_contacts_included_when_flag_true (share.tests.BuildSubmissionReportTest.test_contacts_included_when_flag_true) ... ok
test_contacts_omitted_when_flag_false (share.tests.BuildSubmissionReportTest.test_contacts_omitted_when_flag_false) ... ok
test_cycle_metadata (share.tests.BuildSubmissionReportTest.test_cycle_metadata) ... ok
test_inactive_org_excluded_from_rows (share.tests.BuildSubmissionReportTest.test_inactive_org_excluded_from_rows) ... ok
test_kpis (share.tests.BuildSubmissionReportTest.test_kpis) ... FAIL
test_no_open_cycle (share.tests.BuildSubmissionReportTest.test_no_open_cycle) ... ok
test_org_without_member_has_blank_contacts (share.tests.BuildSubmissionReportTest.test_org_without_member_has_blank_contacts) ... ok
test_position_resolved_from_request_case_insensitively (share.tests.BuildSubmissionReportTest.test_position_resolved_from_request_case_insensitively) ... ok
test_query_count_is_flat (share.tests.BuildSubmissionReportTest.test_query_count_is_flat) ... ok
test_result_is_json_serialisable (share.tests.BuildSubmissionReportTest.test_result_is_json_serialisable) ... ok
test_rows_sorted_by_org_name (share.tests.BuildSubmissionReportTest.test_rows_sorted_by_org_name) ... ok
test_submitted_flag_and_timestamp (share.tests.BuildSubmissionReportTest.test_submitted_flag_and_timestamp) ... FAIL
test_contacts_hidden_link_leaks_no_pii (share.tests.PublicDashboardViewTest.test_contacts_hidden_link_leaks_no_pii) ... ok
test_expired_token_404s (share.tests.PublicDashboardViewTest.test_expired_token_404s) ... ok
test_html_load_increments_view_count (share.tests.PublicDashboardViewTest.test_html_load_increments_view_count) ... ok
test_json_endpoint_404s_for_revoked_token (share.tests.PublicDashboardViewTest.test_json_endpoint_404s_for_revoked_token) ... ok
test_json_endpoint_respects_contacts_flag (share.tests.PublicDashboardViewTest.test_json_endpoint_respects_contacts_flag) ... ok
test_json_endpoint_returns_report (share.tests.PublicDashboardViewTest.test_json_endpoint_returns_report) ... ok
test_json_poll_does_not_increment_view_count (share.tests.PublicDashboardViewTest.test_json_poll_does_not_increment_view_count) ... ok
test_no_login_required (share.tests.PublicDashboardViewTest.test_no_login_required) ... ok
test_revoked_token_404s (share.tests.PublicDashboardViewTest.test_revoked_token_404s) ... ok
test_security_headers (share.tests.PublicDashboardViewTest.test_security_headers) ... ok
test_unknown_token_404s (share.tests.PublicDashboardViewTest.test_unknown_token_404s) ... ok
test_valid_token_returns_200 (share.tests.PublicDashboardViewTest.test_valid_token_returns_200) ... ok
test_admin_sees_list (share.tests.ShareLinkAdminViewTest.test_admin_sees_list) ... ok
test_create_makes_link_and_logs (share.tests.ShareLinkAdminViewTest.test_create_makes_link_and_logs) ... ok
test_create_requires_admin (share.tests.ShareLinkAdminViewTest.test_create_requires_admin) ... ok
test_list_requires_admin (share.tests.ShareLinkAdminViewTest.test_list_requires_admin) ... ok
test_list_requires_login (share.tests.ShareLinkAdminViewTest.test_list_requires_login) ... ok
test_revoke_deactivates_and_logs (share.tests.ShareLinkAdminViewTest.test_revoke_deactivates_and_logs) ... ok
test_revoke_rejects_get (share.tests.ShareLinkAdminViewTest.test_revoke_rejects_get) ... ok
test_revoked_link_url_404s (share.tests.ShareLinkAdminViewTest.test_revoked_link_url_404s) ... ok
test_active_link_without_expiry_is_valid (share.tests.ShareLinkModelTest.test_active_link_without_expiry_is_valid) ... ok
test_defaults (share.tests.ShareLinkModelTest.test_defaults) ... ok
test_expired_link_is_not_valid (share.tests.ShareLinkModelTest.test_expired_link_is_not_valid) ... ok
test_future_expiry_is_valid (share.tests.ShareLinkModelTest.test_future_expiry_is_valid) ... ok
test_generate_token_returns_distinct_values (share.tests.ShareLinkModelTest.test_generate_token_returns_distinct_values) ... ok
test_inactive_link_is_not_valid (share.tests.ShareLinkModelTest.test_inactive_link_is_not_valid) ... ok
test_token_is_generated_and_long (share.tests.ShareLinkModelTest.test_token_is_generated_and_long) ... ok
test_tokens_are_unique (share.tests.ShareLinkModelTest.test_tokens_are_unique) ... ok

======================================================================
ERROR: test_cycle_filter_excludes_others (assessment.test_reporting.CompareScoringCommandTest.test_cycle_filter_excludes_others)
----------------------------------------------------------------------
Traceback (most recent call last):
  File "/app/assessment/test_reporting.py", line 596, in setUp
    self.q = Questionnaire.objects.get(
             ^^^^^^^^^^^^^^^^^^^^^^^^^^
  File "/usr/local/lib/python3.12/site-packages/django/db/models/manager.py", line 87, in manager_method
    return getattr(self.get_queryset(), name)(*args, **kwargs)
           ^^^^^^^^^^^^^^^^^^^^^^^^^^^^^^^^^^^^^^^^^^^^^^^^^^^
  File "/usr/local/lib/python3.12/site-packages/django/db/models/query.py", line 651, in get
    raise self.model.DoesNotExist(
assessment.models.Questionnaire.DoesNotExist: Questionnaire matching query does not exist.

======================================================================
ERROR: test_distributed_only_filter (assessment.test_reporting.CompareScoringCommandTest.test_distributed_only_filter)
----------------------------------------------------------------------
Traceback (most recent call last):
  File "/app/assessment/test_reporting.py", line 596, in setUp
    self.q = Questionnaire.objects.get(
             ^^^^^^^^^^^^^^^^^^^^^^^^^^
  File "/usr/local/lib/python3.12/site-packages/django/db/models/manager.py", line 87, in manager_method
    return getattr(self.get_queryset(), name)(*args, **kwargs)
           ^^^^^^^^^^^^^^^^^^^^^^^^^^^^^^^^^^^^^^^^^^^^^^^^^^^
  File "/usr/local/lib/python3.12/site-packages/django/db/models/query.py", line 651, in get
    raise self.model.DoesNotExist(
assessment.models.Questionnaire.DoesNotExist: Questionnaire matching query does not exist.

======================================================================
ERROR: test_runs_and_reports_the_cycle (assessment.test_reporting.CompareScoringCommandTest.test_runs_and_reports_the_cycle)
----------------------------------------------------------------------
Traceback (most recent call last):
  File "/app/assessment/test_reporting.py", line 596, in setUp
    self.q = Questionnaire.objects.get(
             ^^^^^^^^^^^^^^^^^^^^^^^^^^
  File "/usr/local/lib/python3.12/site-packages/django/db/models/manager.py", line 87, in manager_method
    return getattr(self.get_queryset(), name)(*args, **kwargs)
           ^^^^^^^^^^^^^^^^^^^^^^^^^^^^^^^^^^^^^^^^^^^^^^^^^^^
  File "/usr/local/lib/python3.12/site-packages/django/db/models/query.py", line 651, in get
    raise self.model.DoesNotExist(
assessment.models.Questionnaire.DoesNotExist: Questionnaire matching query does not exist.

======================================================================
ERROR: test_writes_nothing (assessment.test_reporting.CompareScoringCommandTest.test_writes_nothing)
----------------------------------------------------------------------
Traceback (most recent call last):
  File "/app/assessment/test_reporting.py", line 596, in setUp
    self.q = Questionnaire.objects.get(
             ^^^^^^^^^^^^^^^^^^^^^^^^^^
  File "/usr/local/lib/python3.12/site-packages/django/db/models/manager.py", line 87, in manager_method
    return getattr(self.get_queryset(), name)(*args, **kwargs)
           ^^^^^^^^^^^^^^^^^^^^^^^^^^^^^^^^^^^^^^^^^^^^^^^^^^^
  File "/usr/local/lib/python3.12/site-packages/django/db/models/query.py", line 651, in get
    raise self.model.DoesNotExist(
assessment.models.Questionnaire.DoesNotExist: Questionnaire matching query does not exist.

======================================================================
ERROR: test_benchmark_exposes_position_and_averages_only (assessment.test_reporting.ReportAnalyticsTest.test_benchmark_exposes_position_and_averages_only)
----------------------------------------------------------------------
Traceback (most recent call last):
  File "/app/assessment/test_reporting.py", line 69, in setUp
    self.q_big = Questionnaire.objects.get(
                 ^^^^^^^^^^^^^^^^^^^^^^^^^^
  File "/usr/local/lib/python3.12/site-packages/django/db/models/manager.py", line 87, in manager_method
    return getattr(self.get_queryset(), name)(*args, **kwargs)
           ^^^^^^^^^^^^^^^^^^^^^^^^^^^^^^^^^^^^^^^^^^^^^^^^^^^
  File "/usr/local/lib/python3.12/site-packages/django/db/models/query.py", line 651, in get
    raise self.model.DoesNotExist(
assessment.models.Questionnaire.DoesNotExist: Questionnaire matching query does not exist.

======================================================================
ERROR: test_benchmark_gives_org_report_its_category_positions (assessment.test_reporting.ReportAnalyticsTest.test_benchmark_gives_org_report_its_category_positions)
----------------------------------------------------------------------
Traceback (most recent call last):
  File "/app/assessment/test_reporting.py", line 69, in setUp
    self.q_big = Questionnaire.objects.get(
                 ^^^^^^^^^^^^^^^^^^^^^^^^^^
  File "/usr/local/lib/python3.12/site-packages/django/db/models/manager.py", line 87, in manager_method
    return getattr(self.get_queryset(), name)(*args, **kwargs)
           ^^^^^^^^^^^^^^^^^^^^^^^^^^^^^^^^^^^^^^^^^^^^^^^^^^^
  File "/usr/local/lib/python3.12/site-packages/django/db/models/query.py", line 651, in get
    raise self.model.DoesNotExist(
assessment.models.Questionnaire.DoesNotExist: Questionnaire matching query does not exist.

======================================================================
ERROR: test_close_verifier_scores_not_flagged (assessment.test_reporting.ReportAnalyticsTest.test_close_verifier_scores_not_flagged)
----------------------------------------------------------------------
Traceback (most recent call last):
  File "/app/assessment/test_reporting.py", line 69, in setUp
    self.q_big = Questionnaire.objects.get(
                 ^^^^^^^^^^^^^^^^^^^^^^^^^^
  File "/usr/local/lib/python3.12/site-packages/django/db/models/manager.py", line 87, in manager_method
    return getattr(self.get_queryset(), name)(*args, **kwargs)
           ^^^^^^^^^^^^^^^^^^^^^^^^^^^^^^^^^^^^^^^^^^^^^^^^^^^
  File "/usr/local/lib/python3.12/site-packages/django/db/models/query.py", line 651, in get
    raise self.model.DoesNotExist(
assessment.models.Questionnaire.DoesNotExist: Questionnaire matching query does not exist.

======================================================================
ERROR: test_completeness_appears_on_every_ranking_row (assessment.test_reporting.ReportAnalyticsTest.test_completeness_appears_on_every_ranking_row)
----------------------------------------------------------------------
Traceback (most recent call last):
  File "/app/assessment/test_reporting.py", line 69, in setUp
    self.q_big = Questionnaire.objects.get(
                 ^^^^^^^^^^^^^^^^^^^^^^^^^^
  File "/usr/local/lib/python3.12/site-packages/django/db/models/manager.py", line 87, in manager_method
    return getattr(self.get_queryset(), name)(*args, **kwargs)
           ^^^^^^^^^^^^^^^^^^^^^^^^^^^^^^^^^^^^^^^^^^^^^^^^^^^
  File "/usr/local/lib/python3.12/site-packages/django/db/models/query.py", line 651, in get
    raise self.model.DoesNotExist(
assessment.models.Questionnaire.DoesNotExist: Questionnaire matching query does not exist.

======================================================================
ERROR: test_completeness_reports_what_the_score_hides (assessment.test_reporting.ReportAnalyticsTest.test_completeness_reports_what_the_score_hides)
----------------------------------------------------------------------
Traceback (most recent call last):
  File "/app/assessment/test_reporting.py", line 69, in setUp
    self.q_big = Questionnaire.objects.get(
                 ^^^^^^^^^^^^^^^^^^^^^^^^^^
  File "/usr/local/lib/python3.12/site-packages/django/db/models/manager.py", line 87, in manager_method
    return getattr(self.get_queryset(), name)(*args, **kwargs)
           ^^^^^^^^^^^^^^^^^^^^^^^^^^^^^^^^^^^^^^^^^^^^^^^^^^^
  File "/usr/local/lib/python3.12/site-packages/django/db/models/query.py", line 651, in get
    raise self.model.DoesNotExist(
assessment.models.Questionnaire.DoesNotExist: Questionnaire matching query does not exist.

======================================================================
ERROR: test_criterion_carries_cohort_comparison (assessment.test_reporting.ReportAnalyticsTest.test_criterion_carries_cohort_comparison)
----------------------------------------------------------------------
Traceback (most recent call last):
  File "/app/assessment/test_reporting.py", line 69, in setUp
    self.q_big = Questionnaire.objects.get(
                 ^^^^^^^^^^^^^^^^^^^^^^^^^^
  File "/usr/local/lib/python3.12/site-packages/django/db/models/manager.py", line 87, in manager_method
    return getattr(self.get_queryset(), name)(*args, **kwargs)
           ^^^^^^^^^^^^^^^^^^^^^^^^^^^^^^^^^^^^^^^^^^^^^^^^^^^
  File "/usr/local/lib/python3.12/site-packages/django/db/models/query.py", line 651, in get
    raise self.model.DoesNotExist(
assessment.models.Questionnaire.DoesNotExist: Questionnaire matching query does not exist.

======================================================================
ERROR: test_each_verifier_named_with_their_own_score (assessment.test_reporting.ReportAnalyticsTest.test_each_verifier_named_with_their_own_score)
----------------------------------------------------------------------
Traceback (most recent call last):
  File "/app/assessment/test_reporting.py", line 69, in setUp
    self.q_big = Questionnaire.objects.get(
                 ^^^^^^^^^^^^^^^^^^^^^^^^^^
  File "/usr/local/lib/python3.12/site-packages/django/db/models/manager.py", line 87, in manager_method
    return getattr(self.get_queryset(), name)(*args, **kwargs)
           ^^^^^^^^^^^^^^^^^^^^^^^^^^^^^^^^^^^^^^^^^^^^^^^^^^^
  File "/usr/local/lib/python3.12/site-packages/django/db/models/query.py", line 651, in get
    raise self.model.DoesNotExist(
assessment.models.Questionnaire.DoesNotExist: Questionnaire matching query does not exist.

======================================================================
ERROR: test_equal_scores_share_a_rank (assessment.test_reporting.ReportAnalyticsTest.test_equal_scores_share_a_rank)
----------------------------------------------------------------------
Traceback (most recent call last):
  File "/app/assessment/test_reporting.py", line 69, in setUp
    self.q_big = Questionnaire.objects.get(
                 ^^^^^^^^^^^^^^^^^^^^^^^^^^
  File "/usr/local/lib/python3.12/site-packages/django/db/models/manager.py", line 87, in manager_method
    return getattr(self.get_queryset(), name)(*args, **kwargs)
           ^^^^^^^^^^^^^^^^^^^^^^^^^^^^^^^^^^^^^^^^^^^^^^^^^^^
  File "/usr/local/lib/python3.12/site-packages/django/db/models/query.py", line 651, in get
    raise self.model.DoesNotExist(
assessment.models.Questionnaire.DoesNotExist: Questionnaire matching query does not exist.

======================================================================
ERROR: test_every_org_ranked_within_every_category (assessment.test_reporting.ReportAnalyticsTest.test_every_org_ranked_within_every_category)
----------------------------------------------------------------------
Traceback (most recent call last):
  File "/app/assessment/test_reporting.py", line 69, in setUp
    self.q_big = Questionnaire.objects.get(
                 ^^^^^^^^^^^^^^^^^^^^^^^^^^
  File "/usr/local/lib/python3.12/site-packages/django/db/models/manager.py", line 87, in manager_method
    return getattr(self.get_queryset(), name)(*args, **kwargs)
           ^^^^^^^^^^^^^^^^^^^^^^^^^^^^^^^^^^^^^^^^^^^^^^^^^^^
  File "/usr/local/lib/python3.12/site-packages/django/db/models/query.py", line 651, in get
    raise self.model.DoesNotExist(
assessment.models.Questionnaire.DoesNotExist: Questionnaire matching query does not exist.

======================================================================
ERROR: test_informal_league_scored_only_on_its_own_categories (assessment.test_reporting.ReportAnalyticsTest.test_informal_league_scored_only_on_its_own_categories)
----------------------------------------------------------------------
Traceback (most recent call last):
  File "/app/assessment/test_reporting.py", line 69, in setUp
    self.q_big = Questionnaire.objects.get(
                 ^^^^^^^^^^^^^^^^^^^^^^^^^^
  File "/usr/local/lib/python3.12/site-packages/django/db/models/manager.py", line 87, in manager_method
    return getattr(self.get_queryset(), name)(*args, **kwargs)
           ^^^^^^^^^^^^^^^^^^^^^^^^^^^^^^^^^^^^^^^^^^^^^^^^^^^
  File "/usr/local/lib/python3.12/site-packages/django/db/models/query.py", line 651, in get
    raise self.model.DoesNotExist(
assessment.models.Questionnaire.DoesNotExist: Questionnaire matching query does not exist.

======================================================================
ERROR: test_informal_org_ranked_in_its_own_league (assessment.test_reporting.ReportAnalyticsTest.test_informal_org_ranked_in_its_own_league)
----------------------------------------------------------------------
Traceback (most recent call last):
  File "/app/assessment/test_reporting.py", line 69, in setUp
    self.q_big = Questionnaire.objects.get(
                 ^^^^^^^^^^^^^^^^^^^^^^^^^^
  File "/usr/local/lib/python3.12/site-packages/django/db/models/manager.py", line 87, in manager_method
    return getattr(self.get_queryset(), name)(*args, **kwargs)
           ^^^^^^^^^^^^^^^^^^^^^^^^^^^^^^^^^^^^^^^^^^^^^^^^^^^
  File "/usr/local/lib/python3.12/site-packages/django/db/models/query.py", line 651, in get
    raise self.model.DoesNotExist(
assessment.models.Questionnaire.DoesNotExist: Questionnaire matching query does not exist.

======================================================================
ERROR: test_level_floors_rather_than_rounds_up (assessment.test_reporting.ReportAnalyticsTest.test_level_floors_rather_than_rounds_up)
----------------------------------------------------------------------
Traceback (most recent call last):
  File "/app/assessment/test_reporting.py", line 69, in setUp
    self.q_big = Questionnaire.objects.get(
                 ^^^^^^^^^^^^^^^^^^^^^^^^^^
  File "/usr/local/lib/python3.12/site-packages/django/db/models/manager.py", line 87, in manager_method
    return getattr(self.get_queryset(), name)(*args, **kwargs)
           ^^^^^^^^^^^^^^^^^^^^^^^^^^^^^^^^^^^^^^^^^^^^^^^^^^^
  File "/usr/local/lib/python3.12/site-packages/django/db/models/query.py", line 651, in get
    raise self.model.DoesNotExist(
assessment.models.Questionnaire.DoesNotExist: Questionnaire matching query does not exist.

======================================================================
ERROR: test_level_indicator_explains_score_and_next_step (assessment.test_reporting.ReportAnalyticsTest.test_level_indicator_explains_score_and_next_step)
----------------------------------------------------------------------
Traceback (most recent call last):
  File "/app/assessment/test_reporting.py", line 69, in setUp
    self.q_big = Questionnaire.objects.get(
                 ^^^^^^^^^^^^^^^^^^^^^^^^^^
  File "/usr/local/lib/python3.12/site-packages/django/db/models/manager.py", line 87, in manager_method
    return getattr(self.get_queryset(), name)(*args, **kwargs)
           ^^^^^^^^^^^^^^^^^^^^^^^^^^^^^^^^^^^^^^^^^^^^^^^^^^^
  File "/usr/local/lib/python3.12/site-packages/django/db/models/query.py", line 651, in get
    raise self.model.DoesNotExist(
assessment.models.Questionnaire.DoesNotExist: Questionnaire matching query does not exist.

======================================================================
ERROR: test_matching_self_assessment_described_as_matched (assessment.test_reporting.ReportAnalyticsTest.test_matching_self_assessment_described_as_matched)
----------------------------------------------------------------------
Traceback (most recent call last):
  File "/app/assessment/test_reporting.py", line 69, in setUp
    self.q_big = Questionnaire.objects.get(
                 ^^^^^^^^^^^^^^^^^^^^^^^^^^
  File "/usr/local/lib/python3.12/site-packages/django/db/models/manager.py", line 87, in manager_method
    return getattr(self.get_queryset(), name)(*args, **kwargs)
           ^^^^^^^^^^^^^^^^^^^^^^^^^^^^^^^^^^^^^^^^^^^^^^^^^^^
  File "/usr/local/lib/python3.12/site-packages/django/db/models/query.py", line 651, in get
    raise self.model.DoesNotExist(
assessment.models.Questionnaire.DoesNotExist: Questionnaire matching query does not exist.

======================================================================
ERROR: test_numeric_criteria_excluded_from_averages (assessment.test_reporting.ReportAnalyticsTest.test_numeric_criteria_excluded_from_averages)
----------------------------------------------------------------------
Traceback (most recent call last):
  File "/app/assessment/test_reporting.py", line 69, in setUp
    self.q_big = Questionnaire.objects.get(
                 ^^^^^^^^^^^^^^^^^^^^^^^^^^
  File "/usr/local/lib/python3.12/site-packages/django/db/models/manager.py", line 87, in manager_method
    return getattr(self.get_queryset(), name)(*args, **kwargs)
           ^^^^^^^^^^^^^^^^^^^^^^^^^^^^^^^^^^^^^^^^^^^^^^^^^^^
  File "/usr/local/lib/python3.12/site-packages/django/db/models/query.py", line 651, in get
    raise self.model.DoesNotExist(
assessment.models.Questionnaire.DoesNotExist: Questionnaire matching query does not exist.

======================================================================
ERROR: test_over_stated_gap_described_in_words (assessment.test_reporting.ReportAnalyticsTest.test_over_stated_gap_described_in_words)
----------------------------------------------------------------------
Traceback (most recent call last):
  File "/app/assessment/test_reporting.py", line 69, in setUp
    self.q_big = Questionnaire.objects.get(
                 ^^^^^^^^^^^^^^^^^^^^^^^^^^
  File "/usr/local/lib/python3.12/site-packages/django/db/models/manager.py", line 87, in manager_method
    return getattr(self.get_queryset(), name)(*args, **kwargs)
           ^^^^^^^^^^^^^^^^^^^^^^^^^^^^^^^^^^^^^^^^^^^^^^^^^^^
  File "/usr/local/lib/python3.12/site-packages/django/db/models/query.py", line 651, in get
    raise self.model.DoesNotExist(
assessment.models.Questionnaire.DoesNotExist: Questionnaire matching query does not exist.

======================================================================
ERROR: test_overall_is_flat_mean_over_criteria (assessment.test_reporting.ReportAnalyticsTest.test_overall_is_flat_mean_over_criteria)
----------------------------------------------------------------------
Traceback (most recent call last):
  File "/app/assessment/test_reporting.py", line 69, in setUp
    self.q_big = Questionnaire.objects.get(
                 ^^^^^^^^^^^^^^^^^^^^^^^^^^
  File "/usr/local/lib/python3.12/site-packages/django/db/models/manager.py", line 87, in manager_method
    return getattr(self.get_queryset(), name)(*args, **kwargs)
           ^^^^^^^^^^^^^^^^^^^^^^^^^^^^^^^^^^^^^^^^^^^^^^^^^^^
  File "/usr/local/lib/python3.12/site-packages/django/db/models/query.py", line 651, in get
    raise self.model.DoesNotExist(
assessment.models.Questionnaire.DoesNotExist: Questionnaire matching query does not exist.

======================================================================
ERROR: test_priorities_are_the_weakest_criteria (assessment.test_reporting.ReportAnalyticsTest.test_priorities_are_the_weakest_criteria)
----------------------------------------------------------------------
Traceback (most recent call last):
  File "/app/assessment/test_reporting.py", line 69, in setUp
    self.q_big = Questionnaire.objects.get(
                 ^^^^^^^^^^^^^^^^^^^^^^^^^^
  File "/usr/local/lib/python3.12/site-packages/django/db/models/manager.py", line 87, in manager_method
    return getattr(self.get_queryset(), name)(*args, **kwargs)
           ^^^^^^^^^^^^^^^^^^^^^^^^^^^^^^^^^^^^^^^^^^^^^^^^^^^
  File "/usr/local/lib/python3.12/site-packages/django/db/models/query.py", line 651, in get
    raise self.model.DoesNotExist(
assessment.models.Questionnaire.DoesNotExist: Questionnaire matching query does not exist.

======================================================================
ERROR: test_small_category_cannot_outweigh_large_one (assessment.test_reporting.ReportAnalyticsTest.test_small_category_cannot_outweigh_large_one)
----------------------------------------------------------------------
Traceback (most recent call last):
  File "/app/assessment/test_reporting.py", line 69, in setUp
    self.q_big = Questionnaire.objects.get(
                 ^^^^^^^^^^^^^^^^^^^^^^^^^^
  File "/usr/local/lib/python3.12/site-packages/django/db/models/manager.py", line 87, in manager_method
    return getattr(self.get_queryset(), name)(*args, **kwargs)
           ^^^^^^^^^^^^^^^^^^^^^^^^^^^^^^^^^^^^^^^^^^^^^^^^^^^
  File "/usr/local/lib/python3.12/site-packages/django/db/models/query.py", line 651, in get
    raise self.model.DoesNotExist(
assessment.models.Questionnaire.DoesNotExist: Questionnaire matching query does not exist.

======================================================================
ERROR: test_strengths_are_criteria_at_level_four_or_above (assessment.test_reporting.ReportAnalyticsTest.test_strengths_are_criteria_at_level_four_or_above)
----------------------------------------------------------------------
Traceback (most recent call last):
  File "/app/assessment/test_reporting.py", line 69, in setUp
    self.q_big = Questionnaire.objects.get(
                 ^^^^^^^^^^^^^^^^^^^^^^^^^^
  File "/usr/local/lib/python3.12/site-packages/django/db/models/manager.py", line 87, in manager_method
    return getattr(self.get_queryset(), name)(*args, **kwargs)
           ^^^^^^^^^^^^^^^^^^^^^^^^^^^^^^^^^^^^^^^^^^^^^^^^^^^
  File "/usr/local/lib/python3.12/site-packages/django/db/models/query.py", line 651, in get
    raise self.model.DoesNotExist(
assessment.models.Questionnaire.DoesNotExist: Questionnaire matching query does not exist.

======================================================================
ERROR: test_strong_org_still_gets_a_next_step (assessment.test_reporting.ReportAnalyticsTest.test_strong_org_still_gets_a_next_step)
----------------------------------------------------------------------
Traceback (most recent call last):
  File "/app/assessment/test_reporting.py", line 69, in setUp
    self.q_big = Questionnaire.objects.get(
                 ^^^^^^^^^^^^^^^^^^^^^^^^^^
  File "/usr/local/lib/python3.12/site-packages/django/db/models/manager.py", line 87, in manager_method
    return getattr(self.get_queryset(), name)(*args, **kwargs)
           ^^^^^^^^^^^^^^^^^^^^^^^^^^^^^^^^^^^^^^^^^^^^^^^^^^^
  File "/usr/local/lib/python3.12/site-packages/django/db/models/query.py", line 651, in get
    raise self.model.DoesNotExist(
assessment.models.Questionnaire.DoesNotExist: Questionnaire matching query does not exist.

======================================================================
ERROR: test_top_level_has_no_next_step (assessment.test_reporting.ReportAnalyticsTest.test_top_level_has_no_next_step)
----------------------------------------------------------------------
Traceback (most recent call last):
  File "/app/assessment/test_reporting.py", line 69, in setUp
    self.q_big = Questionnaire.objects.get(
                 ^^^^^^^^^^^^^^^^^^^^^^^^^^
  File "/usr/local/lib/python3.12/site-packages/django/db/models/manager.py", line 87, in manager_method
    return getattr(self.get_queryset(), name)(*args, **kwargs)
           ^^^^^^^^^^^^^^^^^^^^^^^^^^^^^^^^^^^^^^^^^^^^^^^^^^^
  File "/usr/local/lib/python3.12/site-packages/django/db/models/query.py", line 651, in get
    raise self.model.DoesNotExist(
assessment.models.Questionnaire.DoesNotExist: Questionnaire matching query does not exist.

======================================================================
ERROR: test_unanswered_criteria_excluded_from_score (assessment.test_reporting.ReportAnalyticsTest.test_unanswered_criteria_excluded_from_score)
----------------------------------------------------------------------
Traceback (most recent call last):
  File "/app/assessment/test_reporting.py", line 69, in setUp
    self.q_big = Questionnaire.objects.get(
                 ^^^^^^^^^^^^^^^^^^^^^^^^^^
  File "/usr/local/lib/python3.12/site-packages/django/db/models/manager.py", line 87, in manager_method
    return getattr(self.get_queryset(), name)(*args, **kwargs)
           ^^^^^^^^^^^^^^^^^^^^^^^^^^^^^^^^^^^^^^^^^^^^^^^^^^^
  File "/usr/local/lib/python3.12/site-packages/django/db/models/query.py", line 651, in get
    raise self.model.DoesNotExist(
assessment.models.Questionnaire.DoesNotExist: Questionnaire matching query does not exist.

======================================================================
ERROR: test_under_stated_gap_described_in_words (assessment.test_reporting.ReportAnalyticsTest.test_under_stated_gap_described_in_words)
----------------------------------------------------------------------
Traceback (most recent call last):
  File "/app/assessment/test_reporting.py", line 69, in setUp
    self.q_big = Questionnaire.objects.get(
                 ^^^^^^^^^^^^^^^^^^^^^^^^^^
  File "/usr/local/lib/python3.12/site-packages/django/db/models/manager.py", line 87, in manager_method
    return getattr(self.get_queryset(), name)(*args, **kwargs)
           ^^^^^^^^^^^^^^^^^^^^^^^^^^^^^^^^^^^^^^^^^^^^^^^^^^^
  File "/usr/local/lib/python3.12/site-packages/django/db/models/query.py", line 651, in get
    raise self.model.DoesNotExist(
assessment.models.Questionnaire.DoesNotExist: Questionnaire matching query does not exist.

======================================================================
ERROR: test_unscored_org_has_no_rank_rather_than_last_place (assessment.test_reporting.ReportAnalyticsTest.test_unscored_org_has_no_rank_rather_than_last_place)
----------------------------------------------------------------------
Traceback (most recent call last):
  File "/app/assessment/test_reporting.py", line 69, in setUp
    self.q_big = Questionnaire.objects.get(
                 ^^^^^^^^^^^^^^^^^^^^^^^^^^
  File "/usr/local/lib/python3.12/site-packages/django/db/models/manager.py", line 87, in manager_method
    return getattr(self.get_queryset(), name)(*args, **kwargs)
           ^^^^^^^^^^^^^^^^^^^^^^^^^^^^^^^^^^^^^^^^^^^^^^^^^^^
  File "/usr/local/lib/python3.12/site-packages/django/db/models/query.py", line 651, in get
    raise self.model.DoesNotExist(
assessment.models.Questionnaire.DoesNotExist: Questionnaire matching query does not exist.

======================================================================
ERROR: test_verifier_disagreement_flagged (assessment.test_reporting.ReportAnalyticsTest.test_verifier_disagreement_flagged)
----------------------------------------------------------------------
Traceback (most recent call last):
  File "/app/assessment/test_reporting.py", line 69, in setUp
    self.q_big = Questionnaire.objects.get(
                 ^^^^^^^^^^^^^^^^^^^^^^^^^^
  File "/usr/local/lib/python3.12/site-packages/django/db/models/manager.py", line 87, in manager_method
    return getattr(self.get_queryset(), name)(*args, **kwargs)
           ^^^^^^^^^^^^^^^^^^^^^^^^^^^^^^^^^^^^^^^^^^^^^^^^^^^
  File "/usr/local/lib/python3.12/site-packages/django/db/models/query.py", line 651, in get
    raise self.model.DoesNotExist(
assessment.models.Questionnaire.DoesNotExist: Questionnaire matching query does not exist.

======================================================================
ERROR: test_verifier_notes_reach_the_report (assessment.test_reporting.ReportAnalyticsTest.test_verifier_notes_reach_the_report)
----------------------------------------------------------------------
Traceback (most recent call last):
  File "/app/assessment/test_reporting.py", line 69, in setUp
    self.q_big = Questionnaire.objects.get(
                 ^^^^^^^^^^^^^^^^^^^^^^^^^^
  File "/usr/local/lib/python3.12/site-packages/django/db/models/manager.py", line 87, in manager_method
    return getattr(self.get_queryset(), name)(*args, **kwargs)
           ^^^^^^^^^^^^^^^^^^^^^^^^^^^^^^^^^^^^^^^^^^^^^^^^^^^
  File "/usr/local/lib/python3.12/site-packages/django/db/models/query.py", line 651, in get
    raise self.model.DoesNotExist(
assessment.models.Questionnaire.DoesNotExist: Questionnaire matching query does not exist.

======================================================================
ERROR: test_criterion_detail_uses_a_class_the_stylesheet_defines (assessment.test_reporting.ReportPageRenderTest.test_criterion_detail_uses_a_class_the_stylesheet_defines)
Regression: the old markup toggled .cat-detail.open, a rule that
----------------------------------------------------------------------
Traceback (most recent call last):
  File "/app/assessment/test_reporting.py", line 413, in setUp
    self.q = Questionnaire.objects.get(
             ^^^^^^^^^^^^^^^^^^^^^^^^^^
  File "/usr/local/lib/python3.12/site-packages/django/db/models/manager.py", line 87, in manager_method
    return getattr(self.get_queryset(), name)(*args, **kwargs)
           ^^^^^^^^^^^^^^^^^^^^^^^^^^^^^^^^^^^^^^^^^^^^^^^^^^^
  File "/usr/local/lib/python3.12/site-packages/django/db/models/query.py", line 651, in get
    raise self.model.DoesNotExist(
assessment.models.Questionnaire.DoesNotExist: Questionnaire matching query does not exist.

======================================================================
ERROR: test_cycle_excel_export_has_a_by_category_sheet (assessment.test_reporting.ReportPageRenderTest.test_cycle_excel_export_has_a_by_category_sheet)
----------------------------------------------------------------------
Traceback (most recent call last):
  File "/app/assessment/test_reporting.py", line 413, in setUp
    self.q = Questionnaire.objects.get(
             ^^^^^^^^^^^^^^^^^^^^^^^^^^
  File "/usr/local/lib/python3.12/site-packages/django/db/models/manager.py", line 87, in manager_method
    return getattr(self.get_queryset(), name)(*args, **kwargs)
           ^^^^^^^^^^^^^^^^^^^^^^^^^^^^^^^^^^^^^^^^^^^^^^^^^^^
  File "/usr/local/lib/python3.12/site-packages/django/db/models/query.py", line 651, in get
    raise self.model.DoesNotExist(
assessment.models.Questionnaire.DoesNotExist: Questionnaire matching query does not exist.

======================================================================
ERROR: test_cycle_results_renders_leagues_and_category_standings (assessment.test_reporting.ReportPageRenderTest.test_cycle_results_renders_leagues_and_category_standings)
----------------------------------------------------------------------
Traceback (most recent call last):
  File "/app/assessment/test_reporting.py", line 413, in setUp
    self.q = Questionnaire.objects.get(
             ^^^^^^^^^^^^^^^^^^^^^^^^^^
  File "/usr/local/lib/python3.12/site-packages/django/db/models/manager.py", line 87, in manager_method
    return getattr(self.get_queryset(), name)(*args, **kwargs)
           ^^^^^^^^^^^^^^^^^^^^^^^^^^^^^^^^^^^^^^^^^^^^^^^^^^^
  File "/usr/local/lib/python3.12/site-packages/django/db/models/query.py", line 651, in get
    raise self.model.DoesNotExist(
assessment.models.Questionnaire.DoesNotExist: Questionnaire matching query does not exist.

======================================================================
ERROR: test_excel_export_carries_verifier_reasoning (assessment.test_reporting.ReportPageRenderTest.test_excel_export_carries_verifier_reasoning)
----------------------------------------------------------------------
Traceback (most recent call last):
  File "/app/assessment/test_reporting.py", line 413, in setUp
    self.q = Questionnaire.objects.get(
             ^^^^^^^^^^^^^^^^^^^^^^^^^^
  File "/usr/local/lib/python3.12/site-packages/django/db/models/manager.py", line 87, in manager_method
    return getattr(self.get_queryset(), name)(*args, **kwargs)
           ^^^^^^^^^^^^^^^^^^^^^^^^^^^^^^^^^^^^^^^^^^^^^^^^^^^
  File "/usr/local/lib/python3.12/site-packages/django/db/models/query.py", line 651, in get
    raise self.model.DoesNotExist(
assessment.models.Questionnaire.DoesNotExist: Questionnaire matching query does not exist.

======================================================================
ERROR: test_member_does_not_see_verifier_disagreements_panel (assessment.test_reporting.ReportPageRenderTest.test_member_does_not_see_verifier_disagreements_panel)
----------------------------------------------------------------------
Traceback (most recent call last):
  File "/app/assessment/test_reporting.py", line 413, in setUp
    self.q = Questionnaire.objects.get(
             ^^^^^^^^^^^^^^^^^^^^^^^^^^
  File "/usr/local/lib/python3.12/site-packages/django/db/models/manager.py", line 87, in manager_method
    return getattr(self.get_queryset(), name)(*args, **kwargs)
           ^^^^^^^^^^^^^^^^^^^^^^^^^^^^^^^^^^^^^^^^^^^^^^^^^^^
  File "/usr/local/lib/python3.12/site-packages/django/db/models/query.py", line 651, in get
    raise self.model.DoesNotExist(
assessment.models.Questionnaire.DoesNotExist: Questionnaire matching query does not exist.

======================================================================
ERROR: test_member_sees_own_report_without_peer_names (assessment.test_reporting.ReportPageRenderTest.test_member_sees_own_report_without_peer_names)
----------------------------------------------------------------------
Traceback (most recent call last):
  File "/app/assessment/test_reporting.py", line 413, in setUp
    self.q = Questionnaire.objects.get(
             ^^^^^^^^^^^^^^^^^^^^^^^^^^
  File "/usr/local/lib/python3.12/site-packages/django/db/models/manager.py", line 87, in manager_method
    return getattr(self.get_queryset(), name)(*args, **kwargs)
           ^^^^^^^^^^^^^^^^^^^^^^^^^^^^^^^^^^^^^^^^^^^^^^^^^^^
  File "/usr/local/lib/python3.12/site-packages/django/db/models/query.py", line 651, in get
    raise self.model.DoesNotExist(
assessment.models.Questionnaire.DoesNotExist: Questionnaire matching query does not exist.

======================================================================
ERROR: test_org_report_renders (assessment.test_reporting.ReportPageRenderTest.test_org_report_renders)
----------------------------------------------------------------------
Traceback (most recent call last):
  File "/app/assessment/test_reporting.py", line 413, in setUp
    self.q = Questionnaire.objects.get(
             ^^^^^^^^^^^^^^^^^^^^^^^^^^
  File "/usr/local/lib/python3.12/site-packages/django/db/models/manager.py", line 87, in manager_method
    return getattr(self.get_queryset(), name)(*args, **kwargs)
           ^^^^^^^^^^^^^^^^^^^^^^^^^^^^^^^^^^^^^^^^^^^^^^^^^^^
  File "/usr/local/lib/python3.12/site-packages/django/db/models/query.py", line 651, in get
    raise self.model.DoesNotExist(
assessment.models.Questionnaire.DoesNotExist: Questionnaire matching query does not exist.

======================================================================
ERROR: test_pdf_export_still_builds (assessment.test_reporting.ReportPageRenderTest.test_pdf_export_still_builds)
----------------------------------------------------------------------
Traceback (most recent call last):
  File "/app/assessment/test_reporting.py", line 413, in setUp
    self.q = Questionnaire.objects.get(
             ^^^^^^^^^^^^^^^^^^^^^^^^^^
  File "/usr/local/lib/python3.12/site-packages/django/db/models/manager.py", line 87, in manager_method
    return getattr(self.get_queryset(), name)(*args, **kwargs)
           ^^^^^^^^^^^^^^^^^^^^^^^^^^^^^^^^^^^^^^^^^^^^^^^^^^^
  File "/usr/local/lib/python3.12/site-packages/django/db/models/query.py", line 651, in get
    raise self.model.DoesNotExist(
assessment.models.Questionnaire.DoesNotExist: Questionnaire matching query does not exist.

======================================================================
ERROR: test_report_leads_with_verified_score (assessment.test_reporting.ReportPageRenderTest.test_report_leads_with_verified_score)
----------------------------------------------------------------------
Traceback (most recent call last):
  File "/app/assessment/test_reporting.py", line 413, in setUp
    self.q = Questionnaire.objects.get(
             ^^^^^^^^^^^^^^^^^^^^^^^^^^
  File "/usr/local/lib/python3.12/site-packages/django/db/models/manager.py", line 87, in manager_method
    return getattr(self.get_queryset(), name)(*args, **kwargs)
           ^^^^^^^^^^^^^^^^^^^^^^^^^^^^^^^^^^^^^^^^^^^^^^^^^^^
  File "/usr/local/lib/python3.12/site-packages/django/db/models/query.py", line 651, in get
    raise self.model.DoesNotExist(
assessment.models.Questionnaire.DoesNotExist: Questionnaire matching query does not exist.

======================================================================
ERROR: test_report_shows_rank_and_cohort (assessment.test_reporting.ReportPageRenderTest.test_report_shows_rank_and_cohort)
----------------------------------------------------------------------
Traceback (most recent call last):
  File "/app/assessment/test_reporting.py", line 413, in setUp
    self.q = Questionnaire.objects.get(
             ^^^^^^^^^^^^^^^^^^^^^^^^^^
  File "/usr/local/lib/python3.12/site-packages/django/db/models/manager.py", line 87, in manager_method
    return getattr(self.get_queryset(), name)(*args, **kwargs)
           ^^^^^^^^^^^^^^^^^^^^^^^^^^^^^^^^^^^^^^^^^^^^^^^^^^^
  File "/usr/local/lib/python3.12/site-packages/django/db/models/query.py", line 651, in get
    raise self.model.DoesNotExist(
assessment.models.Questionnaire.DoesNotExist: Questionnaire matching query does not exist.

======================================================================
ERROR: test_report_shows_the_verifier_reason (assessment.test_reporting.ReportPageRenderTest.test_report_shows_the_verifier_reason)
----------------------------------------------------------------------
Traceback (most recent call last):
  File "/app/assessment/test_reporting.py", line 413, in setUp
    self.q = Questionnaire.objects.get(
             ^^^^^^^^^^^^^^^^^^^^^^^^^^
  File "/usr/local/lib/python3.12/site-packages/django/db/models/manager.py", line 87, in manager_method
    return getattr(self.get_queryset(), name)(*args, **kwargs)
           ^^^^^^^^^^^^^^^^^^^^^^^^^^^^^^^^^^^^^^^^^^^^^^^^^^^
  File "/usr/local/lib/python3.12/site-packages/django/db/models/query.py", line 651, in get
    raise self.model.DoesNotExist(
assessment.models.Questionnaire.DoesNotExist: Questionnaire matching query does not exist.

======================================================================
ERROR: test_report_shows_why_this_level_and_the_next_step (assessment.test_reporting.ReportPageRenderTest.test_report_shows_why_this_level_and_the_next_step)
----------------------------------------------------------------------
Traceback (most recent call last):
  File "/app/assessment/test_reporting.py", line 413, in setUp
    self.q = Questionnaire.objects.get(
             ^^^^^^^^^^^^^^^^^^^^^^^^^^
  File "/usr/local/lib/python3.12/site-packages/django/db/models/manager.py", line 87, in manager_method
    return getattr(self.get_queryset(), name)(*args, **kwargs)
           ^^^^^^^^^^^^^^^^^^^^^^^^^^^^^^^^^^^^^^^^^^^^^^^^^^^
  File "/usr/local/lib/python3.12/site-packages/django/db/models/query.py", line 651, in get
    raise self.model.DoesNotExist(
assessment.models.Questionnaire.DoesNotExist: Questionnaire matching query does not exist.

======================================================================
ERROR: test_report_states_the_gap_in_words (assessment.test_reporting.ReportPageRenderTest.test_report_states_the_gap_in_words)
----------------------------------------------------------------------
Traceback (most recent call last):
  File "/app/assessment/test_reporting.py", line 413, in setUp
    self.q = Questionnaire.objects.get(
             ^^^^^^^^^^^^^^^^^^^^^^^^^^
  File "/usr/local/lib/python3.12/site-packages/django/db/models/manager.py", line 87, in manager_method
    return getattr(self.get_queryset(), name)(*args, **kwargs)
           ^^^^^^^^^^^^^^^^^^^^^^^^^^^^^^^^^^^^^^^^^^^^^^^^^^^
  File "/usr/local/lib/python3.12/site-packages/django/db/models/query.py", line 651, in get
    raise self.model.DoesNotExist(
assessment.models.Questionnaire.DoesNotExist: Questionnaire matching query does not exist.

======================================================================
ERROR: test_member_fill_other_org_questionnaire_returns_403 (assessment.tests.AccessDeniedReturns403Test.test_member_fill_other_org_questionnaire_returns_403)
----------------------------------------------------------------------
Traceback (most recent call last):
  File "/app/assessment/tests.py", line 732, in setUp
    self.q_org2 = Questionnaire.objects.get(cycle=self.cycle, organization=self.org2)
                  ^^^^^^^^^^^^^^^^^^^^^^^^^^^^^^^^^^^^^^^^^^^^^^^^^^^^^^^^^^^^^^^^^^^
  File "/usr/local/lib/python3.12/site-packages/django/db/models/manager.py", line 87, in manager_method
    return getattr(self.get_queryset(), name)(*args, **kwargs)
           ^^^^^^^^^^^^^^^^^^^^^^^^^^^^^^^^^^^^^^^^^^^^^^^^^^^
  File "/usr/local/lib/python3.12/site-packages/django/db/models/query.py", line 651, in get
    raise self.model.DoesNotExist(
assessment.models.Questionnaire.DoesNotExist: Questionnaire matching query does not exist.

======================================================================
ERROR: test_member_submit_other_org_questionnaire_returns_403 (assessment.tests.AccessDeniedReturns403Test.test_member_submit_other_org_questionnaire_returns_403)
----------------------------------------------------------------------
Traceback (most recent call last):
  File "/app/assessment/tests.py", line 732, in setUp
    self.q_org2 = Questionnaire.objects.get(cycle=self.cycle, organization=self.org2)
                  ^^^^^^^^^^^^^^^^^^^^^^^^^^^^^^^^^^^^^^^^^^^^^^^^^^^^^^^^^^^^^^^^^^^
  File "/usr/local/lib/python3.12/site-packages/django/db/models/manager.py", line 87, in manager_method
    return getattr(self.get_queryset(), name)(*args, **kwargs)
           ^^^^^^^^^^^^^^^^^^^^^^^^^^^^^^^^^^^^^^^^^^^^^^^^^^^
  File "/usr/local/lib/python3.12/site-packages/django/db/models/query.py", line 651, in get
    raise self.model.DoesNotExist(
assessment.models.Questionnaire.DoesNotExist: Questionnaire matching query does not exist.

======================================================================
ERROR: test_unassigned_verifier_accessing_questionnaire_returns_403 (assessment.tests.AccessDeniedReturns403Test.test_unassigned_verifier_accessing_questionnaire_returns_403)
----------------------------------------------------------------------
Traceback (most recent call last):
  File "/app/assessment/tests.py", line 732, in setUp
    self.q_org2 = Questionnaire.objects.get(cycle=self.cycle, organization=self.org2)
                  ^^^^^^^^^^^^^^^^^^^^^^^^^^^^^^^^^^^^^^^^^^^^^^^^^^^^^^^^^^^^^^^^^^^
  File "/usr/local/lib/python3.12/site-packages/django/db/models/manager.py", line 87, in manager_method
    return getattr(self.get_queryset(), name)(*args, **kwargs)
           ^^^^^^^^^^^^^^^^^^^^^^^^^^^^^^^^^^^^^^^^^^^^^^^^^^^
  File "/usr/local/lib/python3.12/site-packages/django/db/models/query.py", line 651, in get
    raise self.model.DoesNotExist(
assessment.models.Questionnaire.DoesNotExist: Questionnaire matching query does not exist.

======================================================================
ERROR: test_context_includes_org_data (assessment.tests.AdminDashboardContextTest.test_context_includes_org_data)
----------------------------------------------------------------------
Traceback (most recent call last):
  File "/app/assessment/tests.py", line 423, in setUp
    self.q = Questionnaire.objects.get(cycle=self.cycle, organization=self.org)
             ^^^^^^^^^^^^^^^^^^^^^^^^^^^^^^^^^^^^^^^^^^^^^^^^^^^^^^^^^^^^^^^^^^
  File "/usr/local/lib/python3.12/site-packages/django/db/models/manager.py", line 87, in manager_method
    return getattr(self.get_queryset(), name)(*args, **kwargs)
           ^^^^^^^^^^^^^^^^^^^^^^^^^^^^^^^^^^^^^^^^^^^^^^^^^^^
  File "/usr/local/lib/python3.12/site-packages/django/db/models/query.py", line 651, in get
    raise self.model.DoesNotExist(
assessment.models.Questionnaire.DoesNotExist: Questionnaire matching query does not exist.

======================================================================
ERROR: test_context_includes_submission_rate (assessment.tests.AdminDashboardContextTest.test_context_includes_submission_rate)
----------------------------------------------------------------------
Traceback (most recent call last):
  File "/app/assessment/tests.py", line 423, in setUp
    self.q = Questionnaire.objects.get(cycle=self.cycle, organization=self.org)
             ^^^^^^^^^^^^^^^^^^^^^^^^^^^^^^^^^^^^^^^^^^^^^^^^^^^^^^^^^^^^^^^^^^
  File "/usr/local/lib/python3.12/site-packages/django/db/models/manager.py", line 87, in manager_method
    return getattr(self.get_queryset(), name)(*args, **kwargs)
           ^^^^^^^^^^^^^^^^^^^^^^^^^^^^^^^^^^^^^^^^^^^^^^^^^^^
  File "/usr/local/lib/python3.12/site-packages/django/db/models/query.py", line 651, in get
    raise self.model.DoesNotExist(
assessment.models.Questionnaire.DoesNotExist: Questionnaire matching query does not exist.

======================================================================
ERROR: test_submission_rate_100_when_all_submitted (assessment.tests.AdminDashboardContextTest.test_submission_rate_100_when_all_submitted)
----------------------------------------------------------------------
Traceback (most recent call last):
  File "/app/assessment/tests.py", line 423, in setUp
    self.q = Questionnaire.objects.get(cycle=self.cycle, organization=self.org)
             ^^^^^^^^^^^^^^^^^^^^^^^^^^^^^^^^^^^^^^^^^^^^^^^^^^^^^^^^^^^^^^^^^^
  File "/usr/local/lib/python3.12/site-packages/django/db/models/manager.py", line 87, in manager_method
    return getattr(self.get_queryset(), name)(*args, **kwargs)
           ^^^^^^^^^^^^^^^^^^^^^^^^^^^^^^^^^^^^^^^^^^^^^^^^^^^
  File "/usr/local/lib/python3.12/site-packages/django/db/models/query.py", line 651, in get
    raise self.model.DoesNotExist(
assessment.models.Questionnaire.DoesNotExist: Questionnaire matching query does not exist.

======================================================================
ERROR: test_verifier_with_evidence_link_can_access (assessment.tests.CanAccessDocumentTest.test_verifier_with_evidence_link_can_access)
----------------------------------------------------------------------
Traceback (most recent call last):
  File "/app/assessment/tests.py", line 1770, in test_verifier_with_evidence_link_can_access
    q = Questionnaire.objects.get(cycle=cycle, organization=self.org)
        ^^^^^^^^^^^^^^^^^^^^^^^^^^^^^^^^^^^^^^^^^^^^^^^^^^^^^^^^^^^^^
  File "/usr/local/lib/python3.12/site-packages/django/db/models/manager.py", line 87, in manager_method
    return getattr(self.get_queryset(), name)(*args, **kwargs)
           ^^^^^^^^^^^^^^^^^^^^^^^^^^^^^^^^^^^^^^^^^^^^^^^^^^^
  File "/usr/local/lib/python3.12/site-packages/django/db/models/query.py", line 651, in get
    raise self.model.DoesNotExist(
assessment.models.Questionnaire.DoesNotExist: Questionnaire matching query does not exist.

======================================================================
ERROR: test_category_leader_best_and_worst (assessment.tests.ComputeCycleAnalyticsTest.test_category_leader_best_and_worst)
----------------------------------------------------------------------
Traceback (most recent call last):
  File "/app/assessment/tests.py", line 1140, in setUp
    self.q_a = Questionnaire.objects.get(cycle=self.cycle, organization=self.org_a)
               ^^^^^^^^^^^^^^^^^^^^^^^^^^^^^^^^^^^^^^^^^^^^^^^^^^^^^^^^^^^^^^^^^^^^
  File "/usr/local/lib/python3.12/site-packages/django/db/models/manager.py", line 87, in manager_method
    return getattr(self.get_queryset(), name)(*args, **kwargs)
           ^^^^^^^^^^^^^^^^^^^^^^^^^^^^^^^^^^^^^^^^^^^^^^^^^^^
  File "/usr/local/lib/python3.12/site-packages/django/db/models/query.py", line 651, in get
    raise self.model.DoesNotExist(
assessment.models.Questionnaire.DoesNotExist: Questionnaire matching query does not exist.

======================================================================
ERROR: test_cycle_avg_verifier (assessment.tests.ComputeCycleAnalyticsTest.test_cycle_avg_verifier)
----------------------------------------------------------------------
Traceback (most recent call last):
  File "/app/assessment/tests.py", line 1140, in setUp
    self.q_a = Questionnaire.objects.get(cycle=self.cycle, organization=self.org_a)
               ^^^^^^^^^^^^^^^^^^^^^^^^^^^^^^^^^^^^^^^^^^^^^^^^^^^^^^^^^^^^^^^^^^^^
  File "/usr/local/lib/python3.12/site-packages/django/db/models/manager.py", line 87, in manager_method
    return getattr(self.get_queryset(), name)(*args, **kwargs)
           ^^^^^^^^^^^^^^^^^^^^^^^^^^^^^^^^^^^^^^^^^^^^^^^^^^^
  File "/usr/local/lib/python3.12/site-packages/django/db/models/query.py", line 651, in get
    raise self.model.DoesNotExist(
assessment.models.Questionnaire.DoesNotExist: Questionnaire matching query does not exist.

======================================================================
ERROR: test_cycle_high_and_low (assessment.tests.ComputeCycleAnalyticsTest.test_cycle_high_and_low)
----------------------------------------------------------------------
Traceback (most recent call last):
  File "/app/assessment/tests.py", line 1140, in setUp
    self.q_a = Questionnaire.objects.get(cycle=self.cycle, organization=self.org_a)
               ^^^^^^^^^^^^^^^^^^^^^^^^^^^^^^^^^^^^^^^^^^^^^^^^^^^^^^^^^^^^^^^^^^^^
  File "/usr/local/lib/python3.12/site-packages/django/db/models/manager.py", line 87, in manager_method
    return getattr(self.get_queryset(), name)(*args, **kwargs)
           ^^^^^^^^^^^^^^^^^^^^^^^^^^^^^^^^^^^^^^^^^^^^^^^^^^^
  File "/usr/local/lib/python3.12/site-packages/django/db/models/query.py", line 651, in get
    raise self.model.DoesNotExist(
assessment.models.Questionnaire.DoesNotExist: Questionnaire matching query does not exist.

======================================================================
ERROR: test_empty_cycle_returns_empty_results (assessment.tests.ComputeCycleAnalyticsTest.test_empty_cycle_returns_empty_results)
----------------------------------------------------------------------
Traceback (most recent call last):
  File "/app/assessment/tests.py", line 1140, in setUp
    self.q_a = Questionnaire.objects.get(cycle=self.cycle, organization=self.org_a)
               ^^^^^^^^^^^^^^^^^^^^^^^^^^^^^^^^^^^^^^^^^^^^^^^^^^^^^^^^^^^^^^^^^^^^
  File "/usr/local/lib/python3.12/site-packages/django/db/models/manager.py", line 87, in manager_method
    return getattr(self.get_queryset(), name)(*args, **kwargs)
           ^^^^^^^^^^^^^^^^^^^^^^^^^^^^^^^^^^^^^^^^^^^^^^^^^^^
  File "/usr/local/lib/python3.12/site-packages/django/db/models/query.py", line 651, in get
    raise self.model.DoesNotExist(
assessment.models.Questionnaire.DoesNotExist: Questionnaire matching query does not exist.

======================================================================
ERROR: test_ranked_orgs_sorted_descending (assessment.tests.ComputeCycleAnalyticsTest.test_ranked_orgs_sorted_descending)
----------------------------------------------------------------------
Traceback (most recent call last):
  File "/app/assessment/tests.py", line 1140, in setUp
    self.q_a = Questionnaire.objects.get(cycle=self.cycle, organization=self.org_a)
               ^^^^^^^^^^^^^^^^^^^^^^^^^^^^^^^^^^^^^^^^^^^^^^^^^^^^^^^^^^^^^^^^^^^^
  File "/usr/local/lib/python3.12/site-packages/django/db/models/manager.py", line 87, in manager_method
    return getattr(self.get_queryset(), name)(*args, **kwargs)
           ^^^^^^^^^^^^^^^^^^^^^^^^^^^^^^^^^^^^^^^^^^^^^^^^^^^
  File "/usr/local/lib/python3.12/site-packages/django/db/models/query.py", line 651, in get
    raise self.model.DoesNotExist(
assessment.models.Questionnaire.DoesNotExist: Questionnaire matching query does not exist.

======================================================================
ERROR: test_ranks_assigned_correctly (assessment.tests.ComputeCycleAnalyticsTest.test_ranks_assigned_correctly)
----------------------------------------------------------------------
Traceback (most recent call last):
  File "/app/assessment/tests.py", line 1140, in setUp
    self.q_a = Questionnaire.objects.get(cycle=self.cycle, organization=self.org_a)
               ^^^^^^^^^^^^^^^^^^^^^^^^^^^^^^^^^^^^^^^^^^^^^^^^^^^^^^^^^^^^^^^^^^^^
  File "/usr/local/lib/python3.12/site-packages/django/db/models/manager.py", line 87, in manager_method
    return getattr(self.get_queryset(), name)(*args, **kwargs)
           ^^^^^^^^^^^^^^^^^^^^^^^^^^^^^^^^^^^^^^^^^^^^^^^^^^^
  File "/usr/local/lib/python3.12/site-packages/django/db/models/query.py", line 651, in get
    raise self.model.DoesNotExist(
assessment.models.Questionnaire.DoesNotExist: Questionnaire matching query does not exist.

======================================================================
ERROR: test_unsubmitted_questionnaires_excluded (assessment.tests.ComputeCycleAnalyticsTest.test_unsubmitted_questionnaires_excluded)
----------------------------------------------------------------------
Traceback (most recent call last):
  File "/app/assessment/tests.py", line 1140, in setUp
    self.q_a = Questionnaire.objects.get(cycle=self.cycle, organization=self.org_a)
               ^^^^^^^^^^^^^^^^^^^^^^^^^^^^^^^^^^^^^^^^^^^^^^^^^^^^^^^^^^^^^^^^^^^^
  File "/usr/local/lib/python3.12/site-packages/django/db/models/manager.py", line 87, in manager_method
    return getattr(self.get_queryset(), name)(*args, **kwargs)
           ^^^^^^^^^^^^^^^^^^^^^^^^^^^^^^^^^^^^^^^^^^^^^^^^^^^
  File "/usr/local/lib/python3.12/site-packages/django/db/models/query.py", line 651, in get
    raise self.model.DoesNotExist(
assessment.models.Questionnaire.DoesNotExist: Questionnaire matching query does not exist.

======================================================================
ERROR: test_category_entry_has_correct_avgs (assessment.tests.ComputeOrgAnalyticsTest.test_category_entry_has_correct_avgs)
----------------------------------------------------------------------
Traceback (most recent call last):
  File "/app/assessment/tests.py", line 1045, in setUp
    self.q = Questionnaire.objects.get(cycle=self.cycle, organization=self.org)
             ^^^^^^^^^^^^^^^^^^^^^^^^^^^^^^^^^^^^^^^^^^^^^^^^^^^^^^^^^^^^^^^^^^
  File "/usr/local/lib/python3.12/site-packages/django/db/models/manager.py", line 87, in manager_method
    return getattr(self.get_queryset(), name)(*args, **kwargs)
           ^^^^^^^^^^^^^^^^^^^^^^^^^^^^^^^^^^^^^^^^^^^^^^^^^^^
  File "/usr/local/lib/python3.12/site-packages/django/db/models/query.py", line 651, in get
    raise self.model.DoesNotExist(
assessment.models.Questionnaire.DoesNotExist: Questionnaire matching query does not exist.

======================================================================
ERROR: test_criteria_included_in_category (assessment.tests.ComputeOrgAnalyticsTest.test_criteria_included_in_category)
----------------------------------------------------------------------
Traceback (most recent call last):
  File "/app/assessment/tests.py", line 1045, in setUp
    self.q = Questionnaire.objects.get(cycle=self.cycle, organization=self.org)
             ^^^^^^^^^^^^^^^^^^^^^^^^^^^^^^^^^^^^^^^^^^^^^^^^^^^^^^^^^^^^^^^^^^
  File "/usr/local/lib/python3.12/site-packages/django/db/models/manager.py", line 87, in manager_method
    return getattr(self.get_queryset(), name)(*args, **kwargs)
           ^^^^^^^^^^^^^^^^^^^^^^^^^^^^^^^^^^^^^^^^^^^^^^^^^^^
  File "/usr/local/lib/python3.12/site-packages/django/db/models/query.py", line 651, in get
    raise self.model.DoesNotExist(
assessment.models.Questionnaire.DoesNotExist: Questionnaire matching query does not exist.

======================================================================
ERROR: test_no_verifier_scores_returns_none (assessment.tests.ComputeOrgAnalyticsTest.test_no_verifier_scores_returns_none)
----------------------------------------------------------------------
Traceback (most recent call last):
  File "/app/assessment/tests.py", line 1045, in setUp
    self.q = Questionnaire.objects.get(cycle=self.cycle, organization=self.org)
             ^^^^^^^^^^^^^^^^^^^^^^^^^^^^^^^^^^^^^^^^^^^^^^^^^^^^^^^^^^^^^^^^^^
  File "/usr/local/lib/python3.12/site-packages/django/db/models/manager.py", line 87, in manager_method
    return getattr(self.get_queryset(), name)(*args, **kwargs)
           ^^^^^^^^^^^^^^^^^^^^^^^^^^^^^^^^^^^^^^^^^^^^^^^^^^^
  File "/usr/local/lib/python3.12/site-packages/django/db/models/query.py", line 651, in get
    raise self.model.DoesNotExist(
assessment.models.Questionnaire.DoesNotExist: Questionnaire matching query does not exist.

======================================================================
ERROR: test_overall_gap (assessment.tests.ComputeOrgAnalyticsTest.test_overall_gap)
----------------------------------------------------------------------
Traceback (most recent call last):
  File "/app/assessment/tests.py", line 1045, in setUp
    self.q = Questionnaire.objects.get(cycle=self.cycle, organization=self.org)
             ^^^^^^^^^^^^^^^^^^^^^^^^^^^^^^^^^^^^^^^^^^^^^^^^^^^^^^^^^^^^^^^^^^
  File "/usr/local/lib/python3.12/site-packages/django/db/models/manager.py", line 87, in manager_method
    return getattr(self.get_queryset(), name)(*args, **kwargs)
           ^^^^^^^^^^^^^^^^^^^^^^^^^^^^^^^^^^^^^^^^^^^^^^^^^^^
  File "/usr/local/lib/python3.12/site-packages/django/db/models/query.py", line 651, in get
    raise self.model.DoesNotExist(
assessment.models.Questionnaire.DoesNotExist: Questionnaire matching query does not exist.

======================================================================
ERROR: test_overall_member_score (assessment.tests.ComputeOrgAnalyticsTest.test_overall_member_score)
----------------------------------------------------------------------
Traceback (most recent call last):
  File "/app/assessment/tests.py", line 1045, in setUp
    self.q = Questionnaire.objects.get(cycle=self.cycle, organization=self.org)
             ^^^^^^^^^^^^^^^^^^^^^^^^^^^^^^^^^^^^^^^^^^^^^^^^^^^^^^^^^^^^^^^^^^
  File "/usr/local/lib/python3.12/site-packages/django/db/models/manager.py", line 87, in manager_method
    return getattr(self.get_queryset(), name)(*args, **kwargs)
           ^^^^^^^^^^^^^^^^^^^^^^^^^^^^^^^^^^^^^^^^^^^^^^^^^^^
  File "/usr/local/lib/python3.12/site-packages/django/db/models/query.py", line 651, in get
    raise self.model.DoesNotExist(
assessment.models.Questionnaire.DoesNotExist: Questionnaire matching query does not exist.

======================================================================
ERROR: test_overall_verifier_score (assessment.tests.ComputeOrgAnalyticsTest.test_overall_verifier_score)
----------------------------------------------------------------------
Traceback (most recent call last):
  File "/app/assessment/tests.py", line 1045, in setUp
    self.q = Questionnaire.objects.get(cycle=self.cycle, organization=self.org)
             ^^^^^^^^^^^^^^^^^^^^^^^^^^^^^^^^^^^^^^^^^^^^^^^^^^^^^^^^^^^^^^^^^^
  File "/usr/local/lib/python3.12/site-packages/django/db/models/manager.py", line 87, in manager_method
    return getattr(self.get_queryset(), name)(*args, **kwargs)
           ^^^^^^^^^^^^^^^^^^^^^^^^^^^^^^^^^^^^^^^^^^^^^^^^^^^
  File "/usr/local/lib/python3.12/site-packages/django/db/models/query.py", line 651, in get
    raise self.model.DoesNotExist(
assessment.models.Questionnaire.DoesNotExist: Questionnaire matching query does not exist.

======================================================================
ERROR: test_strengths_weaknesses_ordering (assessment.tests.ComputeOrgAnalyticsTest.test_strengths_weaknesses_ordering)
----------------------------------------------------------------------
Traceback (most recent call last):
  File "/app/assessment/tests.py", line 1045, in setUp
    self.q = Questionnaire.objects.get(cycle=self.cycle, organization=self.org)
             ^^^^^^^^^^^^^^^^^^^^^^^^^^^^^^^^^^^^^^^^^^^^^^^^^^^^^^^^^^^^^^^^^^
  File "/usr/local/lib/python3.12/site-packages/django/db/models/manager.py", line 87, in manager_method
    return getattr(self.get_queryset(), name)(*args, **kwargs)
           ^^^^^^^^^^^^^^^^^^^^^^^^^^^^^^^^^^^^^^^^^^^^^^^^^^^
  File "/usr/local/lib/python3.12/site-packages/django/db/models/query.py", line 651, in get
    raise self.model.DoesNotExist(
assessment.models.Questionnaire.DoesNotExist: Questionnaire matching query does not exist.

======================================================================
ERROR: test_403_uses_custom_template (assessment.tests.ErrorPageTemplateTest.test_403_uses_custom_template)
----------------------------------------------------------------------
Traceback (most recent call last):
  File "/app/assessment/tests.py", line 769, in setUp
    self.q_org2 = Questionnaire.objects.get(cycle=self.cycle, organization=self.org2)
                  ^^^^^^^^^^^^^^^^^^^^^^^^^^^^^^^^^^^^^^^^^^^^^^^^^^^^^^^^^^^^^^^^^^^
  File "/usr/local/lib/python3.12/site-packages/django/db/models/manager.py", line 87, in manager_method
    return getattr(self.get_queryset(), name)(*args, **kwargs)
           ^^^^^^^^^^^^^^^^^^^^^^^^^^^^^^^^^^^^^^^^^^^^^^^^^^^
  File "/usr/local/lib/python3.12/site-packages/django/db/models/query.py", line 651, in get
    raise self.model.DoesNotExist(
assessment.models.Questionnaire.DoesNotExist: Questionnaire matching query does not exist.

======================================================================
ERROR: test_404_uses_custom_template (assessment.tests.ErrorPageTemplateTest.test_404_uses_custom_template)
----------------------------------------------------------------------
Traceback (most recent call last):
  File "/app/assessment/tests.py", line 769, in setUp
    self.q_org2 = Questionnaire.objects.get(cycle=self.cycle, organization=self.org2)
                  ^^^^^^^^^^^^^^^^^^^^^^^^^^^^^^^^^^^^^^^^^^^^^^^^^^^^^^^^^^^^^^^^^^^
  File "/usr/local/lib/python3.12/site-packages/django/db/models/manager.py", line 87, in manager_method
    return getattr(self.get_queryset(), name)(*args, **kwargs)
           ^^^^^^^^^^^^^^^^^^^^^^^^^^^^^^^^^^^^^^^^^^^^^^^^^^^
  File "/usr/local/lib/python3.12/site-packages/django/db/models/query.py", line 651, in get
    raise self.model.DoesNotExist(
assessment.models.Questionnaire.DoesNotExist: Questionnaire matching query does not exist.

======================================================================
ERROR: test_evidencelink_unique_per_response_document (assessment.tests.EvidenceDocumentModelTest.test_evidencelink_unique_per_response_document)
----------------------------------------------------------------------
Traceback (most recent call last):
  File "/app/assessment/tests.py", line 51, in test_evidencelink_unique_per_response_document
    q = Questionnaire.objects.get(cycle=cycle, organization=self.org)
        ^^^^^^^^^^^^^^^^^^^^^^^^^^^^^^^^^^^^^^^^^^^^^^^^^^^^^^^^^^^^^
  File "/usr/local/lib/python3.12/site-packages/django/db/models/manager.py", line 87, in manager_method
    return getattr(self.get_queryset(), name)(*args, **kwargs)
           ^^^^^^^^^^^^^^^^^^^^^^^^^^^^^^^^^^^^^^^^^^^^^^^^^^^
  File "/usr/local/lib/python3.12/site-packages/django/db/models/query.py", line 651, in get
    raise self.model.DoesNotExist(
assessment.models.Questionnaire.DoesNotExist: Questionnaire matching query does not exist.

======================================================================
ERROR: test_link_blocked_after_submit (assessment.tests.EvidenceLinkTests.test_link_blocked_after_submit)
----------------------------------------------------------------------
Traceback (most recent call last):
  File "/app/assessment/tests.py", line 1646, in setUp
    self.q = Questionnaire.objects.get(cycle=self.cycle, organization=self.org)
             ^^^^^^^^^^^^^^^^^^^^^^^^^^^^^^^^^^^^^^^^^^^^^^^^^^^^^^^^^^^^^^^^^^
  File "/usr/local/lib/python3.12/site-packages/django/db/models/manager.py", line 87, in manager_method
    return getattr(self.get_queryset(), name)(*args, **kwargs)
           ^^^^^^^^^^^^^^^^^^^^^^^^^^^^^^^^^^^^^^^^^^^^^^^^^^^
  File "/usr/local/lib/python3.12/site-packages/django/db/models/query.py", line 651, in get
    raise self.model.DoesNotExist(
assessment.models.Questionnaire.DoesNotExist: Questionnaire matching query does not exist.

======================================================================
ERROR: test_link_by_criterion_creates_response_before_scoring (assessment.tests.EvidenceLinkTests.test_link_by_criterion_creates_response_before_scoring)
Picker must work on a fresh cycle: a criterion with no Response yet
----------------------------------------------------------------------
Traceback (most recent call last):
  File "/app/assessment/tests.py", line 1646, in setUp
    self.q = Questionnaire.objects.get(cycle=self.cycle, organization=self.org)
             ^^^^^^^^^^^^^^^^^^^^^^^^^^^^^^^^^^^^^^^^^^^^^^^^^^^^^^^^^^^^^^^^^^
  File "/usr/local/lib/python3.12/site-packages/django/db/models/manager.py", line 87, in manager_method
    return getattr(self.get_queryset(), name)(*args, **kwargs)
           ^^^^^^^^^^^^^^^^^^^^^^^^^^^^^^^^^^^^^^^^^^^^^^^^^^^
  File "/usr/local/lib/python3.12/site-packages/django/db/models/query.py", line 651, in get
    raise self.model.DoesNotExist(
assessment.models.Questionnaire.DoesNotExist: Questionnaire matching query does not exist.

======================================================================
ERROR: test_link_by_criterion_rejects_other_cycle_criterion (assessment.tests.EvidenceLinkTests.test_link_by_criterion_rejects_other_cycle_criterion)
A criterion from a different cycle cannot be linked into this one.
----------------------------------------------------------------------
Traceback (most recent call last):
  File "/app/assessment/tests.py", line 1646, in setUp
    self.q = Questionnaire.objects.get(cycle=self.cycle, organization=self.org)
             ^^^^^^^^^^^^^^^^^^^^^^^^^^^^^^^^^^^^^^^^^^^^^^^^^^^^^^^^^^^^^^^^^^
  File "/usr/local/lib/python3.12/site-packages/django/db/models/manager.py", line 87, in manager_method
    return getattr(self.get_queryset(), name)(*args, **kwargs)
           ^^^^^^^^^^^^^^^^^^^^^^^^^^^^^^^^^^^^^^^^^^^^^^^^^^^
  File "/usr/local/lib/python3.12/site-packages/django/db/models/query.py", line 651, in get
    raise self.model.DoesNotExist(
assessment.models.Questionnaire.DoesNotExist: Questionnaire matching query does not exist.

======================================================================
ERROR: test_link_cap_per_criterion (assessment.tests.EvidenceLinkTests.test_link_cap_per_criterion)
----------------------------------------------------------------------
Traceback (most recent call last):
  File "/app/assessment/tests.py", line 1646, in setUp
    self.q = Questionnaire.objects.get(cycle=self.cycle, organization=self.org)
             ^^^^^^^^^^^^^^^^^^^^^^^^^^^^^^^^^^^^^^^^^^^^^^^^^^^^^^^^^^^^^^^^^^
  File "/usr/local/lib/python3.12/site-packages/django/db/models/manager.py", line 87, in manager_method
    return getattr(self.get_queryset(), name)(*args, **kwargs)
           ^^^^^^^^^^^^^^^^^^^^^^^^^^^^^^^^^^^^^^^^^^^^^^^^^^^
  File "/usr/local/lib/python3.12/site-packages/django/db/models/query.py", line 651, in get
    raise self.model.DoesNotExist(
assessment.models.Questionnaire.DoesNotExist: Questionnaire matching query does not exist.

======================================================================
ERROR: test_link_creates_evidence_link (assessment.tests.EvidenceLinkTests.test_link_creates_evidence_link)
----------------------------------------------------------------------
Traceback (most recent call last):
  File "/app/assessment/tests.py", line 1646, in setUp
    self.q = Questionnaire.objects.get(cycle=self.cycle, organization=self.org)
             ^^^^^^^^^^^^^^^^^^^^^^^^^^^^^^^^^^^^^^^^^^^^^^^^^^^^^^^^^^^^^^^^^^
  File "/usr/local/lib/python3.12/site-packages/django/db/models/manager.py", line 87, in manager_method
    return getattr(self.get_queryset(), name)(*args, **kwargs)
           ^^^^^^^^^^^^^^^^^^^^^^^^^^^^^^^^^^^^^^^^^^^^^^^^^^^
  File "/usr/local/lib/python3.12/site-packages/django/db/models/query.py", line 651, in get
    raise self.model.DoesNotExist(
assessment.models.Questionnaire.DoesNotExist: Questionnaire matching query does not exist.

======================================================================
ERROR: test_link_cross_org_blocked (assessment.tests.EvidenceLinkTests.test_link_cross_org_blocked)
----------------------------------------------------------------------
Traceback (most recent call last):
  File "/app/assessment/tests.py", line 1646, in setUp
    self.q = Questionnaire.objects.get(cycle=self.cycle, organization=self.org)
             ^^^^^^^^^^^^^^^^^^^^^^^^^^^^^^^^^^^^^^^^^^^^^^^^^^^^^^^^^^^^^^^^^^
  File "/usr/local/lib/python3.12/site-packages/django/db/models/manager.py", line 87, in manager_method
    return getattr(self.get_queryset(), name)(*args, **kwargs)
           ^^^^^^^^^^^^^^^^^^^^^^^^^^^^^^^^^^^^^^^^^^^^^^^^^^^
  File "/usr/local/lib/python3.12/site-packages/django/db/models/query.py", line 651, in get
    raise self.model.DoesNotExist(
assessment.models.Questionnaire.DoesNotExist: Questionnaire matching query does not exist.

======================================================================
ERROR: test_unlink_removes_link_and_orphan_document (assessment.tests.EvidenceLinkTests.test_unlink_removes_link_and_orphan_document)
----------------------------------------------------------------------
Traceback (most recent call last):
  File "/app/assessment/tests.py", line 1646, in setUp
    self.q = Questionnaire.objects.get(cycle=self.cycle, organization=self.org)
             ^^^^^^^^^^^^^^^^^^^^^^^^^^^^^^^^^^^^^^^^^^^^^^^^^^^^^^^^^^^^^^^^^^
  File "/usr/local/lib/python3.12/site-packages/django/db/models/manager.py", line 87, in manager_method
    return getattr(self.get_queryset(), name)(*args, **kwargs)
           ^^^^^^^^^^^^^^^^^^^^^^^^^^^^^^^^^^^^^^^^^^^^^^^^^^^
  File "/usr/local/lib/python3.12/site-packages/django/db/models/query.py", line 651, in get
    raise self.model.DoesNotExist(
assessment.models.Questionnaire.DoesNotExist: Questionnaire matching query does not exist.

======================================================================
ERROR: test_link_blocked_after_submission (assessment.tests.EvidenceLinkUnlinkTest.test_link_blocked_after_submission)
----------------------------------------------------------------------
Traceback (most recent call last):
  File "/app/assessment/tests.py", line 1924, in setUp
    self.q = Questionnaire.objects.get(cycle=self.cycle, organization=self.org)
             ^^^^^^^^^^^^^^^^^^^^^^^^^^^^^^^^^^^^^^^^^^^^^^^^^^^^^^^^^^^^^^^^^^
  File "/usr/local/lib/python3.12/site-packages/django/db/models/manager.py", line 87, in manager_method
    return getattr(self.get_queryset(), name)(*args, **kwargs)
           ^^^^^^^^^^^^^^^^^^^^^^^^^^^^^^^^^^^^^^^^^^^^^^^^^^^
  File "/usr/local/lib/python3.12/site-packages/django/db/models/query.py", line 651, in get
    raise self.model.DoesNotExist(
assessment.models.Questionnaire.DoesNotExist: Questionnaire matching query does not exist.

======================================================================
ERROR: test_link_is_idempotent (assessment.tests.EvidenceLinkUnlinkTest.test_link_is_idempotent)
----------------------------------------------------------------------
Traceback (most recent call last):
  File "/app/assessment/tests.py", line 1924, in setUp
    self.q = Questionnaire.objects.get(cycle=self.cycle, organization=self.org)
             ^^^^^^^^^^^^^^^^^^^^^^^^^^^^^^^^^^^^^^^^^^^^^^^^^^^^^^^^^^^^^^^^^^
  File "/usr/local/lib/python3.12/site-packages/django/db/models/manager.py", line 87, in manager_method
    return getattr(self.get_queryset(), name)(*args, **kwargs)
           ^^^^^^^^^^^^^^^^^^^^^^^^^^^^^^^^^^^^^^^^^^^^^^^^^^^
  File "/usr/local/lib/python3.12/site-packages/django/db/models/query.py", line 651, in get
    raise self.model.DoesNotExist(
assessment.models.Questionnaire.DoesNotExist: Questionnaire matching query does not exist.

======================================================================
ERROR: test_link_via_questionnaire_and_criterion_creates_response_and_link (assessment.tests.EvidenceLinkUnlinkTest.test_link_via_questionnaire_and_criterion_creates_response_and_link)
----------------------------------------------------------------------
Traceback (most recent call last):
  File "/app/assessment/tests.py", line 1924, in setUp
    self.q = Questionnaire.objects.get(cycle=self.cycle, organization=self.org)
             ^^^^^^^^^^^^^^^^^^^^^^^^^^^^^^^^^^^^^^^^^^^^^^^^^^^^^^^^^^^^^^^^^^
  File "/usr/local/lib/python3.12/site-packages/django/db/models/manager.py", line 87, in manager_method
    return getattr(self.get_queryset(), name)(*args, **kwargs)
           ^^^^^^^^^^^^^^^^^^^^^^^^^^^^^^^^^^^^^^^^^^^^^^^^^^^
  File "/usr/local/lib/python3.12/site-packages/django/db/models/query.py", line 651, in get
    raise self.model.DoesNotExist(
assessment.models.Questionnaire.DoesNotExist: Questionnaire matching query does not exist.

======================================================================
ERROR: test_unlink_blocked_after_submission (assessment.tests.EvidenceLinkUnlinkTest.test_unlink_blocked_after_submission)
----------------------------------------------------------------------
Traceback (most recent call last):
  File "/app/assessment/tests.py", line 1924, in setUp
    self.q = Questionnaire.objects.get(cycle=self.cycle, organization=self.org)
             ^^^^^^^^^^^^^^^^^^^^^^^^^^^^^^^^^^^^^^^^^^^^^^^^^^^^^^^^^^^^^^^^^^
  File "/usr/local/lib/python3.12/site-packages/django/db/models/manager.py", line 87, in manager_method
    return getattr(self.get_queryset(), name)(*args, **kwargs)
           ^^^^^^^^^^^^^^^^^^^^^^^^^^^^^^^^^^^^^^^^^^^^^^^^^^^
  File "/usr/local/lib/python3.12/site-packages/django/db/models/query.py", line 651, in get
    raise self.model.DoesNotExist(
assessment.models.Questionnaire.DoesNotExist: Questionnaire matching query does not exist.

======================================================================
ERROR: test_unlink_keeps_doc_when_other_links_exist (assessment.tests.EvidenceLinkUnlinkTest.test_unlink_keeps_doc_when_other_links_exist)
----------------------------------------------------------------------
Traceback (most recent call last):
  File "/app/assessment/tests.py", line 1924, in setUp
    self.q = Questionnaire.objects.get(cycle=self.cycle, organization=self.org)
             ^^^^^^^^^^^^^^^^^^^^^^^^^^^^^^^^^^^^^^^^^^^^^^^^^^^^^^^^^^^^^^^^^^
  File "/usr/local/lib/python3.12/site-packages/django/db/models/manager.py", line 87, in manager_method
    return getattr(self.get_queryset(), name)(*args, **kwargs)
           ^^^^^^^^^^^^^^^^^^^^^^^^^^^^^^^^^^^^^^^^^^^^^^^^^^^
  File "/usr/local/lib/python3.12/site-packages/django/db/models/query.py", line 651, in get
    raise self.model.DoesNotExist(
assessment.models.Questionnaire.DoesNotExist: Questionnaire matching query does not exist.

======================================================================
ERROR: test_unlink_removes_link_and_deletes_orphan_doc (assessment.tests.EvidenceLinkUnlinkTest.test_unlink_removes_link_and_deletes_orphan_doc)
----------------------------------------------------------------------
Traceback (most recent call last):
  File "/app/assessment/tests.py", line 1924, in setUp
    self.q = Questionnaire.objects.get(cycle=self.cycle, organization=self.org)
             ^^^^^^^^^^^^^^^^^^^^^^^^^^^^^^^^^^^^^^^^^^^^^^^^^^^^^^^^^^^^^^^^^^
  File "/usr/local/lib/python3.12/site-packages/django/db/models/manager.py", line 87, in manager_method
    return getattr(self.get_queryset(), name)(*args, **kwargs)
           ^^^^^^^^^^^^^^^^^^^^^^^^^^^^^^^^^^^^^^^^^^^^^^^^^^^
  File "/usr/local/lib/python3.12/site-packages/django/db/models/query.py", line 651, in get
    raise self.model.DoesNotExist(
assessment.models.Questionnaire.DoesNotExist: Questionnaire matching query does not exist.

======================================================================
ERROR: test_context_includes_quota_pct_zero (assessment.tests.EvidenceQuotaContextTest.test_context_includes_quota_pct_zero)
----------------------------------------------------------------------
Traceback (most recent call last):
  File "/app/assessment/tests.py", line 797, in setUp
    self.q = Questionnaire.objects.get(cycle=self.cycle, organization=self.org)
             ^^^^^^^^^^^^^^^^^^^^^^^^^^^^^^^^^^^^^^^^^^^^^^^^^^^^^^^^^^^^^^^^^^
  File "/usr/local/lib/python3.12/site-packages/django/db/models/manager.py", line 87, in manager_method
    return getattr(self.get_queryset(), name)(*args, **kwargs)
           ^^^^^^^^^^^^^^^^^^^^^^^^^^^^^^^^^^^^^^^^^^^^^^^^^^^
  File "/usr/local/lib/python3.12/site-packages/django/db/models/query.py", line 651, in get
    raise self.model.DoesNotExist(
assessment.models.Questionnaire.DoesNotExist: Questionnaire matching query does not exist.

======================================================================
ERROR: test_context_includes_quota_used_zero (assessment.tests.EvidenceQuotaContextTest.test_context_includes_quota_used_zero)
----------------------------------------------------------------------
Traceback (most recent call last):
  File "/app/assessment/tests.py", line 797, in setUp
    self.q = Questionnaire.objects.get(cycle=self.cycle, organization=self.org)
             ^^^^^^^^^^^^^^^^^^^^^^^^^^^^^^^^^^^^^^^^^^^^^^^^^^^^^^^^^^^^^^^^^^
  File "/usr/local/lib/python3.12/site-packages/django/db/models/manager.py", line 87, in manager_method
    return getattr(self.get_queryset(), name)(*args, **kwargs)
           ^^^^^^^^^^^^^^^^^^^^^^^^^^^^^^^^^^^^^^^^^^^^^^^^^^^
  File "/usr/local/lib/python3.12/site-packages/django/db/models/query.py", line 651, in get
    raise self.model.DoesNotExist(
assessment.models.Questionnaire.DoesNotExist: Questionnaire matching query does not exist.

======================================================================
ERROR: test_criteria_data_includes_links (assessment.tests.EvidenceQuotaContextTest.test_criteria_data_includes_links)
----------------------------------------------------------------------
Traceback (most recent call last):
  File "/app/assessment/tests.py", line 797, in setUp
    self.q = Questionnaire.objects.get(cycle=self.cycle, organization=self.org)
             ^^^^^^^^^^^^^^^^^^^^^^^^^^^^^^^^^^^^^^^^^^^^^^^^^^^^^^^^^^^^^^^^^^
  File "/usr/local/lib/python3.12/site-packages/django/db/models/manager.py", line 87, in manager_method
    return getattr(self.get_queryset(), name)(*args, **kwargs)
           ^^^^^^^^^^^^^^^^^^^^^^^^^^^^^^^^^^^^^^^^^^^^^^^^^^^
  File "/usr/local/lib/python3.12/site-packages/django/db/models/query.py", line 651, in get
    raise self.model.DoesNotExist(
assessment.models.Questionnaire.DoesNotExist: Questionnaire matching query does not exist.

======================================================================
ERROR: test_quota_used_reflects_existing_uploads (assessment.tests.EvidenceQuotaContextTest.test_quota_used_reflects_existing_uploads)
----------------------------------------------------------------------
Traceback (most recent call last):
  File "/app/assessment/tests.py", line 797, in setUp
    self.q = Questionnaire.objects.get(cycle=self.cycle, organization=self.org)
             ^^^^^^^^^^^^^^^^^^^^^^^^^^^^^^^^^^^^^^^^^^^^^^^^^^^^^^^^^^^^^^^^^^
  File "/usr/local/lib/python3.12/site-packages/django/db/models/manager.py", line 87, in manager_method
    return getattr(self.get_queryset(), name)(*args, **kwargs)
           ^^^^^^^^^^^^^^^^^^^^^^^^^^^^^^^^^^^^^^^^^^^^^^^^^^^
  File "/usr/local/lib/python3.12/site-packages/django/db/models/query.py", line 651, in get
    raise self.model.DoesNotExist(
assessment.models.Questionnaire.DoesNotExist: Questionnaire matching query does not exist.

======================================================================
ERROR: test_creates_evidence_doc_and_link (assessment.tests.EvidenceUploadAjaxTest.test_creates_evidence_doc_and_link)
----------------------------------------------------------------------
Traceback (most recent call last):
  File "/app/assessment/tests.py", line 2647, in setUp
    self.q = Questionnaire.objects.get(cycle=self.cycle, organization=self.org)
             ^^^^^^^^^^^^^^^^^^^^^^^^^^^^^^^^^^^^^^^^^^^^^^^^^^^^^^^^^^^^^^^^^^
  File "/usr/local/lib/python3.12/site-packages/django/db/models/manager.py", line 87, in manager_method
    return getattr(self.get_queryset(), name)(*args, **kwargs)
           ^^^^^^^^^^^^^^^^^^^^^^^^^^^^^^^^^^^^^^^^^^^^^^^^^^^
  File "/usr/local/lib/python3.12/site-packages/django/db/models/query.py", line 651, in get
    raise self.model.DoesNotExist(
assessment.models.Questionnaire.DoesNotExist: Questionnaire matching query does not exist.

======================================================================
ERROR: test_non_member_redirected (assessment.tests.EvidenceUploadAjaxTest.test_non_member_redirected)
----------------------------------------------------------------------
Traceback (most recent call last):
  File "/app/assessment/tests.py", line 2647, in setUp
    self.q = Questionnaire.objects.get(cycle=self.cycle, organization=self.org)
             ^^^^^^^^^^^^^^^^^^^^^^^^^^^^^^^^^^^^^^^^^^^^^^^^^^^^^^^^^^^^^^^^^^
  File "/usr/local/lib/python3.12/site-packages/django/db/models/manager.py", line 87, in manager_method
    return getattr(self.get_queryset(), name)(*args, **kwargs)
           ^^^^^^^^^^^^^^^^^^^^^^^^^^^^^^^^^^^^^^^^^^^^^^^^^^^
  File "/usr/local/lib/python3.12/site-packages/django/db/models/query.py", line 651, in get
    raise self.model.DoesNotExist(
assessment.models.Questionnaire.DoesNotExist: Questionnaire matching query does not exist.

======================================================================
ERROR: test_other_org_member_returns_403 (assessment.tests.EvidenceUploadAjaxTest.test_other_org_member_returns_403)
----------------------------------------------------------------------
Traceback (most recent call last):
  File "/app/assessment/tests.py", line 2647, in setUp
    self.q = Questionnaire.objects.get(cycle=self.cycle, organization=self.org)
             ^^^^^^^^^^^^^^^^^^^^^^^^^^^^^^^^^^^^^^^^^^^^^^^^^^^^^^^^^^^^^^^^^^
  File "/usr/local/lib/python3.12/site-packages/django/db/models/manager.py", line 87, in manager_method
    return getattr(self.get_queryset(), name)(*args, **kwargs)
           ^^^^^^^^^^^^^^^^^^^^^^^^^^^^^^^^^^^^^^^^^^^^^^^^^^^
  File "/usr/local/lib/python3.12/site-packages/django/db/models/query.py", line 651, in get
    raise self.model.DoesNotExist(
assessment.models.Questionnaire.DoesNotExist: Questionnaire matching query does not exist.

======================================================================
ERROR: test_rejects_disallowed_extension (assessment.tests.EvidenceUploadAjaxTest.test_rejects_disallowed_extension)
----------------------------------------------------------------------
Traceback (most recent call last):
  File "/app/assessment/tests.py", line 2647, in setUp
    self.q = Questionnaire.objects.get(cycle=self.cycle, organization=self.org)
             ^^^^^^^^^^^^^^^^^^^^^^^^^^^^^^^^^^^^^^^^^^^^^^^^^^^^^^^^^^^^^^^^^^
  File "/usr/local/lib/python3.12/site-packages/django/db/models/manager.py", line 87, in manager_method
    return getattr(self.get_queryset(), name)(*args, **kwargs)
           ^^^^^^^^^^^^^^^^^^^^^^^^^^^^^^^^^^^^^^^^^^^^^^^^^^^
  File "/usr/local/lib/python3.12/site-packages/django/db/models/query.py", line 651, in get
    raise self.model.DoesNotExist(
assessment.models.Questionnaire.DoesNotExist: Questionnaire matching query does not exist.

======================================================================
ERROR: test_rejects_magic_byte_mismatch (assessment.tests.EvidenceUploadAjaxTest.test_rejects_magic_byte_mismatch)
----------------------------------------------------------------------
Traceback (most recent call last):
  File "/app/assessment/tests.py", line 2647, in setUp
    self.q = Questionnaire.objects.get(cycle=self.cycle, organization=self.org)
             ^^^^^^^^^^^^^^^^^^^^^^^^^^^^^^^^^^^^^^^^^^^^^^^^^^^^^^^^^^^^^^^^^^
  File "/usr/local/lib/python3.12/site-packages/django/db/models/manager.py", line 87, in manager_method
    return getattr(self.get_queryset(), name)(*args, **kwargs)
           ^^^^^^^^^^^^^^^^^^^^^^^^^^^^^^^^^^^^^^^^^^^^^^^^^^^
  File "/usr/local/lib/python3.12/site-packages/django/db/models/query.py", line 651, in get
    raise self.model.DoesNotExist(
assessment.models.Questionnaire.DoesNotExist: Questionnaire matching query does not exist.

======================================================================
ERROR: test_rejects_oversized_file (assessment.tests.EvidenceUploadAjaxTest.test_rejects_oversized_file)
----------------------------------------------------------------------
Traceback (most recent call last):
  File "/app/assessment/tests.py", line 2647, in setUp
    self.q = Questionnaire.objects.get(cycle=self.cycle, organization=self.org)
             ^^^^^^^^^^^^^^^^^^^^^^^^^^^^^^^^^^^^^^^^^^^^^^^^^^^^^^^^^^^^^^^^^^
  File "/usr/local/lib/python3.12/site-packages/django/db/models/manager.py", line 87, in manager_method
    return getattr(self.get_queryset(), name)(*args, **kwargs)
           ^^^^^^^^^^^^^^^^^^^^^^^^^^^^^^^^^^^^^^^^^^^^^^^^^^^
  File "/usr/local/lib/python3.12/site-packages/django/db/models/query.py", line 651, in get
    raise self.model.DoesNotExist(
assessment.models.Questionnaire.DoesNotExist: Questionnaire matching query does not exist.

======================================================================
ERROR: test_rejects_when_per_criterion_limit_reached (assessment.tests.EvidenceUploadAjaxTest.test_rejects_when_per_criterion_limit_reached)
----------------------------------------------------------------------
Traceback (most recent call last):
  File "/app/assessment/tests.py", line 2647, in setUp
    self.q = Questionnaire.objects.get(cycle=self.cycle, organization=self.org)
             ^^^^^^^^^^^^^^^^^^^^^^^^^^^^^^^^^^^^^^^^^^^^^^^^^^^^^^^^^^^^^^^^^^
  File "/usr/local/lib/python3.12/site-packages/django/db/models/manager.py", line 87, in manager_method
    return getattr(self.get_queryset(), name)(*args, **kwargs)
           ^^^^^^^^^^^^^^^^^^^^^^^^^^^^^^^^^^^^^^^^^^^^^^^^^^^
  File "/usr/local/lib/python3.12/site-packages/django/db/models/query.py", line 651, in get
    raise self.model.DoesNotExist(
assessment.models.Questionnaire.DoesNotExist: Questionnaire matching query does not exist.

======================================================================
ERROR: test_rejects_when_quota_exceeded (assessment.tests.EvidenceUploadAjaxTest.test_rejects_when_quota_exceeded)
----------------------------------------------------------------------
Traceback (most recent call last):
  File "/app/assessment/tests.py", line 2647, in setUp
    self.q = Questionnaire.objects.get(cycle=self.cycle, organization=self.org)
             ^^^^^^^^^^^^^^^^^^^^^^^^^^^^^^^^^^^^^^^^^^^^^^^^^^^^^^^^^^^^^^^^^^
  File "/usr/local/lib/python3.12/site-packages/django/db/models/manager.py", line 87, in manager_method
    return getattr(self.get_queryset(), name)(*args, **kwargs)
           ^^^^^^^^^^^^^^^^^^^^^^^^^^^^^^^^^^^^^^^^^^^^^^^^^^^
  File "/usr/local/lib/python3.12/site-packages/django/db/models/query.py", line 651, in get
    raise self.model.DoesNotExist(
assessment.models.Questionnaire.DoesNotExist: Questionnaire matching query does not exist.

======================================================================
ERROR: test_submitted_questionnaire_returns_403 (assessment.tests.EvidenceUploadAjaxTest.test_submitted_questionnaire_returns_403)
----------------------------------------------------------------------
Traceback (most recent call last):
  File "/app/assessment/tests.py", line 2647, in setUp
    self.q = Questionnaire.objects.get(cycle=self.cycle, organization=self.org)
             ^^^^^^^^^^^^^^^^^^^^^^^^^^^^^^^^^^^^^^^^^^^^^^^^^^^^^^^^^^^^^^^^^^
  File "/usr/local/lib/python3.12/site-packages/django/db/models/manager.py", line 87, in manager_method
    return getattr(self.get_queryset(), name)(*args, **kwargs)
           ^^^^^^^^^^^^^^^^^^^^^^^^^^^^^^^^^^^^^^^^^^^^^^^^^^^
  File "/usr/local/lib/python3.12/site-packages/django/db/models/query.py", line 651, in get
    raise self.model.DoesNotExist(
assessment.models.Questionnaire.DoesNotExist: Questionnaire matching query does not exist.

======================================================================
ERROR: test_cycle_excel_content_type (assessment.tests.ExcelExportTest.test_cycle_excel_content_type)
----------------------------------------------------------------------
Traceback (most recent call last):
  File "/app/assessment/tests.py", line 1342, in setUp
    self.q = Questionnaire.objects.get(cycle=self.cycle, organization=self.org)
             ^^^^^^^^^^^^^^^^^^^^^^^^^^^^^^^^^^^^^^^^^^^^^^^^^^^^^^^^^^^^^^^^^^
  File "/usr/local/lib/python3.12/site-packages/django/db/models/manager.py", line 87, in manager_method
    return getattr(self.get_queryset(), name)(*args, **kwargs)
           ^^^^^^^^^^^^^^^^^^^^^^^^^^^^^^^^^^^^^^^^^^^^^^^^^^^
  File "/usr/local/lib/python3.12/site-packages/django/db/models/query.py", line 651, in get
    raise self.model.DoesNotExist(
assessment.models.Questionnaire.DoesNotExist: Questionnaire matching query does not exist.

======================================================================
ERROR: test_cycle_excel_has_attachment_header (assessment.tests.ExcelExportTest.test_cycle_excel_has_attachment_header)
----------------------------------------------------------------------
Traceback (most recent call last):
  File "/app/assessment/tests.py", line 1342, in setUp
    self.q = Questionnaire.objects.get(cycle=self.cycle, organization=self.org)
             ^^^^^^^^^^^^^^^^^^^^^^^^^^^^^^^^^^^^^^^^^^^^^^^^^^^^^^^^^^^^^^^^^^
  File "/usr/local/lib/python3.12/site-packages/django/db/models/manager.py", line 87, in manager_method
    return getattr(self.get_queryset(), name)(*args, **kwargs)
           ^^^^^^^^^^^^^^^^^^^^^^^^^^^^^^^^^^^^^^^^^^^^^^^^^^^
  File "/usr/local/lib/python3.12/site-packages/django/db/models/query.py", line 651, in get
    raise self.model.DoesNotExist(
assessment.models.Questionnaire.DoesNotExist: Questionnaire matching query does not exist.

======================================================================
ERROR: test_org_excel_admin_access (assessment.tests.ExcelExportTest.test_org_excel_admin_access)
----------------------------------------------------------------------
Traceback (most recent call last):
  File "/app/assessment/tests.py", line 1342, in setUp
    self.q = Questionnaire.objects.get(cycle=self.cycle, organization=self.org)
             ^^^^^^^^^^^^^^^^^^^^^^^^^^^^^^^^^^^^^^^^^^^^^^^^^^^^^^^^^^^^^^^^^^
  File "/usr/local/lib/python3.12/site-packages/django/db/models/manager.py", line 87, in manager_method
    return getattr(self.get_queryset(), name)(*args, **kwargs)
           ^^^^^^^^^^^^^^^^^^^^^^^^^^^^^^^^^^^^^^^^^^^^^^^^^^^
  File "/usr/local/lib/python3.12/site-packages/django/db/models/query.py", line 651, in get
    raise self.model.DoesNotExist(
assessment.models.Questionnaire.DoesNotExist: Questionnaire matching query does not exist.

======================================================================
ERROR: test_org_excel_assigned_verifier_access (assessment.tests.ExcelExportTest.test_org_excel_assigned_verifier_access)
----------------------------------------------------------------------
Traceback (most recent call last):
  File "/app/assessment/tests.py", line 1342, in setUp
    self.q = Questionnaire.objects.get(cycle=self.cycle, organization=self.org)
             ^^^^^^^^^^^^^^^^^^^^^^^^^^^^^^^^^^^^^^^^^^^^^^^^^^^^^^^^^^^^^^^^^^
  File "/usr/local/lib/python3.12/site-packages/django/db/models/manager.py", line 87, in manager_method
    return getattr(self.get_queryset(), name)(*args, **kwargs)
           ^^^^^^^^^^^^^^^^^^^^^^^^^^^^^^^^^^^^^^^^^^^^^^^^^^^
  File "/usr/local/lib/python3.12/site-packages/django/db/models/query.py", line 651, in get
    raise self.model.DoesNotExist(
assessment.models.Questionnaire.DoesNotExist: Questionnaire matching query does not exist.

======================================================================
ERROR: test_org_excel_unassigned_verifier_denied (assessment.tests.ExcelExportTest.test_org_excel_unassigned_verifier_denied)
----------------------------------------------------------------------
Traceback (most recent call last):
  File "/app/assessment/tests.py", line 1342, in setUp
    self.q = Questionnaire.objects.get(cycle=self.cycle, organization=self.org)
             ^^^^^^^^^^^^^^^^^^^^^^^^^^^^^^^^^^^^^^^^^^^^^^^^^^^^^^^^^^^^^^^^^^
  File "/usr/local/lib/python3.12/site-packages/django/db/models/manager.py", line 87, in manager_method
    return getattr(self.get_queryset(), name)(*args, **kwargs)
           ^^^^^^^^^^^^^^^^^^^^^^^^^^^^^^^^^^^^^^^^^^^^^^^^^^^
  File "/usr/local/lib/python3.12/site-packages/django/db/models/query.py", line 651, in get
    raise self.model.DoesNotExist(
assessment.models.Questionnaire.DoesNotExist: Questionnaire matching query does not exist.

======================================================================
ERROR: test_parser_creates_level_indicators (assessment.tests.ExcelParserTest.test_parser_creates_level_indicators)
----------------------------------------------------------------------
Traceback (most recent call last):
  File "/app/assessment/tests.py", line 139, in test_parser_creates_level_indicators
    c1 = Criterion.objects.get(category__cycle=self.cycle, number=1)
         ^^^^^^^^^^^^^^^^^^^^^^^^^^^^^^^^^^^^^^^^^^^^^^^^^^^^^^^^^^^
  File "/usr/local/lib/python3.12/site-packages/django/db/models/manager.py", line 87, in manager_method
    return getattr(self.get_queryset(), name)(*args, **kwargs)
           ^^^^^^^^^^^^^^^^^^^^^^^^^^^^^^^^^^^^^^^^^^^^^^^^^^^
  File "/usr/local/lib/python3.12/site-packages/django/db/models/query.py", line 651, in get
    raise self.model.DoesNotExist(
assessment.models.Criterion.DoesNotExist: Criterion matching query does not exist.

======================================================================
ERROR: test_parser_detects_numeric_criterion (assessment.tests.ExcelParserTest.test_parser_detects_numeric_criterion)
----------------------------------------------------------------------
Traceback (most recent call last):
  File "/app/assessment/tests.py", line 200, in test_parser_detects_numeric_criterion
    c = Criterion.objects.get(category__cycle=self.cycle, number=8)
        ^^^^^^^^^^^^^^^^^^^^^^^^^^^^^^^^^^^^^^^^^^^^^^^^^^^^^^^^^^^
  File "/usr/local/lib/python3.12/site-packages/django/db/models/manager.py", line 87, in manager_method
    return getattr(self.get_queryset(), name)(*args, **kwargs)
           ^^^^^^^^^^^^^^^^^^^^^^^^^^^^^^^^^^^^^^^^^^^^^^^^^^^
  File "/usr/local/lib/python3.12/site-packages/django/db/models/query.py", line 651, in get
    raise self.model.DoesNotExist(
assessment.models.Criterion.DoesNotExist: Criterion matching query does not exist.

======================================================================
ERROR: test_parser_reupload_replaces_levels (assessment.tests.ExcelParserTest.test_parser_reupload_replaces_levels)
----------------------------------------------------------------------
Traceback (most recent call last):
  File "/app/assessment/tests.py", line 146, in test_parser_reupload_replaces_levels
    c1 = Criterion.objects.get(category__cycle=self.cycle, number=1)
         ^^^^^^^^^^^^^^^^^^^^^^^^^^^^^^^^^^^^^^^^^^^^^^^^^^^^^^^^^^^
  File "/usr/local/lib/python3.12/site-packages/django/db/models/manager.py", line 87, in manager_method
    return getattr(self.get_queryset(), name)(*args, **kwargs)
           ^^^^^^^^^^^^^^^^^^^^^^^^^^^^^^^^^^^^^^^^^^^^^^^^^^^
  File "/usr/local/lib/python3.12/site-packages/django/db/models/query.py", line 651, in get
    raise self.model.DoesNotExist(
assessment.models.Criterion.DoesNotExist: Criterion matching query does not exist.

======================================================================
ERROR: test_parser_sets_numeric_fields_with_correct_types (assessment.tests.ExcelParserTest.test_parser_sets_numeric_fields_with_correct_types)
----------------------------------------------------------------------
Traceback (most recent call last):
  File "/app/assessment/tests.py", line 206, in test_parser_sets_numeric_fields_with_correct_types
    c = Criterion.objects.get(category__cycle=self.cycle, number=8)
        ^^^^^^^^^^^^^^^^^^^^^^^^^^^^^^^^^^^^^^^^^^^^^^^^^^^^^^^^^^^
  File "/usr/local/lib/python3.12/site-packages/django/db/models/manager.py", line 87, in manager_method
    return getattr(self.get_queryset(), name)(*args, **kwargs)
           ^^^^^^^^^^^^^^^^^^^^^^^^^^^^^^^^^^^^^^^^^^^^^^^^^^^
  File "/usr/local/lib/python3.12/site-packages/django/db/models/query.py", line 651, in get
    raise self.model.DoesNotExist(
assessment.models.Criterion.DoesNotExist: Criterion matching query does not exist.

======================================================================
ERROR: test_parser_stops_numeric_fields_at_evidence_row (assessment.tests.ExcelParserTest.test_parser_stops_numeric_fields_at_evidence_row)
----------------------------------------------------------------------
Traceback (most recent call last):
  File "/app/assessment/tests.py", line 214, in test_parser_stops_numeric_fields_at_evidence_row
    c = Criterion.objects.get(category__cycle=self.cycle, number=8)
        ^^^^^^^^^^^^^^^^^^^^^^^^^^^^^^^^^^^^^^^^^^^^^^^^^^^^^^^^^^^
  File "/usr/local/lib/python3.12/site-packages/django/db/models/manager.py", line 87, in manager_method
    return getattr(self.get_queryset(), name)(*args, **kwargs)
           ^^^^^^^^^^^^^^^^^^^^^^^^^^^^^^^^^^^^^^^^^^^^^^^^^^^
  File "/usr/local/lib/python3.12/site-packages/django/db/models/query.py", line 651, in get
    raise self.model.DoesNotExist(
assessment.models.Criterion.DoesNotExist: Criterion matching query does not exist.

======================================================================
ERROR: test_parser_stores_empty_description_when_preamble_missing (assessment.tests.ExcelParserTest.test_parser_stores_empty_description_when_preamble_missing)
----------------------------------------------------------------------
Traceback (most recent call last):
  File "/app/assessment/tests.py", line 173, in test_parser_stores_empty_description_when_preamble_missing
    cat = AssessmentCategory.objects.get(cycle=self.cycle, name='Leadership')
          ^^^^^^^^^^^^^^^^^^^^^^^^^^^^^^^^^^^^^^^^^^^^^^^^^^^^^^^^^^^^^^^^^^^
  File "/usr/local/lib/python3.12/site-packages/django/db/models/manager.py", line 87, in manager_method
    return getattr(self.get_queryset(), name)(*args, **kwargs)
           ^^^^^^^^^^^^^^^^^^^^^^^^^^^^^^^^^^^^^^^^^^^^^^^^^^^
  File "/usr/local/lib/python3.12/site-packages/django/db/models/query.py", line 651, in get
    raise self.model.DoesNotExist(
assessment.models.AssessmentCategory.DoesNotExist: AssessmentCategory matching query does not exist.

======================================================================
ERROR: test_parser_stores_preamble_in_category_description (assessment.tests.ExcelParserTest.test_parser_stores_preamble_in_category_description)
----------------------------------------------------------------------
Traceback (most recent call last):
  File "/app/assessment/tests.py", line 167, in test_parser_stores_preamble_in_category_description
    cat = AssessmentCategory.objects.get(cycle=self.cycle, name='Leadership')
          ^^^^^^^^^^^^^^^^^^^^^^^^^^^^^^^^^^^^^^^^^^^^^^^^^^^^^^^^^^^^^^^^^^^
  File "/usr/local/lib/python3.12/site-packages/django/db/models/manager.py", line 87, in manager_method
    return getattr(self.get_queryset(), name)(*args, **kwargs)
           ^^^^^^^^^^^^^^^^^^^^^^^^^^^^^^^^^^^^^^^^^^^^^^^^^^^
  File "/usr/local/lib/python3.12/site-packages/django/db/models/query.py", line 651, in get
    raise self.model.DoesNotExist(
assessment.models.AssessmentCategory.DoesNotExist: AssessmentCategory matching query does not exist.

======================================================================
ERROR: test_indicator_body_has_collapsed_class (assessment.tests.FillAccordionTest.test_indicator_body_has_collapsed_class)
----------------------------------------------------------------------
Traceback (most recent call last):
  File "/app/assessment/tests.py", line 881, in setUp
    self.q = Questionnaire.objects.get(cycle=self.cycle, organization=self.org)
             ^^^^^^^^^^^^^^^^^^^^^^^^^^^^^^^^^^^^^^^^^^^^^^^^^^^^^^^^^^^^^^^^^^
  File "/usr/local/lib/python3.12/site-packages/django/db/models/manager.py", line 87, in manager_method
    return getattr(self.get_queryset(), name)(*args, **kwargs)
           ^^^^^^^^^^^^^^^^^^^^^^^^^^^^^^^^^^^^^^^^^^^^^^^^^^^
  File "/usr/local/lib/python3.12/site-packages/django/db/models/query.py", line 651, in get
    raise self.model.DoesNotExist(
assessment.models.Questionnaire.DoesNotExist: Questionnaire matching query does not exist.

======================================================================
ERROR: test_indicator_chevron_present (assessment.tests.FillAccordionTest.test_indicator_chevron_present)
----------------------------------------------------------------------
Traceback (most recent call last):
  File "/app/assessment/tests.py", line 881, in setUp
    self.q = Questionnaire.objects.get(cycle=self.cycle, organization=self.org)
             ^^^^^^^^^^^^^^^^^^^^^^^^^^^^^^^^^^^^^^^^^^^^^^^^^^^^^^^^^^^^^^^^^^
  File "/usr/local/lib/python3.12/site-packages/django/db/models/manager.py", line 87, in manager_method
    return getattr(self.get_queryset(), name)(*args, **kwargs)
           ^^^^^^^^^^^^^^^^^^^^^^^^^^^^^^^^^^^^^^^^^^^^^^^^^^^
  File "/usr/local/lib/python3.12/site-packages/django/db/models/query.py", line 651, in get
    raise self.model.DoesNotExist(
assessment.models.Questionnaire.DoesNotExist: Questionnaire matching query does not exist.

======================================================================
ERROR: test_indicator_has_data_answered_false_when_unanswered (assessment.tests.FillAccordionTest.test_indicator_has_data_answered_false_when_unanswered)
----------------------------------------------------------------------
Traceback (most recent call last):
  File "/app/assessment/tests.py", line 881, in setUp
    self.q = Questionnaire.objects.get(cycle=self.cycle, organization=self.org)
             ^^^^^^^^^^^^^^^^^^^^^^^^^^^^^^^^^^^^^^^^^^^^^^^^^^^^^^^^^^^^^^^^^^
  File "/usr/local/lib/python3.12/site-packages/django/db/models/manager.py", line 87, in manager_method
    return getattr(self.get_queryset(), name)(*args, **kwargs)
           ^^^^^^^^^^^^^^^^^^^^^^^^^^^^^^^^^^^^^^^^^^^^^^^^^^^
  File "/usr/local/lib/python3.12/site-packages/django/db/models/query.py", line 651, in get
    raise self.model.DoesNotExist(
assessment.models.Questionnaire.DoesNotExist: Questionnaire matching query does not exist.

======================================================================
ERROR: test_indicator_has_data_answered_true_when_answered (assessment.tests.FillAccordionTest.test_indicator_has_data_answered_true_when_answered)
----------------------------------------------------------------------
Traceback (most recent call last):
  File "/app/assessment/tests.py", line 881, in setUp
    self.q = Questionnaire.objects.get(cycle=self.cycle, organization=self.org)
             ^^^^^^^^^^^^^^^^^^^^^^^^^^^^^^^^^^^^^^^^^^^^^^^^^^^^^^^^^^^^^^^^^^
  File "/usr/local/lib/python3.12/site-packages/django/db/models/manager.py", line 87, in manager_method
    return getattr(self.get_queryset(), name)(*args, **kwargs)
           ^^^^^^^^^^^^^^^^^^^^^^^^^^^^^^^^^^^^^^^^^^^^^^^^^^^
  File "/usr/local/lib/python3.12/site-packages/django/db/models/query.py", line 651, in get
    raise self.model.DoesNotExist(
assessment.models.Questionnaire.DoesNotExist: Questionnaire matching query does not exist.

======================================================================
ERROR: test_categories_for_org_excludes_informal_for_regular_org (assessment.tests.InformalSectorScopingTest.test_categories_for_org_excludes_informal_for_regular_org)
----------------------------------------------------------------------
Traceback (most recent call last):
  File "/app/assessment/tests.py", line 2313, in setUp
    self.regular_q = Questionnaire.objects.get(cycle=self.cycle, organization=self.regular_org)
                     ^^^^^^^^^^^^^^^^^^^^^^^^^^^^^^^^^^^^^^^^^^^^^^^^^^^^^^^^^^^^^^^^^^^^^^^^^^
  File "/usr/local/lib/python3.12/site-packages/django/db/models/manager.py", line 87, in manager_method
    return getattr(self.get_queryset(), name)(*args, **kwargs)
           ^^^^^^^^^^^^^^^^^^^^^^^^^^^^^^^^^^^^^^^^^^^^^^^^^^^
  File "/usr/local/lib/python3.12/site-packages/django/db/models/query.py", line 651, in get
    raise self.model.DoesNotExist(
assessment.models.Questionnaire.DoesNotExist: Questionnaire matching query does not exist.

======================================================================
ERROR: test_categories_for_org_returns_informal_only_for_informal_org (assessment.tests.InformalSectorScopingTest.test_categories_for_org_returns_informal_only_for_informal_org)
----------------------------------------------------------------------
Traceback (most recent call last):
  File "/app/assessment/tests.py", line 2313, in setUp
    self.regular_q = Questionnaire.objects.get(cycle=self.cycle, organization=self.regular_org)
                     ^^^^^^^^^^^^^^^^^^^^^^^^^^^^^^^^^^^^^^^^^^^^^^^^^^^^^^^^^^^^^^^^^^^^^^^^^^
  File "/usr/local/lib/python3.12/site-packages/django/db/models/manager.py", line 87, in manager_method
    return getattr(self.get_queryset(), name)(*args, **kwargs)
           ^^^^^^^^^^^^^^^^^^^^^^^^^^^^^^^^^^^^^^^^^^^^^^^^^^^
  File "/usr/local/lib/python3.12/site-packages/django/db/models/query.py", line 651, in get
    raise self.model.DoesNotExist(
assessment.models.Questionnaire.DoesNotExist: Questionnaire matching query does not exist.

======================================================================
ERROR: test_completion_percentage_scoped (assessment.tests.InformalSectorScopingTest.test_completion_percentage_scoped)
completion_percentage counts only criteria from the org's applicable categories.
----------------------------------------------------------------------
Traceback (most recent call last):
  File "/app/assessment/tests.py", line 2313, in setUp
    self.regular_q = Questionnaire.objects.get(cycle=self.cycle, organization=self.regular_org)
                     ^^^^^^^^^^^^^^^^^^^^^^^^^^^^^^^^^^^^^^^^^^^^^^^^^^^^^^^^^^^^^^^^^^^^^^^^^^
  File "/usr/local/lib/python3.12/site-packages/django/db/models/manager.py", line 87, in manager_method
    return getattr(self.get_queryset(), name)(*args, **kwargs)
           ^^^^^^^^^^^^^^^^^^^^^^^^^^^^^^^^^^^^^^^^^^^^^^^^^^^
  File "/usr/local/lib/python3.12/site-packages/django/db/models/query.py", line 651, in get
    raise self.model.DoesNotExist(
assessment.models.Questionnaire.DoesNotExist: Questionnaire matching query does not exist.

======================================================================
ERROR: test_compute_org_analytics_scoped (assessment.tests.InformalSectorScopingTest.test_compute_org_analytics_scoped)
compute_org_analytics returns only applicable categories for each org type.
----------------------------------------------------------------------
Traceback (most recent call last):
  File "/app/assessment/tests.py", line 2313, in setUp
    self.regular_q = Questionnaire.objects.get(cycle=self.cycle, organization=self.regular_org)
                     ^^^^^^^^^^^^^^^^^^^^^^^^^^^^^^^^^^^^^^^^^^^^^^^^^^^^^^^^^^^^^^^^^^^^^^^^^^
  File "/usr/local/lib/python3.12/site-packages/django/db/models/manager.py", line 87, in manager_method
    return getattr(self.get_queryset(), name)(*args, **kwargs)
           ^^^^^^^^^^^^^^^^^^^^^^^^^^^^^^^^^^^^^^^^^^^^^^^^^^^
  File "/usr/local/lib/python3.12/site-packages/django/db/models/query.py", line 651, in get
    raise self.model.DoesNotExist(
assessment.models.Questionnaire.DoesNotExist: Questionnaire matching query does not exist.

======================================================================
ERROR: test_excel_parser_no_tag_when_last_sheet_not_informal (assessment.tests.InformalSectorScopingTest.test_excel_parser_no_tag_when_last_sheet_not_informal)
If the last sheet name does not contain 'informal', no category is tagged.
----------------------------------------------------------------------
Traceback (most recent call last):
  File "/app/assessment/tests.py", line 2313, in setUp
    self.regular_q = Questionnaire.objects.get(cycle=self.cycle, organization=self.regular_org)
                     ^^^^^^^^^^^^^^^^^^^^^^^^^^^^^^^^^^^^^^^^^^^^^^^^^^^^^^^^^^^^^^^^^^^^^^^^^^
  File "/usr/local/lib/python3.12/site-packages/django/db/models/manager.py", line 87, in manager_method
    return getattr(self.get_queryset(), name)(*args, **kwargs)
           ^^^^^^^^^^^^^^^^^^^^^^^^^^^^^^^^^^^^^^^^^^^^^^^^^^^
  File "/usr/local/lib/python3.12/site-packages/django/db/models/query.py", line 651, in get
    raise self.model.DoesNotExist(
assessment.models.Questionnaire.DoesNotExist: Questionnaire matching query does not exist.

======================================================================
ERROR: test_excel_parser_tags_last_informal_sheet (assessment.tests.InformalSectorScopingTest.test_excel_parser_tags_last_informal_sheet)
Parser sets is_informal_sector_only=True on last sheet when name contains 'informal'.
----------------------------------------------------------------------
Traceback (most recent call last):
  File "/app/assessment/tests.py", line 2313, in setUp
    self.regular_q = Questionnaire.objects.get(cycle=self.cycle, organization=self.regular_org)
                     ^^^^^^^^^^^^^^^^^^^^^^^^^^^^^^^^^^^^^^^^^^^^^^^^^^^^^^^^^^^^^^^^^^^^^^^^^^
  File "/usr/local/lib/python3.12/site-packages/django/db/models/manager.py", line 87, in manager_method
    return getattr(self.get_queryset(), name)(*args, **kwargs)
           ^^^^^^^^^^^^^^^^^^^^^^^^^^^^^^^^^^^^^^^^^^^^^^^^^^^
  File "/usr/local/lib/python3.12/site-packages/django/db/models/query.py", line 651, in get
    raise self.model.DoesNotExist(
assessment.models.Questionnaire.DoesNotExist: Questionnaire matching query does not exist.

======================================================================
ERROR: test_informal_org_sees_only_informal_category_on_fill (assessment.tests.InformalSectorScopingTest.test_informal_org_sees_only_informal_category_on_fill)
Informal org member: fill page context contains only the informal category.
----------------------------------------------------------------------
Traceback (most recent call last):
  File "/app/assessment/tests.py", line 2313, in setUp
    self.regular_q = Questionnaire.objects.get(cycle=self.cycle, organization=self.regular_org)
                     ^^^^^^^^^^^^^^^^^^^^^^^^^^^^^^^^^^^^^^^^^^^^^^^^^^^^^^^^^^^^^^^^^^^^^^^^^^
  File "/usr/local/lib/python3.12/site-packages/django/db/models/manager.py", line 87, in manager_method
    return getattr(self.get_queryset(), name)(*args, **kwargs)
           ^^^^^^^^^^^^^^^^^^^^^^^^^^^^^^^^^^^^^^^^^^^^^^^^^^^
  File "/usr/local/lib/python3.12/site-packages/django/db/models/query.py", line 651, in get
    raise self.model.DoesNotExist(
assessment.models.Questionnaire.DoesNotExist: Questionnaire matching query does not exist.

======================================================================
ERROR: test_regular_org_skips_informal_category_on_fill (assessment.tests.InformalSectorScopingTest.test_regular_org_skips_informal_category_on_fill)
Regular org member: fill page context does not include the informal category.
----------------------------------------------------------------------
Traceback (most recent call last):
  File "/app/assessment/tests.py", line 2313, in setUp
    self.regular_q = Questionnaire.objects.get(cycle=self.cycle, organization=self.regular_org)
                     ^^^^^^^^^^^^^^^^^^^^^^^^^^^^^^^^^^^^^^^^^^^^^^^^^^^^^^^^^^^^^^^^^^^^^^^^^^
  File "/usr/local/lib/python3.12/site-packages/django/db/models/manager.py", line 87, in manager_method
    return getattr(self.get_queryset(), name)(*args, **kwargs)
           ^^^^^^^^^^^^^^^^^^^^^^^^^^^^^^^^^^^^^^^^^^^^^^^^^^^
  File "/usr/local/lib/python3.12/site-packages/django/db/models/query.py", line 651, in get
    raise self.model.DoesNotExist(
assessment.models.Questionnaire.DoesNotExist: Questionnaire matching query does not exist.

======================================================================
ERROR: test_verify_view_scoped_to_org_categories (assessment.tests.InformalSectorScopingTest.test_verify_view_scoped_to_org_categories)
Verifier sees only the informal category for an informal org's questionnaire.
----------------------------------------------------------------------
Traceback (most recent call last):
  File "/app/assessment/tests.py", line 2313, in setUp
    self.regular_q = Questionnaire.objects.get(cycle=self.cycle, organization=self.regular_org)
                     ^^^^^^^^^^^^^^^^^^^^^^^^^^^^^^^^^^^^^^^^^^^^^^^^^^^^^^^^^^^^^^^^^^^^^^^^^^
  File "/usr/local/lib/python3.12/site-packages/django/db/models/manager.py", line 87, in manager_method
    return getattr(self.get_queryset(), name)(*args, **kwargs)
           ^^^^^^^^^^^^^^^^^^^^^^^^^^^^^^^^^^^^^^^^^^^^^^^^^^^
  File "/usr/local/lib/python3.12/site-packages/django/db/models/query.py", line 651, in get
    raise self.model.DoesNotExist(
assessment.models.Questionnaire.DoesNotExist: Questionnaire matching query does not exist.

======================================================================
ERROR: test_results_include_context_fields (assessment.tests.LibrarySearchViewTest.test_results_include_context_fields)
----------------------------------------------------------------------
Traceback (most recent call last):
  File "/app/assessment/tests.py", line 1846, in setUp
    self.q = Questionnaire.objects.get(cycle=self.cycle, organization=self.org)
             ^^^^^^^^^^^^^^^^^^^^^^^^^^^^^^^^^^^^^^^^^^^^^^^^^^^^^^^^^^^^^^^^^^
  File "/usr/local/lib/python3.12/site-packages/django/db/models/manager.py", line 87, in manager_method
    return getattr(self.get_queryset(), name)(*args, **kwargs)
           ^^^^^^^^^^^^^^^^^^^^^^^^^^^^^^^^^^^^^^^^^^^^^^^^^^^
  File "/usr/local/lib/python3.12/site-packages/django/db/models/query.py", line 651, in get
    raise self.model.DoesNotExist(
assessment.models.Questionnaire.DoesNotExist: Questionnaire matching query does not exist.

======================================================================
ERROR: test_returns_json (assessment.tests.LibrarySearchViewTest.test_returns_json)
----------------------------------------------------------------------
Traceback (most recent call last):
  File "/app/assessment/tests.py", line 1846, in setUp
    self.q = Questionnaire.objects.get(cycle=self.cycle, organization=self.org)
             ^^^^^^^^^^^^^^^^^^^^^^^^^^^^^^^^^^^^^^^^^^^^^^^^^^^^^^^^^^^^^^^^^^
  File "/usr/local/lib/python3.12/site-packages/django/db/models/manager.py", line 87, in manager_method
    return getattr(self.get_queryset(), name)(*args, **kwargs)
           ^^^^^^^^^^^^^^^^^^^^^^^^^^^^^^^^^^^^^^^^^^^^^^^^^^^
  File "/usr/local/lib/python3.12/site-packages/django/db/models/query.py", line 651, in get
    raise self.model.DoesNotExist(
assessment.models.Questionnaire.DoesNotExist: Questionnaire matching query does not exist.

======================================================================
ERROR: test_same_criterion_ranked_first (assessment.tests.LibrarySearchViewTest.test_same_criterion_ranked_first)
----------------------------------------------------------------------
Traceback (most recent call last):
  File "/app/assessment/tests.py", line 1846, in setUp
    self.q = Questionnaire.objects.get(cycle=self.cycle, organization=self.org)
             ^^^^^^^^^^^^^^^^^^^^^^^^^^^^^^^^^^^^^^^^^^^^^^^^^^^^^^^^^^^^^^^^^^
  File "/usr/local/lib/python3.12/site-packages/django/db/models/manager.py", line 87, in manager_method
    return getattr(self.get_queryset(), name)(*args, **kwargs)
           ^^^^^^^^^^^^^^^^^^^^^^^^^^^^^^^^^^^^^^^^^^^^^^^^^^^
  File "/usr/local/lib/python3.12/site-packages/django/db/models/query.py", line 651, in get
    raise self.model.DoesNotExist(
assessment.models.Questionnaire.DoesNotExist: Questionnaire matching query does not exist.

======================================================================
ERROR: test_text_filter_by_title (assessment.tests.LibrarySearchViewTest.test_text_filter_by_title)
----------------------------------------------------------------------
Traceback (most recent call last):
  File "/app/assessment/tests.py", line 1846, in setUp
    self.q = Questionnaire.objects.get(cycle=self.cycle, organization=self.org)
             ^^^^^^^^^^^^^^^^^^^^^^^^^^^^^^^^^^^^^^^^^^^^^^^^^^^^^^^^^^^^^^^^^^
  File "/usr/local/lib/python3.12/site-packages/django/db/models/manager.py", line 87, in manager_method
    return getattr(self.get_queryset(), name)(*args, **kwargs)
           ^^^^^^^^^^^^^^^^^^^^^^^^^^^^^^^^^^^^^^^^^^^^^^^^^^^
  File "/usr/local/lib/python3.12/site-packages/django/db/models/query.py", line 651, in get
    raise self.model.DoesNotExist(
assessment.models.Questionnaire.DoesNotExist: Questionnaire matching query does not exist.

======================================================================
ERROR: test_unauthenticated_gets_redirect (assessment.tests.LibrarySearchViewTest.test_unauthenticated_gets_redirect)
----------------------------------------------------------------------
Traceback (most recent call last):
  File "/app/assessment/tests.py", line 1846, in setUp
    self.q = Questionnaire.objects.get(cycle=self.cycle, organization=self.org)
             ^^^^^^^^^^^^^^^^^^^^^^^^^^^^^^^^^^^^^^^^^^^^^^^^^^^^^^^^^^^^^^^^^^
  File "/usr/local/lib/python3.12/site-packages/django/db/models/manager.py", line 87, in manager_method
    return getattr(self.get_queryset(), name)(*args, **kwargs)
           ^^^^^^^^^^^^^^^^^^^^^^^^^^^^^^^^^^^^^^^^^^^^^^^^^^^
  File "/usr/local/lib/python3.12/site-packages/django/db/models/query.py", line 651, in get
    raise self.model.DoesNotExist(
assessment.models.Questionnaire.DoesNotExist: Questionnaire matching query does not exist.

======================================================================
ERROR: test_verifier_gets_403 (assessment.tests.LibrarySearchViewTest.test_verifier_gets_403)
----------------------------------------------------------------------
Traceback (most recent call last):
  File "/app/assessment/tests.py", line 1846, in setUp
    self.q = Questionnaire.objects.get(cycle=self.cycle, organization=self.org)
             ^^^^^^^^^^^^^^^^^^^^^^^^^^^^^^^^^^^^^^^^^^^^^^^^^^^^^^^^^^^^^^^^^^
  File "/usr/local/lib/python3.12/site-packages/django/db/models/manager.py", line 87, in manager_method
    return getattr(self.get_queryset(), name)(*args, **kwargs)
           ^^^^^^^^^^^^^^^^^^^^^^^^^^^^^^^^^^^^^^^^^^^^^^^^^^^
  File "/usr/local/lib/python3.12/site-packages/django/db/models/query.py", line 651, in get
    raise self.model.DoesNotExist(
assessment.models.Questionnaire.DoesNotExist: Questionnaire matching query does not exist.

======================================================================
ERROR: test_export_cycle_excel_url_resolves (assessment.tests.NewUrlsTest.test_export_cycle_excel_url_resolves)
----------------------------------------------------------------------
Traceback (most recent call last):
  File "/app/assessment/tests.py", line 1211, in setUp
    self.q = Questionnaire.objects.get(cycle=self.cycle, organization=self.org)
             ^^^^^^^^^^^^^^^^^^^^^^^^^^^^^^^^^^^^^^^^^^^^^^^^^^^^^^^^^^^^^^^^^^
  File "/usr/local/lib/python3.12/site-packages/django/db/models/manager.py", line 87, in manager_method
    return getattr(self.get_queryset(), name)(*args, **kwargs)
           ^^^^^^^^^^^^^^^^^^^^^^^^^^^^^^^^^^^^^^^^^^^^^^^^^^^
  File "/usr/local/lib/python3.12/site-packages/django/db/models/query.py", line 651, in get
    raise self.model.DoesNotExist(
assessment.models.Questionnaire.DoesNotExist: Questionnaire matching query does not exist.

======================================================================
ERROR: test_export_org_excel_url_resolves (assessment.tests.NewUrlsTest.test_export_org_excel_url_resolves)
----------------------------------------------------------------------
Traceback (most recent call last):
  File "/app/assessment/tests.py", line 1211, in setUp
    self.q = Questionnaire.objects.get(cycle=self.cycle, organization=self.org)
             ^^^^^^^^^^^^^^^^^^^^^^^^^^^^^^^^^^^^^^^^^^^^^^^^^^^^^^^^^^^^^^^^^^
  File "/usr/local/lib/python3.12/site-packages/django/db/models/manager.py", line 87, in manager_method
    return getattr(self.get_queryset(), name)(*args, **kwargs)
           ^^^^^^^^^^^^^^^^^^^^^^^^^^^^^^^^^^^^^^^^^^^^^^^^^^^
  File "/usr/local/lib/python3.12/site-packages/django/db/models/query.py", line 651, in get
    raise self.model.DoesNotExist(
assessment.models.Questionnaire.DoesNotExist: Questionnaire matching query does not exist.

======================================================================
ERROR: test_export_org_pdf_url_resolves (assessment.tests.NewUrlsTest.test_export_org_pdf_url_resolves)
----------------------------------------------------------------------
Traceback (most recent call last):
  File "/app/assessment/tests.py", line 1211, in setUp
    self.q = Questionnaire.objects.get(cycle=self.cycle, organization=self.org)
             ^^^^^^^^^^^^^^^^^^^^^^^^^^^^^^^^^^^^^^^^^^^^^^^^^^^^^^^^^^^^^^^^^^
  File "/usr/local/lib/python3.12/site-packages/django/db/models/manager.py", line 87, in manager_method
    return getattr(self.get_queryset(), name)(*args, **kwargs)
           ^^^^^^^^^^^^^^^^^^^^^^^^^^^^^^^^^^^^^^^^^^^^^^^^^^^
  File "/usr/local/lib/python3.12/site-packages/django/db/models/query.py", line 651, in get
    raise self.model.DoesNotExist(
assessment.models.Questionnaire.DoesNotExist: Questionnaire matching query does not exist.

======================================================================
ERROR: test_org_report_url_resolves (assessment.tests.NewUrlsTest.test_org_report_url_resolves)
----------------------------------------------------------------------
Traceback (most recent call last):
  File "/app/assessment/tests.py", line 1211, in setUp
    self.q = Questionnaire.objects.get(cycle=self.cycle, organization=self.org)
             ^^^^^^^^^^^^^^^^^^^^^^^^^^^^^^^^^^^^^^^^^^^^^^^^^^^^^^^^^^^^^^^^^^
  File "/usr/local/lib/python3.12/site-packages/django/db/models/manager.py", line 87, in manager_method
    return getattr(self.get_queryset(), name)(*args, **kwargs)
           ^^^^^^^^^^^^^^^^^^^^^^^^^^^^^^^^^^^^^^^^^^^^^^^^^^^
  File "/usr/local/lib/python3.12/site-packages/django/db/models/query.py", line 651, in get
    raise self.model.DoesNotExist(
assessment.models.Questionnaire.DoesNotExist: Questionnaire matching query does not exist.

======================================================================
ERROR: test_numeric_criterion_counted_in_answered_count (assessment.tests.NumericCriterionFillViewTest.test_numeric_criterion_counted_in_answered_count)
----------------------------------------------------------------------
Traceback (most recent call last):
  File "/app/assessment/tests.py", line 300, in setUp
    self.questionnaire = Questionnaire.objects.get(cycle=self.cycle, organization=self.org)
                         ^^^^^^^^^^^^^^^^^^^^^^^^^^^^^^^^^^^^^^^^^^^^^^^^^^^^^^^^^^^^^^^^^^
  File "/usr/local/lib/python3.12/site-packages/django/db/models/manager.py", line 87, in manager_method
    return getattr(self.get_queryset(), name)(*args, **kwargs)
           ^^^^^^^^^^^^^^^^^^^^^^^^^^^^^^^^^^^^^^^^^^^^^^^^^^^
  File "/usr/local/lib/python3.12/site-packages/django/db/models/query.py", line 651, in get
    raise self.model.DoesNotExist(
assessment.models.Questionnaire.DoesNotExist: Questionnaire matching query does not exist.

======================================================================
ERROR: test_numeric_values_in_criteria_data_context (assessment.tests.NumericCriterionFillViewTest.test_numeric_values_in_criteria_data_context)
----------------------------------------------------------------------
Traceback (most recent call last):
  File "/app/assessment/tests.py", line 300, in setUp
    self.questionnaire = Questionnaire.objects.get(cycle=self.cycle, organization=self.org)
                         ^^^^^^^^^^^^^^^^^^^^^^^^^^^^^^^^^^^^^^^^^^^^^^^^^^^^^^^^^^^^^^^^^^
  File "/usr/local/lib/python3.12/site-packages/django/db/models/manager.py", line 87, in manager_method
    return getattr(self.get_queryset(), name)(*args, **kwargs)
           ^^^^^^^^^^^^^^^^^^^^^^^^^^^^^^^^^^^^^^^^^^^^^^^^^^^
  File "/usr/local/lib/python3.12/site-packages/django/db/models/query.py", line 651, in get
    raise self.model.DoesNotExist(
assessment.models.Questionnaire.DoesNotExist: Questionnaire matching query does not exist.

======================================================================
ERROR: test_post_saves_numeric_data (assessment.tests.NumericCriterionFillViewTest.test_post_saves_numeric_data)
----------------------------------------------------------------------
Traceback (most recent call last):
  File "/app/assessment/tests.py", line 300, in setUp
    self.questionnaire = Questionnaire.objects.get(cycle=self.cycle, organization=self.org)
                         ^^^^^^^^^^^^^^^^^^^^^^^^^^^^^^^^^^^^^^^^^^^^^^^^^^^^^^^^^^^^^^^^^^
  File "/usr/local/lib/python3.12/site-packages/django/db/models/manager.py", line 87, in manager_method
    return getattr(self.get_queryset(), name)(*args, **kwargs)
           ^^^^^^^^^^^^^^^^^^^^^^^^^^^^^^^^^^^^^^^^^^^^^^^^^^^
  File "/usr/local/lib/python3.12/site-packages/django/db/models/query.py", line 651, in get
    raise self.model.DoesNotExist(
assessment.models.Questionnaire.DoesNotExist: Questionnaire matching query does not exist.

======================================================================
ERROR: test_verifier_post_saves_notes_for_numeric_criterion (assessment.tests.NumericCriterionVerifierViewTest.test_verifier_post_saves_notes_for_numeric_criterion)
----------------------------------------------------------------------
Traceback (most recent call last):
  File "/app/assessment/tests.py", line 353, in setUp
    self.questionnaire = Questionnaire.objects.get(cycle=self.cycle, organization=self.org)
                         ^^^^^^^^^^^^^^^^^^^^^^^^^^^^^^^^^^^^^^^^^^^^^^^^^^^^^^^^^^^^^^^^^^
  File "/usr/local/lib/python3.12/site-packages/django/db/models/manager.py", line 87, in manager_method
    return getattr(self.get_queryset(), name)(*args, **kwargs)
           ^^^^^^^^^^^^^^^^^^^^^^^^^^^^^^^^^^^^^^^^^^^^^^^^^^^
  File "/usr/local/lib/python3.12/site-packages/django/db/models/query.py", line 651, in get
    raise self.model.DoesNotExist(
assessment.models.Questionnaire.DoesNotExist: Questionnaire matching query does not exist.

======================================================================
ERROR: test_404_for_unsubmitted_questionnaire (assessment.tests.OrgReportViewTest.test_404_for_unsubmitted_questionnaire)
----------------------------------------------------------------------
Traceback (most recent call last):
  File "/app/assessment/tests.py", line 1282, in setUp
    self.q = Questionnaire.objects.get(cycle=self.cycle, organization=self.org)
             ^^^^^^^^^^^^^^^^^^^^^^^^^^^^^^^^^^^^^^^^^^^^^^^^^^^^^^^^^^^^^^^^^^
  File "/usr/local/lib/python3.12/site-packages/django/db/models/manager.py", line 87, in manager_method
    return getattr(self.get_queryset(), name)(*args, **kwargs)
           ^^^^^^^^^^^^^^^^^^^^^^^^^^^^^^^^^^^^^^^^^^^^^^^^^^^
  File "/usr/local/lib/python3.12/site-packages/django/db/models/query.py", line 651, in get
    raise self.model.DoesNotExist(
assessment.models.Questionnaire.DoesNotExist: Questionnaire matching query does not exist.

======================================================================
ERROR: test_admin_can_access (assessment.tests.OrgReportViewTest.test_admin_can_access)
----------------------------------------------------------------------
Traceback (most recent call last):
  File "/app/assessment/tests.py", line 1282, in setUp
    self.q = Questionnaire.objects.get(cycle=self.cycle, organization=self.org)
             ^^^^^^^^^^^^^^^^^^^^^^^^^^^^^^^^^^^^^^^^^^^^^^^^^^^^^^^^^^^^^^^^^^
  File "/usr/local/lib/python3.12/site-packages/django/db/models/manager.py", line 87, in manager_method
    return getattr(self.get_queryset(), name)(*args, **kwargs)
           ^^^^^^^^^^^^^^^^^^^^^^^^^^^^^^^^^^^^^^^^^^^^^^^^^^^
  File "/usr/local/lib/python3.12/site-packages/django/db/models/query.py", line 651, in get
    raise self.model.DoesNotExist(
assessment.models.Questionnaire.DoesNotExist: Questionnaire matching query does not exist.

======================================================================
ERROR: test_assigned_verifier_can_access (assessment.tests.OrgReportViewTest.test_assigned_verifier_can_access)
----------------------------------------------------------------------
Traceback (most recent call last):
  File "/app/assessment/tests.py", line 1282, in setUp
    self.q = Questionnaire.objects.get(cycle=self.cycle, organization=self.org)
             ^^^^^^^^^^^^^^^^^^^^^^^^^^^^^^^^^^^^^^^^^^^^^^^^^^^^^^^^^^^^^^^^^^
  File "/usr/local/lib/python3.12/site-packages/django/db/models/manager.py", line 87, in manager_method
    return getattr(self.get_queryset(), name)(*args, **kwargs)
           ^^^^^^^^^^^^^^^^^^^^^^^^^^^^^^^^^^^^^^^^^^^^^^^^^^^
  File "/usr/local/lib/python3.12/site-packages/django/db/models/query.py", line 651, in get
    raise self.model.DoesNotExist(
assessment.models.Questionnaire.DoesNotExist: Questionnaire matching query does not exist.

======================================================================
ERROR: test_context_has_analytics (assessment.tests.OrgReportViewTest.test_context_has_analytics)
----------------------------------------------------------------------
Traceback (most recent call last):
  File "/app/assessment/tests.py", line 1282, in setUp
    self.q = Questionnaire.objects.get(cycle=self.cycle, organization=self.org)
             ^^^^^^^^^^^^^^^^^^^^^^^^^^^^^^^^^^^^^^^^^^^^^^^^^^^^^^^^^^^^^^^^^^
  File "/usr/local/lib/python3.12/site-packages/django/db/models/manager.py", line 87, in manager_method
    return getattr(self.get_queryset(), name)(*args, **kwargs)
           ^^^^^^^^^^^^^^^^^^^^^^^^^^^^^^^^^^^^^^^^^^^^^^^^^^^
  File "/usr/local/lib/python3.12/site-packages/django/db/models/query.py", line 651, in get
    raise self.model.DoesNotExist(
assessment.models.Questionnaire.DoesNotExist: Questionnaire matching query does not exist.

======================================================================
ERROR: test_context_is_admin_false_for_verifier (assessment.tests.OrgReportViewTest.test_context_is_admin_false_for_verifier)
----------------------------------------------------------------------
Traceback (most recent call last):
  File "/app/assessment/tests.py", line 1282, in setUp
    self.q = Questionnaire.objects.get(cycle=self.cycle, organization=self.org)
             ^^^^^^^^^^^^^^^^^^^^^^^^^^^^^^^^^^^^^^^^^^^^^^^^^^^^^^^^^^^^^^^^^^
  File "/usr/local/lib/python3.12/site-packages/django/db/models/manager.py", line 87, in manager_method
    return getattr(self.get_queryset(), name)(*args, **kwargs)
           ^^^^^^^^^^^^^^^^^^^^^^^^^^^^^^^^^^^^^^^^^^^^^^^^^^^
  File "/usr/local/lib/python3.12/site-packages/django/db/models/query.py", line 651, in get
    raise self.model.DoesNotExist(
assessment.models.Questionnaire.DoesNotExist: Questionnaire matching query does not exist.

======================================================================
ERROR: test_context_is_admin_flag (assessment.tests.OrgReportViewTest.test_context_is_admin_flag)
----------------------------------------------------------------------
Traceback (most recent call last):
  File "/app/assessment/tests.py", line 1282, in setUp
    self.q = Questionnaire.objects.get(cycle=self.cycle, organization=self.org)
             ^^^^^^^^^^^^^^^^^^^^^^^^^^^^^^^^^^^^^^^^^^^^^^^^^^^^^^^^^^^^^^^^^^
  File "/usr/local/lib/python3.12/site-packages/django/db/models/manager.py", line 87, in manager_method
    return getattr(self.get_queryset(), name)(*args, **kwargs)
           ^^^^^^^^^^^^^^^^^^^^^^^^^^^^^^^^^^^^^^^^^^^^^^^^^^^
  File "/usr/local/lib/python3.12/site-packages/django/db/models/query.py", line 651, in get
    raise self.model.DoesNotExist(
assessment.models.Questionnaire.DoesNotExist: Questionnaire matching query does not exist.

======================================================================
ERROR: test_unassigned_verifier_gets_403 (assessment.tests.OrgReportViewTest.test_unassigned_verifier_gets_403)
----------------------------------------------------------------------
Traceback (most recent call last):
  File "/app/assessment/tests.py", line 1282, in setUp
    self.q = Questionnaire.objects.get(cycle=self.cycle, organization=self.org)
             ^^^^^^^^^^^^^^^^^^^^^^^^^^^^^^^^^^^^^^^^^^^^^^^^^^^^^^^^^^^^^^^^^^
  File "/usr/local/lib/python3.12/site-packages/django/db/models/manager.py", line 87, in manager_method
    return getattr(self.get_queryset(), name)(*args, **kwargs)
           ^^^^^^^^^^^^^^^^^^^^^^^^^^^^^^^^^^^^^^^^^^^^^^^^^^^
  File "/usr/local/lib/python3.12/site-packages/django/db/models/query.py", line 651, in get
    raise self.model.DoesNotExist(
assessment.models.Questionnaire.DoesNotExist: Questionnaire matching query does not exist.

======================================================================
ERROR: test_pdf_assigned_verifier_access (assessment.tests.PdfExportTest.test_pdf_assigned_verifier_access)
----------------------------------------------------------------------
Traceback (most recent call last):
  File "/app/assessment/tests.py", line 1398, in setUp
    self.q = Questionnaire.objects.get(cycle=self.cycle, organization=self.org)
             ^^^^^^^^^^^^^^^^^^^^^^^^^^^^^^^^^^^^^^^^^^^^^^^^^^^^^^^^^^^^^^^^^^
  File "/usr/local/lib/python3.12/site-packages/django/db/models/manager.py", line 87, in manager_method
    return getattr(self.get_queryset(), name)(*args, **kwargs)
           ^^^^^^^^^^^^^^^^^^^^^^^^^^^^^^^^^^^^^^^^^^^^^^^^^^^
  File "/usr/local/lib/python3.12/site-packages/django/db/models/query.py", line 651, in get
    raise self.model.DoesNotExist(
assessment.models.Questionnaire.DoesNotExist: Questionnaire matching query does not exist.

======================================================================
ERROR: test_pdf_attachment_header (assessment.tests.PdfExportTest.test_pdf_attachment_header)
----------------------------------------------------------------------
Traceback (most recent call last):
  File "/app/assessment/tests.py", line 1398, in setUp
    self.q = Questionnaire.objects.get(cycle=self.cycle, organization=self.org)
             ^^^^^^^^^^^^^^^^^^^^^^^^^^^^^^^^^^^^^^^^^^^^^^^^^^^^^^^^^^^^^^^^^^
  File "/usr/local/lib/python3.12/site-packages/django/db/models/manager.py", line 87, in manager_method
    return getattr(self.get_queryset(), name)(*args, **kwargs)
           ^^^^^^^^^^^^^^^^^^^^^^^^^^^^^^^^^^^^^^^^^^^^^^^^^^^
  File "/usr/local/lib/python3.12/site-packages/django/db/models/query.py", line 651, in get
    raise self.model.DoesNotExist(
assessment.models.Questionnaire.DoesNotExist: Questionnaire matching query does not exist.

======================================================================
ERROR: test_pdf_content_type (assessment.tests.PdfExportTest.test_pdf_content_type)
----------------------------------------------------------------------
Traceback (most recent call last):
  File "/app/assessment/tests.py", line 1398, in setUp
    self.q = Questionnaire.objects.get(cycle=self.cycle, organization=self.org)
             ^^^^^^^^^^^^^^^^^^^^^^^^^^^^^^^^^^^^^^^^^^^^^^^^^^^^^^^^^^^^^^^^^^
  File "/usr/local/lib/python3.12/site-packages/django/db/models/manager.py", line 87, in manager_method
    return getattr(self.get_queryset(), name)(*args, **kwargs)
           ^^^^^^^^^^^^^^^^^^^^^^^^^^^^^^^^^^^^^^^^^^^^^^^^^^^
  File "/usr/local/lib/python3.12/site-packages/django/db/models/query.py", line 651, in get
    raise self.model.DoesNotExist(
assessment.models.Questionnaire.DoesNotExist: Questionnaire matching query does not exist.

======================================================================
ERROR: test_pdf_unassigned_verifier_denied (assessment.tests.PdfExportTest.test_pdf_unassigned_verifier_denied)
----------------------------------------------------------------------
Traceback (most recent call last):
  File "/app/assessment/tests.py", line 1398, in setUp
    self.q = Questionnaire.objects.get(cycle=self.cycle, organization=self.org)
             ^^^^^^^^^^^^^^^^^^^^^^^^^^^^^^^^^^^^^^^^^^^^^^^^^^^^^^^^^^^^^^^^^^
  File "/usr/local/lib/python3.12/site-packages/django/db/models/manager.py", line 87, in manager_method
    return getattr(self.get_queryset(), name)(*args, **kwargs)
           ^^^^^^^^^^^^^^^^^^^^^^^^^^^^^^^^^^^^^^^^^^^^^^^^^^^
  File "/usr/local/lib/python3.12/site-packages/django/db/models/query.py", line 651, in get
    raise self.model.DoesNotExist(
assessment.models.Questionnaire.DoesNotExist: Questionnaire matching query does not exist.

======================================================================
ERROR: test_preamble_shown_in_cycle_detail (assessment.tests.PreambleDisplayTest.test_preamble_shown_in_cycle_detail)
----------------------------------------------------------------------
Traceback (most recent call last):
  File "/app/assessment/tests.py", line 839, in setUp
    self.q = Questionnaire.objects.get(cycle=self.cycle, organization=self.org)
             ^^^^^^^^^^^^^^^^^^^^^^^^^^^^^^^^^^^^^^^^^^^^^^^^^^^^^^^^^^^^^^^^^^
  File "/usr/local/lib/python3.12/site-packages/django/db/models/manager.py", line 87, in manager_method
    return getattr(self.get_queryset(), name)(*args, **kwargs)
           ^^^^^^^^^^^^^^^^^^^^^^^^^^^^^^^^^^^^^^^^^^^^^^^^^^^
  File "/usr/local/lib/python3.12/site-packages/django/db/models/query.py", line 651, in get
    raise self.model.DoesNotExist(
assessment.models.Questionnaire.DoesNotExist: Questionnaire matching query does not exist.

======================================================================
ERROR: test_preamble_shown_in_questionnaire_fill (assessment.tests.PreambleDisplayTest.test_preamble_shown_in_questionnaire_fill)
----------------------------------------------------------------------
Traceback (most recent call last):
  File "/app/assessment/tests.py", line 839, in setUp
    self.q = Questionnaire.objects.get(cycle=self.cycle, organization=self.org)
             ^^^^^^^^^^^^^^^^^^^^^^^^^^^^^^^^^^^^^^^^^^^^^^^^^^^^^^^^^^^^^^^^^^
  File "/usr/local/lib/python3.12/site-packages/django/db/models/manager.py", line 87, in manager_method
    return getattr(self.get_queryset(), name)(*args, **kwargs)
           ^^^^^^^^^^^^^^^^^^^^^^^^^^^^^^^^^^^^^^^^^^^^^^^^^^^
  File "/usr/local/lib/python3.12/site-packages/django/db/models/query.py", line 651, in get
    raise self.model.DoesNotExist(
assessment.models.Questionnaire.DoesNotExist: Questionnaire matching query does not exist.

======================================================================
ERROR: test_upload_form_hidden_when_cycle_open (assessment.tests.PreambleDisplayTest.test_upload_form_hidden_when_cycle_open)
----------------------------------------------------------------------
Traceback (most recent call last):
  File "/app/assessment/tests.py", line 839, in setUp
    self.q = Questionnaire.objects.get(cycle=self.cycle, organization=self.org)
             ^^^^^^^^^^^^^^^^^^^^^^^^^^^^^^^^^^^^^^^^^^^^^^^^^^^^^^^^^^^^^^^^^^
  File "/usr/local/lib/python3.12/site-packages/django/db/models/manager.py", line 87, in manager_method
    return getattr(self.get_queryset(), name)(*args, **kwargs)
           ^^^^^^^^^^^^^^^^^^^^^^^^^^^^^^^^^^^^^^^^^^^^^^^^^^^
  File "/usr/local/lib/python3.12/site-packages/django/db/models/query.py", line 651, in get
    raise self.model.DoesNotExist(
assessment.models.Questionnaire.DoesNotExist: Questionnaire matching query does not exist.

======================================================================
ERROR: test_upload_form_shown_when_cycle_closed (assessment.tests.PreambleDisplayTest.test_upload_form_shown_when_cycle_closed)
----------------------------------------------------------------------
Traceback (most recent call last):
  File "/app/assessment/tests.py", line 839, in setUp
    self.q = Questionnaire.objects.get(cycle=self.cycle, organization=self.org)
             ^^^^^^^^^^^^^^^^^^^^^^^^^^^^^^^^^^^^^^^^^^^^^^^^^^^^^^^^^^^^^^^^^^
  File "/usr/local/lib/python3.12/site-packages/django/db/models/manager.py", line 87, in manager_method
    return getattr(self.get_queryset(), name)(*args, **kwargs)
           ^^^^^^^^^^^^^^^^^^^^^^^^^^^^^^^^^^^^^^^^^^^^^^^^^^^
  File "/usr/local/lib/python3.12/site-packages/django/db/models/query.py", line 651, in get
    raise self.model.DoesNotExist(
assessment.models.Questionnaire.DoesNotExist: Questionnaire matching query does not exist.

======================================================================
ERROR: test_categories_annotated_with_is_complete_false (assessment.tests.QuestionnaireFillContextTest.test_categories_annotated_with_is_complete_false)
----------------------------------------------------------------------
Traceback (most recent call last):
  File "/app/assessment/tests.py", line 456, in setUp
    self.q = Questionnaire.objects.get(cycle=self.cycle, organization=self.org)
             ^^^^^^^^^^^^^^^^^^^^^^^^^^^^^^^^^^^^^^^^^^^^^^^^^^^^^^^^^^^^^^^^^^
  File "/usr/local/lib/python3.12/site-packages/django/db/models/manager.py", line 87, in manager_method
    return getattr(self.get_queryset(), name)(*args, **kwargs)
           ^^^^^^^^^^^^^^^^^^^^^^^^^^^^^^^^^^^^^^^^^^^^^^^^^^^
  File "/usr/local/lib/python3.12/site-packages/django/db/models/query.py", line 651, in get
    raise self.model.DoesNotExist(
assessment.models.Questionnaire.DoesNotExist: Questionnaire matching query does not exist.

======================================================================
ERROR: test_categories_annotated_with_is_complete_true_after_answer (assessment.tests.QuestionnaireFillContextTest.test_categories_annotated_with_is_complete_true_after_answer)
----------------------------------------------------------------------
Traceback (most recent call last):
  File "/app/assessment/tests.py", line 456, in setUp
    self.q = Questionnaire.objects.get(cycle=self.cycle, organization=self.org)
             ^^^^^^^^^^^^^^^^^^^^^^^^^^^^^^^^^^^^^^^^^^^^^^^^^^^^^^^^^^^^^^^^^^
  File "/usr/local/lib/python3.12/site-packages/django/db/models/manager.py", line 87, in manager_method
    return getattr(self.get_queryset(), name)(*args, **kwargs)
           ^^^^^^^^^^^^^^^^^^^^^^^^^^^^^^^^^^^^^^^^^^^^^^^^^^^
  File "/usr/local/lib/python3.12/site-packages/django/db/models/query.py", line 651, in get
    raise self.model.DoesNotExist(
assessment.models.Questionnaire.DoesNotExist: Questionnaire matching query does not exist.

======================================================================
ERROR: test_context_has_answered_count (assessment.tests.QuestionnaireFillContextTest.test_context_has_answered_count)
----------------------------------------------------------------------
Traceback (most recent call last):
  File "/app/assessment/tests.py", line 456, in setUp
    self.q = Questionnaire.objects.get(cycle=self.cycle, organization=self.org)
             ^^^^^^^^^^^^^^^^^^^^^^^^^^^^^^^^^^^^^^^^^^^^^^^^^^^^^^^^^^^^^^^^^^
  File "/usr/local/lib/python3.12/site-packages/django/db/models/manager.py", line 87, in manager_method
    return getattr(self.get_queryset(), name)(*args, **kwargs)
           ^^^^^^^^^^^^^^^^^^^^^^^^^^^^^^^^^^^^^^^^^^^^^^^^^^^
  File "/usr/local/lib/python3.12/site-packages/django/db/models/query.py", line 651, in get
    raise self.model.DoesNotExist(
assessment.models.Questionnaire.DoesNotExist: Questionnaire matching query does not exist.

======================================================================
ERROR: test_context_has_current_category_index (assessment.tests.QuestionnaireFillContextTest.test_context_has_current_category_index)
----------------------------------------------------------------------
Traceback (most recent call last):
  File "/app/assessment/tests.py", line 456, in setUp
    self.q = Questionnaire.objects.get(cycle=self.cycle, organization=self.org)
             ^^^^^^^^^^^^^^^^^^^^^^^^^^^^^^^^^^^^^^^^^^^^^^^^^^^^^^^^^^^^^^^^^^
  File "/usr/local/lib/python3.12/site-packages/django/db/models/manager.py", line 87, in manager_method
    return getattr(self.get_queryset(), name)(*args, **kwargs)
           ^^^^^^^^^^^^^^^^^^^^^^^^^^^^^^^^^^^^^^^^^^^^^^^^^^^
  File "/usr/local/lib/python3.12/site-packages/django/db/models/query.py", line 651, in get
    raise self.model.DoesNotExist(
assessment.models.Questionnaire.DoesNotExist: Questionnaire matching query does not exist.

======================================================================
ERROR: test_context_has_total_criteria (assessment.tests.QuestionnaireFillContextTest.test_context_has_total_criteria)
----------------------------------------------------------------------
Traceback (most recent call last):
  File "/app/assessment/tests.py", line 456, in setUp
    self.q = Questionnaire.objects.get(cycle=self.cycle, organization=self.org)
             ^^^^^^^^^^^^^^^^^^^^^^^^^^^^^^^^^^^^^^^^^^^^^^^^^^^^^^^^^^^^^^^^^^
  File "/usr/local/lib/python3.12/site-packages/django/db/models/manager.py", line 87, in manager_method
    return getattr(self.get_queryset(), name)(*args, **kwargs)
           ^^^^^^^^^^^^^^^^^^^^^^^^^^^^^^^^^^^^^^^^^^^^^^^^^^^
  File "/usr/local/lib/python3.12/site-packages/django/db/models/query.py", line 651, in get
    raise self.model.DoesNotExist(
assessment.models.Questionnaire.DoesNotExist: Questionnaire matching query does not exist.

======================================================================
ERROR: test_fill_page_get_contains_quota_info (assessment.tests.QuestionnaireFillUploadTest.test_fill_page_get_contains_quota_info)
----------------------------------------------------------------------
Traceback (most recent call last):
  File "/app/assessment/tests.py", line 2019, in setUp
    self.q = Questionnaire.objects.get(cycle=self.cycle, organization=self.org)
             ^^^^^^^^^^^^^^^^^^^^^^^^^^^^^^^^^^^^^^^^^^^^^^^^^^^^^^^^^^^^^^^^^^
  File "/usr/local/lib/python3.12/site-packages/django/db/models/manager.py", line 87, in manager_method
    return getattr(self.get_queryset(), name)(*args, **kwargs)
           ^^^^^^^^^^^^^^^^^^^^^^^^^^^^^^^^^^^^^^^^^^^^^^^^^^^
  File "/usr/local/lib/python3.12/site-packages/django/db/models/query.py", line 651, in get
    raise self.model.DoesNotExist(
assessment.models.Questionnaire.DoesNotExist: Questionnaire matching query does not exist.

======================================================================
ERROR: test_upload_creates_evidence_document_and_link (assessment.tests.QuestionnaireFillUploadTest.test_upload_creates_evidence_document_and_link)
----------------------------------------------------------------------
Traceback (most recent call last):
  File "/app/assessment/tests.py", line 2019, in setUp
    self.q = Questionnaire.objects.get(cycle=self.cycle, organization=self.org)
             ^^^^^^^^^^^^^^^^^^^^^^^^^^^^^^^^^^^^^^^^^^^^^^^^^^^^^^^^^^^^^^^^^^
  File "/usr/local/lib/python3.12/site-packages/django/db/models/manager.py", line 87, in manager_method
    return getattr(self.get_queryset(), name)(*args, **kwargs)
           ^^^^^^^^^^^^^^^^^^^^^^^^^^^^^^^^^^^^^^^^^^^^^^^^^^^
  File "/usr/local/lib/python3.12/site-packages/django/db/models/query.py", line 651, in get
    raise self.model.DoesNotExist(
assessment.models.Questionnaire.DoesNotExist: Questionnaire matching query does not exist.

======================================================================
ERROR: test_submitted_view_redirects_when_not_submitted (assessment.tests.QuestionnaireSubmittedGuardTest.test_submitted_view_redirects_when_not_submitted)
----------------------------------------------------------------------
Traceback (most recent call last):
  File "/app/assessment/tests.py", line 581, in setUp
    self.q = Questionnaire.objects.get(cycle=self.cycle, organization=self.org)
             ^^^^^^^^^^^^^^^^^^^^^^^^^^^^^^^^^^^^^^^^^^^^^^^^^^^^^^^^^^^^^^^^^^
  File "/usr/local/lib/python3.12/site-packages/django/db/models/manager.py", line 87, in manager_method
    return getattr(self.get_queryset(), name)(*args, **kwargs)
           ^^^^^^^^^^^^^^^^^^^^^^^^^^^^^^^^^^^^^^^^^^^^^^^^^^^
  File "/usr/local/lib/python3.12/site-packages/django/db/models/query.py", line 651, in get
    raise self.model.DoesNotExist(
assessment.models.Questionnaire.DoesNotExist: Questionnaire matching query does not exist.

======================================================================
ERROR: test_submitted_view_renders_when_submitted (assessment.tests.QuestionnaireSubmittedGuardTest.test_submitted_view_renders_when_submitted)
----------------------------------------------------------------------
Traceback (most recent call last):
  File "/app/assessment/tests.py", line 581, in setUp
    self.q = Questionnaire.objects.get(cycle=self.cycle, organization=self.org)
             ^^^^^^^^^^^^^^^^^^^^^^^^^^^^^^^^^^^^^^^^^^^^^^^^^^^^^^^^^^^^^^^^^^
  File "/usr/local/lib/python3.12/site-packages/django/db/models/manager.py", line 87, in manager_method
    return getattr(self.get_queryset(), name)(*args, **kwargs)
           ^^^^^^^^^^^^^^^^^^^^^^^^^^^^^^^^^^^^^^^^^^^^^^^^^^^
  File "/usr/local/lib/python3.12/site-packages/django/db/models/query.py", line 651, in get
    raise self.model.DoesNotExist(
assessment.models.Questionnaire.DoesNotExist: Questionnaire matching query does not exist.

======================================================================
ERROR: test_closed_cycle_returns_403 (assessment.tests.SaveCategoryAjaxTest.test_closed_cycle_returns_403)
----------------------------------------------------------------------
Traceback (most recent call last):
  File "/app/assessment/tests.py", line 2502, in setUp
    self.q = Questionnaire.objects.get(cycle=self.cycle, organization=self.org)
             ^^^^^^^^^^^^^^^^^^^^^^^^^^^^^^^^^^^^^^^^^^^^^^^^^^^^^^^^^^^^^^^^^^
  File "/usr/local/lib/python3.12/site-packages/django/db/models/manager.py", line 87, in manager_method
    return getattr(self.get_queryset(), name)(*args, **kwargs)
           ^^^^^^^^^^^^^^^^^^^^^^^^^^^^^^^^^^^^^^^^^^^^^^^^^^^
  File "/usr/local/lib/python3.12/site-packages/django/db/models/query.py", line 651, in get
    raise self.model.DoesNotExist(
assessment.models.Questionnaire.DoesNotExist: Questionnaire matching query does not exist.

======================================================================
ERROR: test_cross_cycle_category_returns_404 (assessment.tests.SaveCategoryAjaxTest.test_cross_cycle_category_returns_404)
----------------------------------------------------------------------
Traceback (most recent call last):
  File "/app/assessment/tests.py", line 2502, in setUp
    self.q = Questionnaire.objects.get(cycle=self.cycle, organization=self.org)
             ^^^^^^^^^^^^^^^^^^^^^^^^^^^^^^^^^^^^^^^^^^^^^^^^^^^^^^^^^^^^^^^^^^
  File "/usr/local/lib/python3.12/site-packages/django/db/models/manager.py", line 87, in manager_method
    return getattr(self.get_queryset(), name)(*args, **kwargs)
           ^^^^^^^^^^^^^^^^^^^^^^^^^^^^^^^^^^^^^^^^^^^^^^^^^^^
  File "/usr/local/lib/python3.12/site-packages/django/db/models/query.py", line 651, in get
    raise self.model.DoesNotExist(
assessment.models.Questionnaire.DoesNotExist: Questionnaire matching query does not exist.

======================================================================
ERROR: test_non_member_redirected (assessment.tests.SaveCategoryAjaxTest.test_non_member_redirected)
----------------------------------------------------------------------
Traceback (most recent call last):
  File "/app/assessment/tests.py", line 2502, in setUp
    self.q = Questionnaire.objects.get(cycle=self.cycle, organization=self.org)
             ^^^^^^^^^^^^^^^^^^^^^^^^^^^^^^^^^^^^^^^^^^^^^^^^^^^^^^^^^^^^^^^^^^
  File "/usr/local/lib/python3.12/site-packages/django/db/models/manager.py", line 87, in manager_method
    return getattr(self.get_queryset(), name)(*args, **kwargs)
           ^^^^^^^^^^^^^^^^^^^^^^^^^^^^^^^^^^^^^^^^^^^^^^^^^^^
  File "/usr/local/lib/python3.12/site-packages/django/db/models/query.py", line 651, in get
    raise self.model.DoesNotExist(
assessment.models.Questionnaire.DoesNotExist: Questionnaire matching query does not exist.

======================================================================
ERROR: test_other_org_member_returns_403 (assessment.tests.SaveCategoryAjaxTest.test_other_org_member_returns_403)
----------------------------------------------------------------------
Traceback (most recent call last):
  File "/app/assessment/tests.py", line 2502, in setUp
    self.q = Questionnaire.objects.get(cycle=self.cycle, organization=self.org)
             ^^^^^^^^^^^^^^^^^^^^^^^^^^^^^^^^^^^^^^^^^^^^^^^^^^^^^^^^^^^^^^^^^^
  File "/usr/local/lib/python3.12/site-packages/django/db/models/manager.py", line 87, in manager_method
    return getattr(self.get_queryset(), name)(*args, **kwargs)
           ^^^^^^^^^^^^^^^^^^^^^^^^^^^^^^^^^^^^^^^^^^^^^^^^^^^
  File "/usr/local/lib/python3.12/site-packages/django/db/models/query.py", line 651, in get
    raise self.model.DoesNotExist(
assessment.models.Questionnaire.DoesNotExist: Questionnaire matching query does not exist.

======================================================================
ERROR: test_returns_message_with_category_name (assessment.tests.SaveCategoryAjaxTest.test_returns_message_with_category_name)
----------------------------------------------------------------------
Traceback (most recent call last):
  File "/app/assessment/tests.py", line 2502, in setUp
    self.q = Questionnaire.objects.get(cycle=self.cycle, organization=self.org)
             ^^^^^^^^^^^^^^^^^^^^^^^^^^^^^^^^^^^^^^^^^^^^^^^^^^^^^^^^^^^^^^^^^^
  File "/usr/local/lib/python3.12/site-packages/django/db/models/manager.py", line 87, in manager_method
    return getattr(self.get_queryset(), name)(*args, **kwargs)
           ^^^^^^^^^^^^^^^^^^^^^^^^^^^^^^^^^^^^^^^^^^^^^^^^^^^
  File "/usr/local/lib/python3.12/site-packages/django/db/models/query.py", line 651, in get
    raise self.model.DoesNotExist(
assessment.models.Questionnaire.DoesNotExist: Questionnaire matching query does not exist.

======================================================================
ERROR: test_returns_next_url_when_next_category_exists (assessment.tests.SaveCategoryAjaxTest.test_returns_next_url_when_next_category_exists)
----------------------------------------------------------------------
Traceback (most recent call last):
  File "/app/assessment/tests.py", line 2502, in setUp
    self.q = Questionnaire.objects.get(cycle=self.cycle, organization=self.org)
             ^^^^^^^^^^^^^^^^^^^^^^^^^^^^^^^^^^^^^^^^^^^^^^^^^^^^^^^^^^^^^^^^^^
  File "/usr/local/lib/python3.12/site-packages/django/db/models/manager.py", line 87, in manager_method
    return getattr(self.get_queryset(), name)(*args, **kwargs)
           ^^^^^^^^^^^^^^^^^^^^^^^^^^^^^^^^^^^^^^^^^^^^^^^^^^^
  File "/usr/local/lib/python3.12/site-packages/django/db/models/query.py", line 651, in get
    raise self.model.DoesNotExist(
assessment.models.Questionnaire.DoesNotExist: Questionnaire matching query does not exist.

======================================================================
ERROR: test_returns_null_next_url_for_last_category (assessment.tests.SaveCategoryAjaxTest.test_returns_null_next_url_for_last_category)
----------------------------------------------------------------------
Traceback (most recent call last):
  File "/app/assessment/tests.py", line 2502, in setUp
    self.q = Questionnaire.objects.get(cycle=self.cycle, organization=self.org)
             ^^^^^^^^^^^^^^^^^^^^^^^^^^^^^^^^^^^^^^^^^^^^^^^^^^^^^^^^^^^^^^^^^^
  File "/usr/local/lib/python3.12/site-packages/django/db/models/manager.py", line 87, in manager_method
    return getattr(self.get_queryset(), name)(*args, **kwargs)
           ^^^^^^^^^^^^^^^^^^^^^^^^^^^^^^^^^^^^^^^^^^^^^^^^^^^
  File "/usr/local/lib/python3.12/site-packages/django/db/models/query.py", line 651, in get
    raise self.model.DoesNotExist(
assessment.models.Questionnaire.DoesNotExist: Questionnaire matching query does not exist.

======================================================================
ERROR: test_saves_score_and_notes (assessment.tests.SaveCategoryAjaxTest.test_saves_score_and_notes)
----------------------------------------------------------------------
Traceback (most recent call last):
  File "/app/assessment/tests.py", line 2502, in setUp
    self.q = Questionnaire.objects.get(cycle=self.cycle, organization=self.org)
             ^^^^^^^^^^^^^^^^^^^^^^^^^^^^^^^^^^^^^^^^^^^^^^^^^^^^^^^^^^^^^^^^^^
  File "/usr/local/lib/python3.12/site-packages/django/db/models/manager.py", line 87, in manager_method
    return getattr(self.get_queryset(), name)(*args, **kwargs)
           ^^^^^^^^^^^^^^^^^^^^^^^^^^^^^^^^^^^^^^^^^^^^^^^^^^^
  File "/usr/local/lib/python3.12/site-packages/django/db/models/query.py", line 651, in get
    raise self.model.DoesNotExist(
assessment.models.Questionnaire.DoesNotExist: Questionnaire matching query does not exist.

======================================================================
ERROR: test_submitted_questionnaire_returns_403 (assessment.tests.SaveCategoryAjaxTest.test_submitted_questionnaire_returns_403)
----------------------------------------------------------------------
Traceback (most recent call last):
  File "/app/assessment/tests.py", line 2502, in setUp
    self.q = Questionnaire.objects.get(cycle=self.cycle, organization=self.org)
             ^^^^^^^^^^^^^^^^^^^^^^^^^^^^^^^^^^^^^^^^^^^^^^^^^^^^^^^^^^^^^^^^^^
  File "/usr/local/lib/python3.12/site-packages/django/db/models/manager.py", line 87, in manager_method
    return getattr(self.get_queryset(), name)(*args, **kwargs)
           ^^^^^^^^^^^^^^^^^^^^^^^^^^^^^^^^^^^^^^^^^^^^^^^^^^^
  File "/usr/local/lib/python3.12/site-packages/django/db/models/query.py", line 651, in get
    raise self.model.DoesNotExist(
assessment.models.Questionnaire.DoesNotExist: Questionnaire matching query does not exist.

======================================================================
ERROR: test_non_integer_score_does_not_crash (assessment.tests.ScoreValidationTest.test_non_integer_score_does_not_crash)
----------------------------------------------------------------------
Traceback (most recent call last):
  File "/app/assessment/tests.py", line 500, in setUp
    self.q = Questionnaire.objects.get(cycle=self.cycle, organization=self.org)
             ^^^^^^^^^^^^^^^^^^^^^^^^^^^^^^^^^^^^^^^^^^^^^^^^^^^^^^^^^^^^^^^^^^
  File "/usr/local/lib/python3.12/site-packages/django/db/models/manager.py", line 87, in manager_method
    return getattr(self.get_queryset(), name)(*args, **kwargs)
           ^^^^^^^^^^^^^^^^^^^^^^^^^^^^^^^^^^^^^^^^^^^^^^^^^^^
  File "/usr/local/lib/python3.12/site-packages/django/db/models/query.py", line 651, in get
    raise self.model.DoesNotExist(
assessment.models.Questionnaire.DoesNotExist: Questionnaire matching query does not exist.

======================================================================
ERROR: test_out_of_range_score_does_not_save (assessment.tests.ScoreValidationTest.test_out_of_range_score_does_not_save)
----------------------------------------------------------------------
Traceback (most recent call last):
  File "/app/assessment/tests.py", line 500, in setUp
    self.q = Questionnaire.objects.get(cycle=self.cycle, organization=self.org)
             ^^^^^^^^^^^^^^^^^^^^^^^^^^^^^^^^^^^^^^^^^^^^^^^^^^^^^^^^^^^^^^^^^^
  File "/usr/local/lib/python3.12/site-packages/django/db/models/manager.py", line 87, in manager_method
    return getattr(self.get_queryset(), name)(*args, **kwargs)
           ^^^^^^^^^^^^^^^^^^^^^^^^^^^^^^^^^^^^^^^^^^^^^^^^^^^
  File "/usr/local/lib/python3.12/site-packages/django/db/models/query.py", line 651, in get
    raise self.model.DoesNotExist(
assessment.models.Questionnaire.DoesNotExist: Questionnaire matching query does not exist.

======================================================================
ERROR: test_post_with_valid_score_saves_and_redirects (assessment.tests.ScoreValidationTest.test_post_with_valid_score_saves_and_redirects)
----------------------------------------------------------------------
Traceback (most recent call last):
  File "/app/assessment/tests.py", line 500, in setUp
    self.q = Questionnaire.objects.get(cycle=self.cycle, organization=self.org)
             ^^^^^^^^^^^^^^^^^^^^^^^^^^^^^^^^^^^^^^^^^^^^^^^^^^^^^^^^^^^^^^^^^^
  File "/usr/local/lib/python3.12/site-packages/django/db/models/manager.py", line 87, in manager_method
    return getattr(self.get_queryset(), name)(*args, **kwargs)
           ^^^^^^^^^^^^^^^^^^^^^^^^^^^^^^^^^^^^^^^^^^^^^^^^^^^
  File "/usr/local/lib/python3.12/site-packages/django/db/models/query.py", line 651, in get
    raise self.model.DoesNotExist(
assessment.models.Questionnaire.DoesNotExist: Questionnaire matching query does not exist.

======================================================================
ERROR: test_upload_creates_evidence_doc_and_link (assessment.tests.ScoreValidationTest.test_upload_creates_evidence_doc_and_link)
----------------------------------------------------------------------
Traceback (most recent call last):
  File "/app/assessment/tests.py", line 500, in setUp
    self.q = Questionnaire.objects.get(cycle=self.cycle, organization=self.org)
             ^^^^^^^^^^^^^^^^^^^^^^^^^^^^^^^^^^^^^^^^^^^^^^^^^^^^^^^^^^^^^^^^^^
  File "/usr/local/lib/python3.12/site-packages/django/db/models/manager.py", line 87, in manager_method
    return getattr(self.get_queryset(), name)(*args, **kwargs)
           ^^^^^^^^^^^^^^^^^^^^^^^^^^^^^^^^^^^^^^^^^^^^^^^^^^^
  File "/usr/local/lib/python3.12/site-packages/django/db/models/query.py", line 651, in get
    raise self.model.DoesNotExist(
assessment.models.Questionnaire.DoesNotExist: Questionnaire matching query does not exist.

======================================================================
ERROR: test_valid_score_saves_correctly (assessment.tests.ScoreValidationTest.test_valid_score_saves_correctly)
----------------------------------------------------------------------
Traceback (most recent call last):
  File "/app/assessment/tests.py", line 500, in setUp
    self.q = Questionnaire.objects.get(cycle=self.cycle, organization=self.org)
             ^^^^^^^^^^^^^^^^^^^^^^^^^^^^^^^^^^^^^^^^^^^^^^^^^^^^^^^^^^^^^^^^^^
  File "/usr/local/lib/python3.12/site-packages/django/db/models/manager.py", line 87, in manager_method
    return getattr(self.get_queryset(), name)(*args, **kwargs)
           ^^^^^^^^^^^^^^^^^^^^^^^^^^^^^^^^^^^^^^^^^^^^^^^^^^^
  File "/usr/local/lib/python3.12/site-packages/django/db/models/query.py", line 651, in get
    raise self.model.DoesNotExist(
assessment.models.Questionnaire.DoesNotExist: Questionnaire matching query does not exist.

======================================================================
ERROR: test_category_coverage_counts_a_criterion_once_per_category (assessment.tests.VerifierCoverageTest.test_category_coverage_counts_a_criterion_once_per_category)
----------------------------------------------------------------------
Traceback (most recent call last):
  File "/app/assessment/tests.py", line 2923, in setUp
    self.q = Questionnaire.objects.get(cycle=self.cycle, organization=self.org)
             ^^^^^^^^^^^^^^^^^^^^^^^^^^^^^^^^^^^^^^^^^^^^^^^^^^^^^^^^^^^^^^^^^^
  File "/usr/local/lib/python3.12/site-packages/django/db/models/manager.py", line 87, in manager_method
    return getattr(self.get_queryset(), name)(*args, **kwargs)
           ^^^^^^^^^^^^^^^^^^^^^^^^^^^^^^^^^^^^^^^^^^^^^^^^^^^
  File "/usr/local/lib/python3.12/site-packages/django/db/models/query.py", line 651, in get
    raise self.model.DoesNotExist(
assessment.models.Questionnaire.DoesNotExist: Questionnaire matching query does not exist.

======================================================================
ERROR: test_category_coverage_counts_covered_over_total (assessment.tests.VerifierCoverageTest.test_category_coverage_counts_covered_over_total)
----------------------------------------------------------------------
Traceback (most recent call last):
  File "/app/assessment/tests.py", line 2923, in setUp
    self.q = Questionnaire.objects.get(cycle=self.cycle, organization=self.org)
             ^^^^^^^^^^^^^^^^^^^^^^^^^^^^^^^^^^^^^^^^^^^^^^^^^^^^^^^^^^^^^^^^^^
  File "/usr/local/lib/python3.12/site-packages/django/db/models/manager.py", line 87, in manager_method
    return getattr(self.get_queryset(), name)(*args, **kwargs)
           ^^^^^^^^^^^^^^^^^^^^^^^^^^^^^^^^^^^^^^^^^^^^^^^^^^^
  File "/usr/local/lib/python3.12/site-packages/django/db/models/query.py", line 651, in get
    raise self.model.DoesNotExist(
assessment.models.Questionnaire.DoesNotExist: Questionnaire matching query does not exist.

======================================================================
ERROR: test_category_coverage_ignores_rows_on_inactive_criteria (assessment.tests.VerifierCoverageTest.test_category_coverage_ignores_rows_on_inactive_criteria)
----------------------------------------------------------------------
Traceback (most recent call last):
  File "/app/assessment/tests.py", line 2923, in setUp
    self.q = Questionnaire.objects.get(cycle=self.cycle, organization=self.org)
             ^^^^^^^^^^^^^^^^^^^^^^^^^^^^^^^^^^^^^^^^^^^^^^^^^^^^^^^^^^^^^^^^^^
  File "/usr/local/lib/python3.12/site-packages/django/db/models/manager.py", line 87, in manager_method
    return getattr(self.get_queryset(), name)(*args, **kwargs)
           ^^^^^^^^^^^^^^^^^^^^^^^^^^^^^^^^^^^^^^^^^^^^^^^^^^^
  File "/usr/local/lib/python3.12/site-packages/django/db/models/query.py", line 651, in get
    raise self.model.DoesNotExist(
assessment.models.Questionnaire.DoesNotExist: Questionnaire matching query does not exist.

======================================================================
ERROR: test_category_coverage_numeric_criterion_needs_notes (assessment.tests.VerifierCoverageTest.test_category_coverage_numeric_criterion_needs_notes)
----------------------------------------------------------------------
Traceback (most recent call last):
  File "/app/assessment/tests.py", line 2923, in setUp
    self.q = Questionnaire.objects.get(cycle=self.cycle, organization=self.org)
             ^^^^^^^^^^^^^^^^^^^^^^^^^^^^^^^^^^^^^^^^^^^^^^^^^^^^^^^^^^^^^^^^^^
  File "/usr/local/lib/python3.12/site-packages/django/db/models/manager.py", line 87, in manager_method
    return getattr(self.get_queryset(), name)(*args, **kwargs)
           ^^^^^^^^^^^^^^^^^^^^^^^^^^^^^^^^^^^^^^^^^^^^^^^^^^^
  File "/usr/local/lib/python3.12/site-packages/django/db/models/query.py", line 651, in get
    raise self.model.DoesNotExist(
assessment.models.Questionnaire.DoesNotExist: Questionnaire matching query does not exist.

======================================================================
ERROR: test_category_coverage_scopes_informal_org_to_informal_category (assessment.tests.VerifierCoverageTest.test_category_coverage_scopes_informal_org_to_informal_category)
----------------------------------------------------------------------
Traceback (most recent call last):
  File "/app/assessment/tests.py", line 2923, in setUp
    self.q = Questionnaire.objects.get(cycle=self.cycle, organization=self.org)
             ^^^^^^^^^^^^^^^^^^^^^^^^^^^^^^^^^^^^^^^^^^^^^^^^^^^^^^^^^^^^^^^^^^
  File "/usr/local/lib/python3.12/site-packages/django/db/models/manager.py", line 87, in manager_method
    return getattr(self.get_queryset(), name)(*args, **kwargs)
           ^^^^^^^^^^^^^^^^^^^^^^^^^^^^^^^^^^^^^^^^^^^^^^^^^^^
  File "/usr/local/lib/python3.12/site-packages/django/db/models/query.py", line 651, in get
    raise self.model.DoesNotExist(
assessment.models.Questionnaire.DoesNotExist: Questionnaire matching query does not exist.

======================================================================
ERROR: test_category_coverage_scopes_regular_org_to_regular_categories (assessment.tests.VerifierCoverageTest.test_category_coverage_scopes_regular_org_to_regular_categories)
----------------------------------------------------------------------
Traceback (most recent call last):
  File "/app/assessment/tests.py", line 2923, in setUp
    self.q = Questionnaire.objects.get(cycle=self.cycle, organization=self.org)
             ^^^^^^^^^^^^^^^^^^^^^^^^^^^^^^^^^^^^^^^^^^^^^^^^^^^^^^^^^^^^^^^^^^
  File "/usr/local/lib/python3.12/site-packages/django/db/models/manager.py", line 87, in manager_method
    return getattr(self.get_queryset(), name)(*args, **kwargs)
           ^^^^^^^^^^^^^^^^^^^^^^^^^^^^^^^^^^^^^^^^^^^^^^^^^^^
  File "/usr/local/lib/python3.12/site-packages/django/db/models/query.py", line 651, in get
    raise self.model.DoesNotExist(
assessment.models.Questionnaire.DoesNotExist: Questionnaire matching query does not exist.

======================================================================
ERROR: test_category_coverage_total_excludes_inactive_criteria (assessment.tests.VerifierCoverageTest.test_category_coverage_total_excludes_inactive_criteria)
----------------------------------------------------------------------
Traceback (most recent call last):
  File "/app/assessment/tests.py", line 2923, in setUp
    self.q = Questionnaire.objects.get(cycle=self.cycle, organization=self.org)
             ^^^^^^^^^^^^^^^^^^^^^^^^^^^^^^^^^^^^^^^^^^^^^^^^^^^^^^^^^^^^^^^^^^
  File "/usr/local/lib/python3.12/site-packages/django/db/models/manager.py", line 87, in manager_method
    return getattr(self.get_queryset(), name)(*args, **kwargs)
           ^^^^^^^^^^^^^^^^^^^^^^^^^^^^^^^^^^^^^^^^^^^^^^^^^^^
  File "/usr/local/lib/python3.12/site-packages/django/db/models/query.py", line 651, in get
    raise self.model.DoesNotExist(
assessment.models.Questionnaire.DoesNotExist: Questionnaire matching query does not exist.

======================================================================
ERROR: test_criterion_coverage_empty_criteria_returns_empty (assessment.tests.VerifierCoverageTest.test_criterion_coverage_empty_criteria_returns_empty)
----------------------------------------------------------------------
Traceback (most recent call last):
  File "/app/assessment/tests.py", line 2923, in setUp
    self.q = Questionnaire.objects.get(cycle=self.cycle, organization=self.org)
             ^^^^^^^^^^^^^^^^^^^^^^^^^^^^^^^^^^^^^^^^^^^^^^^^^^^^^^^^^^^^^^^^^^
  File "/usr/local/lib/python3.12/site-packages/django/db/models/manager.py", line 87, in manager_method
    return getattr(self.get_queryset(), name)(*args, **kwargs)
           ^^^^^^^^^^^^^^^^^^^^^^^^^^^^^^^^^^^^^^^^^^^^^^^^^^^
  File "/usr/local/lib/python3.12/site-packages/django/db/models/query.py", line 651, in get
    raise self.model.DoesNotExist(
assessment.models.Questionnaire.DoesNotExist: Questionnaire matching query does not exist.

======================================================================
ERROR: test_criterion_coverage_falls_back_to_username (assessment.tests.VerifierCoverageTest.test_criterion_coverage_falls_back_to_username)
----------------------------------------------------------------------
Traceback (most recent call last):
  File "/app/assessment/tests.py", line 2923, in setUp
    self.q = Questionnaire.objects.get(cycle=self.cycle, organization=self.org)
             ^^^^^^^^^^^^^^^^^^^^^^^^^^^^^^^^^^^^^^^^^^^^^^^^^^^^^^^^^^^^^^^^^^
  File "/usr/local/lib/python3.12/site-packages/django/db/models/manager.py", line 87, in manager_method
    return getattr(self.get_queryset(), name)(*args, **kwargs)
           ^^^^^^^^^^^^^^^^^^^^^^^^^^^^^^^^^^^^^^^^^^^^^^^^^^^
  File "/usr/local/lib/python3.12/site-packages/django/db/models/query.py", line 651, in get
    raise self.model.DoesNotExist(
assessment.models.Questionnaire.DoesNotExist: Questionnaire matching query does not exist.

======================================================================
ERROR: test_criterion_coverage_ignores_null_score (assessment.tests.VerifierCoverageTest.test_criterion_coverage_ignores_null_score)
----------------------------------------------------------------------
Traceback (most recent call last):
  File "/app/assessment/tests.py", line 2923, in setUp
    self.q = Questionnaire.objects.get(cycle=self.cycle, organization=self.org)
             ^^^^^^^^^^^^^^^^^^^^^^^^^^^^^^^^^^^^^^^^^^^^^^^^^^^^^^^^^^^^^^^^^^
  File "/usr/local/lib/python3.12/site-packages/django/db/models/manager.py", line 87, in manager_method
    return getattr(self.get_queryset(), name)(*args, **kwargs)
           ^^^^^^^^^^^^^^^^^^^^^^^^^^^^^^^^^^^^^^^^^^^^^^^^^^^
  File "/usr/local/lib/python3.12/site-packages/django/db/models/query.py", line 651, in get
    raise self.model.DoesNotExist(
assessment.models.Questionnaire.DoesNotExist: Questionnaire matching query does not exist.

======================================================================
ERROR: test_criterion_coverage_lists_each_verifier_oldest_first (assessment.tests.VerifierCoverageTest.test_criterion_coverage_lists_each_verifier_oldest_first)
----------------------------------------------------------------------
Traceback (most recent call last):
  File "/app/assessment/tests.py", line 2923, in setUp
    self.q = Questionnaire.objects.get(cycle=self.cycle, organization=self.org)
             ^^^^^^^^^^^^^^^^^^^^^^^^^^^^^^^^^^^^^^^^^^^^^^^^^^^^^^^^^^^^^^^^^^
  File "/usr/local/lib/python3.12/site-packages/django/db/models/manager.py", line 87, in manager_method
    return getattr(self.get_queryset(), name)(*args, **kwargs)
           ^^^^^^^^^^^^^^^^^^^^^^^^^^^^^^^^^^^^^^^^^^^^^^^^^^^
  File "/usr/local/lib/python3.12/site-packages/django/db/models/query.py", line 651, in get
    raise self.model.DoesNotExist(
assessment.models.Questionnaire.DoesNotExist: Questionnaire matching query does not exist.

======================================================================
ERROR: test_criterion_coverage_numeric_needs_notes (assessment.tests.VerifierCoverageTest.test_criterion_coverage_numeric_needs_notes)
----------------------------------------------------------------------
Traceback (most recent call last):
  File "/app/assessment/tests.py", line 2923, in setUp
    self.q = Questionnaire.objects.get(cycle=self.cycle, organization=self.org)
             ^^^^^^^^^^^^^^^^^^^^^^^^^^^^^^^^^^^^^^^^^^^^^^^^^^^^^^^^^^^^^^^^^^
  File "/usr/local/lib/python3.12/site-packages/django/db/models/manager.py", line 87, in manager_method
    return getattr(self.get_queryset(), name)(*args, **kwargs)
           ^^^^^^^^^^^^^^^^^^^^^^^^^^^^^^^^^^^^^^^^^^^^^^^^^^^
  File "/usr/local/lib/python3.12/site-packages/django/db/models/query.py", line 651, in get
    raise self.model.DoesNotExist(
assessment.models.Questionnaire.DoesNotExist: Questionnaire matching query does not exist.

======================================================================
ERROR: test_criterion_coverage_scoped_to_questionnaire (assessment.tests.VerifierCoverageTest.test_criterion_coverage_scoped_to_questionnaire)
----------------------------------------------------------------------
Traceback (most recent call last):
  File "/app/assessment/tests.py", line 2923, in setUp
    self.q = Questionnaire.objects.get(cycle=self.cycle, organization=self.org)
             ^^^^^^^^^^^^^^^^^^^^^^^^^^^^^^^^^^^^^^^^^^^^^^^^^^^^^^^^^^^^^^^^^^
  File "/usr/local/lib/python3.12/site-packages/django/db/models/manager.py", line 87, in manager_method
    return getattr(self.get_queryset(), name)(*args, **kwargs)
           ^^^^^^^^^^^^^^^^^^^^^^^^^^^^^^^^^^^^^^^^^^^^^^^^^^^
  File "/usr/local/lib/python3.12/site-packages/django/db/models/query.py", line 651, in get
    raise self.model.DoesNotExist(
assessment.models.Questionnaire.DoesNotExist: Questionnaire matching query does not exist.

======================================================================
ERROR: test_dashboard_coverage_counts_all_verifiers_not_just_viewer (assessment.tests.VerifierCoverageTest.test_dashboard_coverage_counts_all_verifiers_not_just_viewer)
----------------------------------------------------------------------
Traceback (most recent call last):
  File "/app/assessment/tests.py", line 2923, in setUp
    self.q = Questionnaire.objects.get(cycle=self.cycle, organization=self.org)
             ^^^^^^^^^^^^^^^^^^^^^^^^^^^^^^^^^^^^^^^^^^^^^^^^^^^^^^^^^^^^^^^^^^
  File "/usr/local/lib/python3.12/site-packages/django/db/models/manager.py", line 87, in manager_method
    return getattr(self.get_queryset(), name)(*args, **kwargs)
           ^^^^^^^^^^^^^^^^^^^^^^^^^^^^^^^^^^^^^^^^^^^^^^^^^^^
  File "/usr/local/lib/python3.12/site-packages/django/db/models/query.py", line 651, in get
    raise self.model.DoesNotExist(
assessment.models.Questionnaire.DoesNotExist: Questionnaire matching query does not exist.

======================================================================
ERROR: test_dashboard_coverage_none_when_not_submitted (assessment.tests.VerifierCoverageTest.test_dashboard_coverage_none_when_not_submitted)
----------------------------------------------------------------------
Traceback (most recent call last):
  File "/app/assessment/tests.py", line 2923, in setUp
    self.q = Questionnaire.objects.get(cycle=self.cycle, organization=self.org)
             ^^^^^^^^^^^^^^^^^^^^^^^^^^^^^^^^^^^^^^^^^^^^^^^^^^^^^^^^^^^^^^^^^^
  File "/usr/local/lib/python3.12/site-packages/django/db/models/manager.py", line 87, in manager_method
    return getattr(self.get_queryset(), name)(*args, **kwargs)
           ^^^^^^^^^^^^^^^^^^^^^^^^^^^^^^^^^^^^^^^^^^^^^^^^^^^
  File "/usr/local/lib/python3.12/site-packages/django/db/models/query.py", line 651, in get
    raise self.model.DoesNotExist(
assessment.models.Questionnaire.DoesNotExist: Questionnaire matching query does not exist.

======================================================================
ERROR: test_dashboard_shows_coverage_for_submitted_questionnaire (assessment.tests.VerifierCoverageTest.test_dashboard_shows_coverage_for_submitted_questionnaire)
----------------------------------------------------------------------
Traceback (most recent call last):
  File "/app/assessment/tests.py", line 2923, in setUp
    self.q = Questionnaire.objects.get(cycle=self.cycle, organization=self.org)
             ^^^^^^^^^^^^^^^^^^^^^^^^^^^^^^^^^^^^^^^^^^^^^^^^^^^^^^^^^^^^^^^^^^
  File "/usr/local/lib/python3.12/site-packages/django/db/models/manager.py", line 87, in manager_method
    return getattr(self.get_queryset(), name)(*args, **kwargs)
           ^^^^^^^^^^^^^^^^^^^^^^^^^^^^^^^^^^^^^^^^^^^^^^^^^^^
  File "/usr/local/lib/python3.12/site-packages/django/db/models/query.py", line 651, in get
    raise self.model.DoesNotExist(
assessment.models.Questionnaire.DoesNotExist: Questionnaire matching query does not exist.

======================================================================
ERROR: test_questionnaire_coverage_empty_input (assessment.tests.VerifierCoverageTest.test_questionnaire_coverage_empty_input)
----------------------------------------------------------------------
Traceback (most recent call last):
  File "/app/assessment/tests.py", line 2923, in setUp
    self.q = Questionnaire.objects.get(cycle=self.cycle, organization=self.org)
             ^^^^^^^^^^^^^^^^^^^^^^^^^^^^^^^^^^^^^^^^^^^^^^^^^^^^^^^^^^^^^^^^^^
  File "/usr/local/lib/python3.12/site-packages/django/db/models/manager.py", line 87, in manager_method
    return getattr(self.get_queryset(), name)(*args, **kwargs)
           ^^^^^^^^^^^^^^^^^^^^^^^^^^^^^^^^^^^^^^^^^^^^^^^^^^^
  File "/usr/local/lib/python3.12/site-packages/django/db/models/query.py", line 651, in get
    raise self.model.DoesNotExist(
assessment.models.Questionnaire.DoesNotExist: Questionnaire matching query does not exist.

======================================================================
ERROR: test_questionnaire_coverage_ignores_cross_org_criteria (assessment.tests.VerifierCoverageTest.test_questionnaire_coverage_ignores_cross_org_criteria)
----------------------------------------------------------------------
Traceback (most recent call last):
  File "/app/assessment/tests.py", line 2923, in setUp
    self.q = Questionnaire.objects.get(cycle=self.cycle, organization=self.org)
             ^^^^^^^^^^^^^^^^^^^^^^^^^^^^^^^^^^^^^^^^^^^^^^^^^^^^^^^^^^^^^^^^^^
  File "/usr/local/lib/python3.12/site-packages/django/db/models/manager.py", line 87, in manager_method
    return getattr(self.get_queryset(), name)(*args, **kwargs)
           ^^^^^^^^^^^^^^^^^^^^^^^^^^^^^^^^^^^^^^^^^^^^^^^^^^^
  File "/usr/local/lib/python3.12/site-packages/django/db/models/query.py", line 651, in get
    raise self.model.DoesNotExist(
assessment.models.Questionnaire.DoesNotExist: Questionnaire matching query does not exist.

======================================================================
ERROR: test_questionnaire_coverage_query_count_is_fixed (assessment.tests.VerifierCoverageTest.test_questionnaire_coverage_query_count_is_fixed)
----------------------------------------------------------------------
Traceback (most recent call last):
  File "/app/assessment/tests.py", line 2923, in setUp
    self.q = Questionnaire.objects.get(cycle=self.cycle, organization=self.org)
             ^^^^^^^^^^^^^^^^^^^^^^^^^^^^^^^^^^^^^^^^^^^^^^^^^^^^^^^^^^^^^^^^^^
  File "/usr/local/lib/python3.12/site-packages/django/db/models/manager.py", line 87, in manager_method
    return getattr(self.get_queryset(), name)(*args, **kwargs)
           ^^^^^^^^^^^^^^^^^^^^^^^^^^^^^^^^^^^^^^^^^^^^^^^^^^^
  File "/usr/local/lib/python3.12/site-packages/django/db/models/query.py", line 651, in get
    raise self.model.DoesNotExist(
assessment.models.Questionnaire.DoesNotExist: Questionnaire matching query does not exist.

======================================================================
ERROR: test_questionnaire_coverage_totals_per_questionnaire (assessment.tests.VerifierCoverageTest.test_questionnaire_coverage_totals_per_questionnaire)
----------------------------------------------------------------------
Traceback (most recent call last):
  File "/app/assessment/tests.py", line 2923, in setUp
    self.q = Questionnaire.objects.get(cycle=self.cycle, organization=self.org)
             ^^^^^^^^^^^^^^^^^^^^^^^^^^^^^^^^^^^^^^^^^^^^^^^^^^^^^^^^^^^^^^^^^^
  File "/usr/local/lib/python3.12/site-packages/django/db/models/manager.py", line 87, in manager_method
    return getattr(self.get_queryset(), name)(*args, **kwargs)
           ^^^^^^^^^^^^^^^^^^^^^^^^^^^^^^^^^^^^^^^^^^^^^^^^^^^
  File "/usr/local/lib/python3.12/site-packages/django/db/models/query.py", line 651, in get
    raise self.model.DoesNotExist(
assessment.models.Questionnaire.DoesNotExist: Questionnaire matching query does not exist.

======================================================================
ERROR: test_questionnaire_coverage_zero_when_nothing_verified (assessment.tests.VerifierCoverageTest.test_questionnaire_coverage_zero_when_nothing_verified)
----------------------------------------------------------------------
Traceback (most recent call last):
  File "/app/assessment/tests.py", line 2923, in setUp
    self.q = Questionnaire.objects.get(cycle=self.cycle, organization=self.org)
             ^^^^^^^^^^^^^^^^^^^^^^^^^^^^^^^^^^^^^^^^^^^^^^^^^^^^^^^^^^^^^^^^^^
  File "/usr/local/lib/python3.12/site-packages/django/db/models/manager.py", line 87, in manager_method
    return getattr(self.get_queryset(), name)(*args, **kwargs)
           ^^^^^^^^^^^^^^^^^^^^^^^^^^^^^^^^^^^^^^^^^^^^^^^^^^^
  File "/usr/local/lib/python3.12/site-packages/django/db/models/query.py", line 651, in get
    raise self.model.DoesNotExist(
assessment.models.Questionnaire.DoesNotExist: Questionnaire matching query does not exist.

======================================================================
ERROR: test_verify_page_category_nav_counts (assessment.tests.VerifierCoverageTest.test_verify_page_category_nav_counts)
----------------------------------------------------------------------
Traceback (most recent call last):
  File "/app/assessment/tests.py", line 2923, in setUp
    self.q = Questionnaire.objects.get(cycle=self.cycle, organization=self.org)
             ^^^^^^^^^^^^^^^^^^^^^^^^^^^^^^^^^^^^^^^^^^^^^^^^^^^^^^^^^^^^^^^^^^
  File "/usr/local/lib/python3.12/site-packages/django/db/models/manager.py", line 87, in manager_method
    return getattr(self.get_queryset(), name)(*args, **kwargs)
           ^^^^^^^^^^^^^^^^^^^^^^^^^^^^^^^^^^^^^^^^^^^^^^^^^^^
  File "/usr/local/lib/python3.12/site-packages/django/db/models/query.py", line 651, in get
    raise self.model.DoesNotExist(
assessment.models.Questionnaire.DoesNotExist: Questionnaire matching query does not exist.

======================================================================
ERROR: test_verify_page_excludes_own_work_from_chip (assessment.tests.VerifierCoverageTest.test_verify_page_excludes_own_work_from_chip)
----------------------------------------------------------------------
Traceback (most recent call last):
  File "/app/assessment/tests.py", line 2923, in setUp
    self.q = Questionnaire.objects.get(cycle=self.cycle, organization=self.org)
             ^^^^^^^^^^^^^^^^^^^^^^^^^^^^^^^^^^^^^^^^^^^^^^^^^^^^^^^^^^^^^^^^^^
  File "/usr/local/lib/python3.12/site-packages/django/db/models/manager.py", line 87, in manager_method
    return getattr(self.get_queryset(), name)(*args, **kwargs)
           ^^^^^^^^^^^^^^^^^^^^^^^^^^^^^^^^^^^^^^^^^^^^^^^^^^^
  File "/usr/local/lib/python3.12/site-packages/django/db/models/query.py", line 651, in get
    raise self.model.DoesNotExist(
assessment.models.Questionnaire.DoesNotExist: Questionnaire matching query does not exist.

======================================================================
ERROR: test_verify_page_never_reveals_other_verifier_score (assessment.tests.VerifierCoverageTest.test_verify_page_never_reveals_other_verifier_score)
The 'name + date only' decision. A leak here reintroduces anchoring.
----------------------------------------------------------------------
Traceback (most recent call last):
  File "/app/assessment/tests.py", line 2923, in setUp
    self.q = Questionnaire.objects.get(cycle=self.cycle, organization=self.org)
             ^^^^^^^^^^^^^^^^^^^^^^^^^^^^^^^^^^^^^^^^^^^^^^^^^^^^^^^^^^^^^^^^^^
  File "/usr/local/lib/python3.12/site-packages/django/db/models/manager.py", line 87, in manager_method
    return getattr(self.get_queryset(), name)(*args, **kwargs)
           ^^^^^^^^^^^^^^^^^^^^^^^^^^^^^^^^^^^^^^^^^^^^^^^^^^^
  File "/usr/local/lib/python3.12/site-packages/django/db/models/query.py", line 651, in get
    raise self.model.DoesNotExist(
assessment.models.Questionnaire.DoesNotExist: Questionnaire matching query does not exist.

======================================================================
ERROR: test_verify_page_scoring_stays_enabled_when_covered (assessment.tests.VerifierCoverageTest.test_verify_page_scoring_stays_enabled_when_covered)
The 'inform only' decision — coverage must never lock the controls.
----------------------------------------------------------------------
Traceback (most recent call last):
  File "/app/assessment/tests.py", line 2923, in setUp
    self.q = Questionnaire.objects.get(cycle=self.cycle, organization=self.org)
             ^^^^^^^^^^^^^^^^^^^^^^^^^^^^^^^^^^^^^^^^^^^^^^^^^^^^^^^^^^^^^^^^^^
  File "/usr/local/lib/python3.12/site-packages/django/db/models/manager.py", line 87, in manager_method
    return getattr(self.get_queryset(), name)(*args, **kwargs)
           ^^^^^^^^^^^^^^^^^^^^^^^^^^^^^^^^^^^^^^^^^^^^^^^^^^^
  File "/usr/local/lib/python3.12/site-packages/django/db/models/query.py", line 651, in get
    raise self.model.DoesNotExist(
assessment.models.Questionnaire.DoesNotExist: Questionnaire matching query does not exist.

======================================================================
ERROR: test_verify_page_shows_other_verifier_name (assessment.tests.VerifierCoverageTest.test_verify_page_shows_other_verifier_name)
----------------------------------------------------------------------
Traceback (most recent call last):
  File "/app/assessment/tests.py", line 2923, in setUp
    self.q = Questionnaire.objects.get(cycle=self.cycle, organization=self.org)
             ^^^^^^^^^^^^^^^^^^^^^^^^^^^^^^^^^^^^^^^^^^^^^^^^^^^^^^^^^^^^^^^^^^
  File "/usr/local/lib/python3.12/site-packages/django/db/models/manager.py", line 87, in manager_method
    return getattr(self.get_queryset(), name)(*args, **kwargs)
           ^^^^^^^^^^^^^^^^^^^^^^^^^^^^^^^^^^^^^^^^^^^^^^^^^^^
  File "/usr/local/lib/python3.12/site-packages/django/db/models/query.py", line 651, in get
    raise self.model.DoesNotExist(
assessment.models.Questionnaire.DoesNotExist: Questionnaire matching query does not exist.

======================================================================
ERROR: test_foreign_category_on_get_returns_404 (assessment.tests.VerifyCrossCycleCategoryTest.test_foreign_category_on_get_returns_404)
----------------------------------------------------------------------
Traceback (most recent call last):
  File "/app/assessment/tests.py", line 1445, in setUp
    self.q = Questionnaire.objects.get(cycle=self.cycle, organization=self.org)
             ^^^^^^^^^^^^^^^^^^^^^^^^^^^^^^^^^^^^^^^^^^^^^^^^^^^^^^^^^^^^^^^^^^
  File "/usr/local/lib/python3.12/site-packages/django/db/models/manager.py", line 87, in manager_method
    return getattr(self.get_queryset(), name)(*args, **kwargs)
           ^^^^^^^^^^^^^^^^^^^^^^^^^^^^^^^^^^^^^^^^^^^^^^^^^^^
  File "/usr/local/lib/python3.12/site-packages/django/db/models/query.py", line 651, in get
    raise self.model.DoesNotExist(
assessment.models.Questionnaire.DoesNotExist: Questionnaire matching query does not exist.

======================================================================
ERROR: test_foreign_category_on_post_returns_404 (assessment.tests.VerifyCrossCycleCategoryTest.test_foreign_category_on_post_returns_404)
----------------------------------------------------------------------
Traceback (most recent call last):
  File "/app/assessment/tests.py", line 1445, in setUp
    self.q = Questionnaire.objects.get(cycle=self.cycle, organization=self.org)
             ^^^^^^^^^^^^^^^^^^^^^^^^^^^^^^^^^^^^^^^^^^^^^^^^^^^^^^^^^^^^^^^^^^
  File "/usr/local/lib/python3.12/site-packages/django/db/models/manager.py", line 87, in manager_method
    return getattr(self.get_queryset(), name)(*args, **kwargs)
           ^^^^^^^^^^^^^^^^^^^^^^^^^^^^^^^^^^^^^^^^^^^^^^^^^^^
  File "/usr/local/lib/python3.12/site-packages/django/db/models/query.py", line 651, in get
    raise self.model.DoesNotExist(
assessment.models.Questionnaire.DoesNotExist: Questionnaire matching query does not exist.

======================================================================
ERROR: test_member_cannot_access_verifier_view_before_submit (assessment.tests.WorkflowTest.test_member_cannot_access_verifier_view_before_submit)
----------------------------------------------------------------------
Traceback (most recent call last):
  File "/app/assessment/tests.py", line 393, in setUp
    self.q = Questionnaire.objects.get(cycle=self.cycle, organization=self.org)
             ^^^^^^^^^^^^^^^^^^^^^^^^^^^^^^^^^^^^^^^^^^^^^^^^^^^^^^^^^^^^^^^^^^
  File "/usr/local/lib/python3.12/site-packages/django/db/models/manager.py", line 87, in manager_method
    return getattr(self.get_queryset(), name)(*args, **kwargs)
           ^^^^^^^^^^^^^^^^^^^^^^^^^^^^^^^^^^^^^^^^^^^^^^^^^^^
  File "/usr/local/lib/python3.12/site-packages/django/db/models/query.py", line 651, in get
    raise self.model.DoesNotExist(
assessment.models.Questionnaire.DoesNotExist: Questionnaire matching query does not exist.

======================================================================
ERROR: test_verifier_can_access_after_member_submits (assessment.tests.WorkflowTest.test_verifier_can_access_after_member_submits)
----------------------------------------------------------------------
Traceback (most recent call last):
  File "/app/assessment/tests.py", line 393, in setUp
    self.q = Questionnaire.objects.get(cycle=self.cycle, organization=self.org)
             ^^^^^^^^^^^^^^^^^^^^^^^^^^^^^^^^^^^^^^^^^^^^^^^^^^^^^^^^^^^^^^^^^^
  File "/usr/local/lib/python3.12/site-packages/django/db/models/manager.py", line 87, in manager_method
    return getattr(self.get_queryset(), name)(*args, **kwargs)
           ^^^^^^^^^^^^^^^^^^^^^^^^^^^^^^^^^^^^^^^^^^^^^^^^^^^
  File "/usr/local/lib/python3.12/site-packages/django/db/models/query.py", line 651, in get
    raise self.model.DoesNotExist(
assessment.models.Questionnaire.DoesNotExist: Questionnaire matching query does not exist.

======================================================================
ERROR: test_verifier_cannot_access_unsubmitted_questionnaire (assessment.tests.WorkflowTest.test_verifier_cannot_access_unsubmitted_questionnaire)
----------------------------------------------------------------------
Traceback (most recent call last):
  File "/app/assessment/tests.py", line 393, in setUp
    self.q = Questionnaire.objects.get(cycle=self.cycle, organization=self.org)
             ^^^^^^^^^^^^^^^^^^^^^^^^^^^^^^^^^^^^^^^^^^^^^^^^^^^^^^^^^^^^^^^^^^
  File "/usr/local/lib/python3.12/site-packages/django/db/models/manager.py", line 87, in manager_method
    return getattr(self.get_queryset(), name)(*args, **kwargs)
           ^^^^^^^^^^^^^^^^^^^^^^^^^^^^^^^^^^^^^^^^^^^^^^^^^^^
  File "/usr/local/lib/python3.12/site-packages/django/db/models/query.py", line 651, in get
    raise self.model.DoesNotExist(
assessment.models.Questionnaire.DoesNotExist: Questionnaire matching query does not exist.

======================================================================
ERROR: test_cycle_close_creates_audit_log (audit.tests.AuditLogIntegrationTest.test_cycle_close_creates_audit_log)
----------------------------------------------------------------------
Traceback (most recent call last):
  File "/app/audit/tests.py", line 96, in setUp
    self.questionnaire = Questionnaire.objects.get(cycle=self.cycle, organization=self.org)
                         ^^^^^^^^^^^^^^^^^^^^^^^^^^^^^^^^^^^^^^^^^^^^^^^^^^^^^^^^^^^^^^^^^^
  File "/usr/local/lib/python3.12/site-packages/django/db/models/manager.py", line 87, in manager_method
    return getattr(self.get_queryset(), name)(*args, **kwargs)
           ^^^^^^^^^^^^^^^^^^^^^^^^^^^^^^^^^^^^^^^^^^^^^^^^^^^
  File "/usr/local/lib/python3.12/site-packages/django/db/models/query.py", line 651, in get
    raise self.model.DoesNotExist(
assessment.models.Questionnaire.DoesNotExist: Questionnaire matching query does not exist.

======================================================================
ERROR: test_cycle_open_creates_audit_log (audit.tests.AuditLogIntegrationTest.test_cycle_open_creates_audit_log)
----------------------------------------------------------------------
Traceback (most recent call last):
  File "/app/audit/tests.py", line 96, in setUp
    self.questionnaire = Questionnaire.objects.get(cycle=self.cycle, organization=self.org)
                         ^^^^^^^^^^^^^^^^^^^^^^^^^^^^^^^^^^^^^^^^^^^^^^^^^^^^^^^^^^^^^^^^^^
  File "/usr/local/lib/python3.12/site-packages/django/db/models/manager.py", line 87, in manager_method
    return getattr(self.get_queryset(), name)(*args, **kwargs)
           ^^^^^^^^^^^^^^^^^^^^^^^^^^^^^^^^^^^^^^^^^^^^^^^^^^^
  File "/usr/local/lib/python3.12/site-packages/django/db/models/query.py", line 651, in get
    raise self.model.DoesNotExist(
assessment.models.Questionnaire.DoesNotExist: Questionnaire matching query does not exist.

======================================================================
ERROR: test_org_create_creates_audit_log (audit.tests.AuditLogIntegrationTest.test_org_create_creates_audit_log)
----------------------------------------------------------------------
Traceback (most recent call last):
  File "/app/audit/tests.py", line 96, in setUp
    self.questionnaire = Questionnaire.objects.get(cycle=self.cycle, organization=self.org)
                         ^^^^^^^^^^^^^^^^^^^^^^^^^^^^^^^^^^^^^^^^^^^^^^^^^^^^^^^^^^^^^^^^^^
  File "/usr/local/lib/python3.12/site-packages/django/db/models/manager.py", line 87, in manager_method
    return getattr(self.get_queryset(), name)(*args, **kwargs)
           ^^^^^^^^^^^^^^^^^^^^^^^^^^^^^^^^^^^^^^^^^^^^^^^^^^^
  File "/usr/local/lib/python3.12/site-packages/django/db/models/query.py", line 651, in get
    raise self.model.DoesNotExist(
assessment.models.Questionnaire.DoesNotExist: Questionnaire matching query does not exist.

======================================================================
ERROR: test_org_delete_creates_audit_log (audit.tests.AuditLogIntegrationTest.test_org_delete_creates_audit_log)
----------------------------------------------------------------------
Traceback (most recent call last):
  File "/app/audit/tests.py", line 96, in setUp
    self.questionnaire = Questionnaire.objects.get(cycle=self.cycle, organization=self.org)
                         ^^^^^^^^^^^^^^^^^^^^^^^^^^^^^^^^^^^^^^^^^^^^^^^^^^^^^^^^^^^^^^^^^^
  File "/usr/local/lib/python3.12/site-packages/django/db/models/manager.py", line 87, in manager_method
    return getattr(self.get_queryset(), name)(*args, **kwargs)
           ^^^^^^^^^^^^^^^^^^^^^^^^^^^^^^^^^^^^^^^^^^^^^^^^^^^
  File "/usr/local/lib/python3.12/site-packages/django/db/models/query.py", line 651, in get
    raise self.model.DoesNotExist(
assessment.models.Questionnaire.DoesNotExist: Questionnaire matching query does not exist.

======================================================================
ERROR: test_questionnaire_submit_creates_audit_log (audit.tests.AuditLogIntegrationTest.test_questionnaire_submit_creates_audit_log)
----------------------------------------------------------------------
Traceback (most recent call last):
  File "/app/audit/tests.py", line 96, in setUp
    self.questionnaire = Questionnaire.objects.get(cycle=self.cycle, organization=self.org)
                         ^^^^^^^^^^^^^^^^^^^^^^^^^^^^^^^^^^^^^^^^^^^^^^^^^^^^^^^^^^^^^^^^^^
  File "/usr/local/lib/python3.12/site-packages/django/db/models/manager.py", line 87, in manager_method
    return getattr(self.get_queryset(), name)(*args, **kwargs)
           ^^^^^^^^^^^^^^^^^^^^^^^^^^^^^^^^^^^^^^^^^^^^^^^^^^^
  File "/usr/local/lib/python3.12/site-packages/django/db/models/query.py", line 651, in get
    raise self.model.DoesNotExist(
assessment.models.Questionnaire.DoesNotExist: Questionnaire matching query does not exist.

======================================================================
ERROR: test_request_approve_creates_audit_log (audit.tests.AuditLogIntegrationTest.test_request_approve_creates_audit_log)
----------------------------------------------------------------------
Traceback (most recent call last):
  File "/app/audit/tests.py", line 96, in setUp
    self.questionnaire = Questionnaire.objects.get(cycle=self.cycle, organization=self.org)
                         ^^^^^^^^^^^^^^^^^^^^^^^^^^^^^^^^^^^^^^^^^^^^^^^^^^^^^^^^^^^^^^^^^^
  File "/usr/local/lib/python3.12/site-packages/django/db/models/manager.py", line 87, in manager_method
    return getattr(self.get_queryset(), name)(*args, **kwargs)
           ^^^^^^^^^^^^^^^^^^^^^^^^^^^^^^^^^^^^^^^^^^^^^^^^^^^
  File "/usr/local/lib/python3.12/site-packages/django/db/models/query.py", line 651, in get
    raise self.model.DoesNotExist(
assessment.models.Questionnaire.DoesNotExist: Questionnaire matching query does not exist.

======================================================================
ERROR: test_request_reject_creates_audit_log (audit.tests.AuditLogIntegrationTest.test_request_reject_creates_audit_log)
----------------------------------------------------------------------
Traceback (most recent call last):
  File "/app/audit/tests.py", line 96, in setUp
    self.questionnaire = Questionnaire.objects.get(cycle=self.cycle, organization=self.org)
                         ^^^^^^^^^^^^^^^^^^^^^^^^^^^^^^^^^^^^^^^^^^^^^^^^^^^^^^^^^^^^^^^^^^
  File "/usr/local/lib/python3.12/site-packages/django/db/models/manager.py", line 87, in manager_method
    return getattr(self.get_queryset(), name)(*args, **kwargs)
           ^^^^^^^^^^^^^^^^^^^^^^^^^^^^^^^^^^^^^^^^^^^^^^^^^^^
  File "/usr/local/lib/python3.12/site-packages/django/db/models/query.py", line 651, in get
    raise self.model.DoesNotExist(
assessment.models.Questionnaire.DoesNotExist: Questionnaire matching query does not exist.

======================================================================
ERROR: test_user_create_creates_audit_log (audit.tests.AuditLogIntegrationTest.test_user_create_creates_audit_log)
----------------------------------------------------------------------
Traceback (most recent call last):
  File "/app/audit/tests.py", line 96, in setUp
    self.questionnaire = Questionnaire.objects.get(cycle=self.cycle, organization=self.org)
                         ^^^^^^^^^^^^^^^^^^^^^^^^^^^^^^^^^^^^^^^^^^^^^^^^^^^^^^^^^^^^^^^^^^
  File "/usr/local/lib/python3.12/site-packages/django/db/models/manager.py", line 87, in manager_method
    return getattr(self.get_queryset(), name)(*args, **kwargs)
           ^^^^^^^^^^^^^^^^^^^^^^^^^^^^^^^^^^^^^^^^^^^^^^^^^^^
  File "/usr/local/lib/python3.12/site-packages/django/db/models/query.py", line 651, in get
    raise self.model.DoesNotExist(
assessment.models.Questionnaire.DoesNotExist: Questionnaire matching query does not exist.

======================================================================
ERROR: test_user_delete_creates_audit_log (audit.tests.AuditLogIntegrationTest.test_user_delete_creates_audit_log)
----------------------------------------------------------------------
Traceback (most recent call last):
  File "/app/audit/tests.py", line 96, in setUp
    self.questionnaire = Questionnaire.objects.get(cycle=self.cycle, organization=self.org)
                         ^^^^^^^^^^^^^^^^^^^^^^^^^^^^^^^^^^^^^^^^^^^^^^^^^^^^^^^^^^^^^^^^^^
  File "/usr/local/lib/python3.12/site-packages/django/db/models/manager.py", line 87, in manager_method
    return getattr(self.get_queryset(), name)(*args, **kwargs)
           ^^^^^^^^^^^^^^^^^^^^^^^^^^^^^^^^^^^^^^^^^^^^^^^^^^^
  File "/usr/local/lib/python3.12/site-packages/django/db/models/query.py", line 651, in get
    raise self.model.DoesNotExist(
assessment.models.Questionnaire.DoesNotExist: Questionnaire matching query does not exist.

======================================================================
ERROR: test_verifier_scores_saved_creates_audit_log (audit.tests.AuditLogIntegrationTest.test_verifier_scores_saved_creates_audit_log)
----------------------------------------------------------------------
Traceback (most recent call last):
  File "/app/audit/tests.py", line 96, in setUp
    self.questionnaire = Questionnaire.objects.get(cycle=self.cycle, organization=self.org)
                         ^^^^^^^^^^^^^^^^^^^^^^^^^^^^^^^^^^^^^^^^^^^^^^^^^^^^^^^^^^^^^^^^^^
  File "/usr/local/lib/python3.12/site-packages/django/db/models/manager.py", line 87, in manager_method
    return getattr(self.get_queryset(), name)(*args, **kwargs)
           ^^^^^^^^^^^^^^^^^^^^^^^^^^^^^^^^^^^^^^^^^^^^^^^^^^^
  File "/usr/local/lib/python3.12/site-packages/django/db/models/query.py", line 651, in get
    raise self.model.DoesNotExist(
assessment.models.Questionnaire.DoesNotExist: Questionnaire matching query does not exist.

======================================================================
FAIL: test_opening_cycle_creates_questionnaires_for_all_active_orgs (assessment.tests.AwardCycleTest.test_opening_cycle_creates_questionnaires_for_all_active_orgs)
----------------------------------------------------------------------
Traceback (most recent call last):
  File "/app/assessment/tests.py", line 95, in test_opening_cycle_creates_questionnaires_for_all_active_orgs
    self.assertTrue(Questionnaire.objects.filter(cycle=cycle, organization=org1).exists())
AssertionError: False is not true

======================================================================
FAIL: test_questionnaires_created_when_cycle_opens (assessment.tests.AwardCycleTest.test_questionnaires_created_when_cycle_opens)
----------------------------------------------------------------------
Traceback (most recent call last):
  File "/app/assessment/tests.py", line 77, in test_questionnaires_created_when_cycle_opens
    self.assertEqual(Questionnaire.objects.filter(cycle=cycle, organization=org).count(), 1)
AssertionError: 0 != 1

======================================================================
FAIL: test_parser_creates_category (assessment.tests.ExcelParserTest.test_parser_creates_category)
----------------------------------------------------------------------
Traceback (most recent call last):
  File "/app/assessment/tests.py", line 129, in test_parser_creates_category
    self.assertTrue(AssessmentCategory.objects.filter(cycle=self.cycle, name='Leadership').exists())
AssertionError: False is not true

======================================================================
FAIL: test_parser_creates_criteria (assessment.tests.ExcelParserTest.test_parser_creates_criteria)
----------------------------------------------------------------------
Traceback (most recent call last):
  File "/app/assessment/tests.py", line 134, in test_parser_creates_criteria
    self.assertEqual(Criterion.objects.filter(category__cycle=self.cycle).count(), 2)
AssertionError: 0 != 2

======================================================================
FAIL: test_kpis (share.tests.BuildSubmissionReportTest.test_kpis)
----------------------------------------------------------------------
Traceback (most recent call last):
  File "/app/share/tests.py", line 97, in test_kpis
    self.assertEqual(kpis['submitted_count'], 1)
AssertionError: 0 != 1

======================================================================
FAIL: test_submitted_flag_and_timestamp (share.tests.BuildSubmissionReportTest.test_submitted_flag_and_timestamp)
----------------------------------------------------------------------
Traceback (most recent call last):
  File "/app/share/tests.py", line 114, in test_submitted_flag_and_timestamp
    self.assertTrue(rows['Alpha Ltd']['submitted'])
AssertionError: False is not true

----------------------------------------------------------------------
Ran 556 tests in 360.049s

FAILED (failures=6, errors=212)
Destroying test database for alias 'default' ('test_eya_questionnaire')...
